Component: Arm Compiler for Embedded 6.21 Tool: armlink [5ec1fa00]

==============================================================================

Section Cross References

    main.o(.text.initUART2) refers to aeabi_sdiv.o(.text) for __aeabi_uidiv
    main.o(.text.initUART2) refers to main.o(.text.__NVIC_SetPriority) for __NVIC_SetPriority
    main.o(.text.initUART2) refers to main.o(.text.__NVIC_ClearPendingIRQ) for __NVIC_ClearPendingIRQ
    main.o(.text.initUART2) refers to main.o(.text.__NVIC_EnableIRQ) for __NVIC_EnableIRQ
    main.o(.ARM.exidx.text.initUART2) refers to main.o(.text.initUART2) for [Anonymous Symbol]
    main.o(.ARM.exidx.text.__NVIC_SetPriority) refers to main.o(.text.__NVIC_SetPriority) for [Anonymous Symbol]
    main.o(.ARM.exidx.text.__NVIC_ClearPendingIRQ) refers to main.o(.text.__NVIC_ClearPendingIRQ) for [Anonymous Symbol]
    main.o(.ARM.exidx.text.__NVIC_EnableIRQ) refers to main.o(.text.__NVIC_EnableIRQ) for [Anonymous Symbol]
    main.o(.ARM.exidx.text.moveStop) refers to main.o(.text.moveStop) for [Anonymous Symbol]
    main.o(.text.moveForward) refers to fflti.o(.text) for __aeabi_i2f
    main.o(.text.moveForward) refers to fdiv.o(.text) for __aeabi_fdiv
    main.o(.text.moveForward) refers to fmul.o(x$fpl$fmul) for __aeabi_fmul
    main.o(.text.moveForward) refers to ffixi.o(.text) for __aeabi_f2iz
    main.o(.ARM.exidx.text.moveForward) refers to main.o(.text.moveForward) for [Anonymous Symbol]
    main.o(.text.moveBackward) refers to fflti.o(.text) for __aeabi_i2f
    main.o(.text.moveBackward) refers to fdiv.o(.text) for __aeabi_fdiv
    main.o(.text.moveBackward) refers to fmul.o(x$fpl$fmul) for __aeabi_fmul
    main.o(.text.moveBackward) refers to ffixi.o(.text) for __aeabi_f2iz
    main.o(.ARM.exidx.text.moveBackward) refers to main.o(.text.moveBackward) for [Anonymous Symbol]
    main.o(.text.moveLeft) refers to fflti.o(.text) for __aeabi_i2f
    main.o(.text.moveLeft) refers to fdiv.o(.text) for __aeabi_fdiv
    main.o(.text.moveLeft) refers to fmul.o(x$fpl$fmul) for __aeabi_fmul
    main.o(.text.moveLeft) refers to ffixi.o(.text) for __aeabi_f2iz
    main.o(.ARM.exidx.text.moveLeft) refers to main.o(.text.moveLeft) for [Anonymous Symbol]
    main.o(.text.moveRight) refers to fflti.o(.text) for __aeabi_i2f
    main.o(.text.moveRight) refers to fdiv.o(.text) for __aeabi_fdiv
    main.o(.text.moveRight) refers to fmul.o(x$fpl$fmul) for __aeabi_fmul
    main.o(.text.moveRight) refers to ffixi.o(.text) for __aeabi_f2iz
    main.o(.ARM.exidx.text.moveRight) refers to main.o(.text.moveRight) for [Anonymous Symbol]
    main.o(.ARM.exidx.text.initMotors) refers to main.o(.text.initMotors) for [Anonymous Symbol]
    main.o(.ARM.exidx.text.delay) refers to main.o(.text.delay) for [Anonymous Symbol]
    main.o(.ARM.exidx.text.PWM_Init) refers to main.o(.text.PWM_Init) for [Anonymous Symbol]
    main.o(.text.audioConnEst) refers to aeabi_sdiv.o(.text) for __aeabi_uidiv
    main.o(.text.audioConnEst) refers to rtx_delay.o(.text.osDelay) for osDelay
    main.o(.text.audioConnEst) refers to main.o(.data.songConnEst) for [Anonymous Symbol]
    main.o(.ARM.exidx.text.audioConnEst) refers to main.o(.text.audioConnEst) for [Anonymous Symbol]
    main.o(.text.audioSong) refers to aeabi_sdiv.o(.text) for __aeabi_uidiv
    main.o(.text.audioSong) refers to rtx_delay.o(.text.osDelay) for osDelay
    main.o(.text.audioSong) refers to main.o(.data.songMain) for [Anonymous Symbol]
    main.o(.ARM.exidx.text.audioSong) refers to main.o(.text.audioSong) for [Anonymous Symbol]
    main.o(.text.audioRunFin) refers to aeabi_sdiv.o(.text) for __aeabi_uidiv
    main.o(.text.audioRunFin) refers to dflti.o(.text) for __aeabi_i2d
    main.o(.text.audioRunFin) refers to ddiv.o(.text) for __aeabi_ddiv
    main.o(.text.audioRunFin) refers to dfixui.o(.text) for __aeabi_d2uiz
    main.o(.text.audioRunFin) refers to rtx_delay.o(.text.osDelay) for osDelay
    main.o(.text.audioRunFin) refers to main.o(.data.songRunFin) for [Anonymous Symbol]
    main.o(.text.audioRunFin) refers to main.o(.data.songFirstSectionDurations) for [Anonymous Symbol]
    main.o(.ARM.exidx.text.audioRunFin) refers to main.o(.text.audioRunFin) for [Anonymous Symbol]
    main.o(.text.playNote) refers to aeabi_sdiv.o(.text) for __aeabi_idiv
    main.o(.text.playNote) refers to dflti.o(.text) for __aeabi_i2d
    main.o(.text.playNote) refers to ddiv.o(.text) for __aeabi_ddiv
    main.o(.text.playNote) refers to dfixui.o(.text) for __aeabi_d2uiz
    main.o(.text.playNote) refers to rtx_delay.o(.text.osDelay) for osDelay
    main.o(.ARM.exidx.text.playNote) refers to main.o(.text.playNote) for [Anonymous Symbol]
    main.o(.text.firstSection) refers to main.o(.text.playNote) for playNote
    main.o(.text.firstSection) refers to rtx_delay.o(.text.osDelay) for osDelay
    main.o(.ARM.exidx.text.firstSection) refers to main.o(.text.firstSection) for [Anonymous Symbol]
[...]
    .text                                    0x00000398   Section        0  dflti.o(.text)
    .text                                    0x000003f0   Section        0  exit.o(.text)
    .ARM.__at_0x400                          0x00000400   Section       16  startup_mkl25z4.o(.ARM.__at_0x400)
    .text                                    0x00000410   Section      364  aeabi_sdiv.o(.text)
    .text                                    0x0000057c   Section        0  ddiv.o(.text)
    .text                                    0x000009c4   Section        0  fdiv.o(.text)
    .text                                    0x00000b24   Section        0  ffixi.o(.text)
    .text                                    0x00000b70   Section        0  fflti.o(.text)
    .text                                    0x00000bce   Section       62  sys_stackheap_outer.o(.text)
    .text                                    0x00000c0c   Section        8  libspace.o(.text)
    .text                                    0x00000c14   Section        0  sys_exit.o(.text)
    .text                                    0x00000c20   Section        2  use_no_semi.o(.text)
    .text                                    0x00000c22   Section        0  indicate_semi.o(.text)
    .text                                    0x00000c22   Section        0  __dczerorl2.o(.text)
    MessageQueueGet                          0x00000c79   Thumb Code    76  rtx_msgqueue.o(.text.MessageQueueGet)
    [Anonymous Symbol]                       0x00000c78   Section        0  rtx_msgqueue.o(.text.MessageQueueGet)
    MessageQueuePut                          0x00000cc5   Thumb Code    98  rtx_msgqueue.o(.text.MessageQueuePut)
    [Anonymous Symbol]                       0x00000cc4   Section        0  rtx_msgqueue.o(.text.MessageQueuePut)
    MessageQueueRemove                       0x00000d27   Thumb Code    30  rtx_msgqueue.o(.text.MessageQueueRemove)
    [Anonymous Symbol]                       0x00000d26   Section        0  rtx_msgqueue.o(.text.MessageQueueRemove)
    [Anonymous Symbol]                       0x00000d44   Section        0  os_systick.o(.text.OS_Tick_AcknowledgeIRQ)
    [Anonymous Symbol]                       0x00000d4c   Section        0  os_systick.o(.text.OS_Tick_Enable)
    __arm_cp.1_1                             0x00000d6c   Number         4  os_systick.o(.text.OS_Tick_Enable)
    [Anonymous Symbol]                       0x00000d70   Section        0  os_systick.o(.text.OS_Tick_GetIRQn)
    [Anonymous Symbol]                       0x00000d78   Section        0  os_systick.o(.text.OS_Tick_Setup)
    __arm_cp.0_1                             0x00000db4   Number         4  os_systick.o(.text.OS_Tick_Setup)
    __arm_cp.0_2                             0x00000db8   Number         4  os_systick.o(.text.OS_Tick_Setup)
    __arm_cp.0_3                             0x00000dbc   Number         4  os_systick.o(.text.OS_Tick_Setup)
    [Anonymous Symbol]                       0x00000dc0   Section        0  main.o(.text.PWM_Init)
    __arm_cp.11_0                            0x00000e18   Number         4  main.o(.text.PWM_Init)
    __arm_cp.11_1                            0x00000e1c   Number         4  main.o(.text.PWM_Init)
    __arm_cp.11_2                            0x00000e20   Number         4  main.o(.text.PWM_Init)
    __arm_cp.11_3                            0x00000e24   Number         4  main.o(.text.PWM_Init)
    __arm_cp.11_4                            0x00000e28   Number         4  main.o(.text.PWM_Init)
    __arm_cp.11_5                            0x00000e2c   Number         4  main.o(.text.PWM_Init)
    __arm_cp.11_6                            0x00000e30   Number         4  main.o(.text.PWM_Init)
    __arm_cp.11_7                            0x00000e34   Number         4  main.o(.text.PWM_Init)
    __arm_cp.11_8                            0x00000e38   Number         4  main.o(.text.PWM_Init)
    [Anonymous Symbol]                       0x00000e3c   Section        0  main.o(.text.RedBlink)
    __arm_cp.26_0                            0x00000e64   Number         4  main.o(.text.RedBlink)
    __arm_cp.26_1                            0x00000e68   Number         4  main.o(.text.RedBlink)
    [Anonymous Symbol]                       0x00000e6c   Section        0  system_mkl25z4.o(.text.SystemCoreClockUpdate)
    __arm_cp.1_0                             0x00001068   Number         4  system_mkl25z4.o(.text.SystemCoreClockUpdate)
    __arm_cp.1_1                             0x0000106c   Number         4  system_mkl25z4.o(.text.SystemCoreClockUpdate)
    __arm_cp.1_2                             0x00001070   Number         4  system_mkl25z4.o(.text.SystemCoreClockUpdate)
    __arm_cp.1_3                             0x00001074   Number         4  system_mkl25z4.o(.text.SystemCoreClockUpdate)
    __arm_cp.1_4                             0x00001078   Number         4  system_mkl25z4.o(.text.SystemCoreClockUpdate)
    __arm_cp.1_5                             0x0000107c   Number         4  system_mkl25z4.o(.text.SystemCoreClockUpdate)
    __arm_cp.1_6                             0x00001080   Number         4  system_mkl25z4.o(.text.SystemCoreClockUpdate)
    __arm_cp.1_7                             0x00001084   Number         4  system_mkl25z4.o(.text.SystemCoreClockUpdate)
    __arm_cp.1_8                             0x00001088   Number         4  system_mkl25z4.o(.text.SystemCoreClockUpdate)
    __arm_cp.1_9                             0x0000108c   Number         4  system_mkl25z4.o(.text.SystemCoreClockUpdate)
    __arm_cp.1_10                            0x00001090   Number         4  system_mkl25z4.o(.text.SystemCoreClockUpdate)
    __arm_cp.1_11                            0x00001094   Number         4  system_mkl25z4.o(.text.SystemCoreClockUpdate)
    [Anonymous Symbol]                       0x00001098   Section        0  system_mkl25z4.o(.text.SystemInit)
    __arm_cp.0_0                             0x000010a0   Number         4  system_mkl25z4.o(.text.SystemInit)
    ThreadFlagsCheck                         0x000010a5   Thumb Code    78  rtx_thread.o(.text.ThreadFlagsCheck)
    [Anonymous Symbol]                       0x000010a4   Section        0  rtx_thread.o(.text.ThreadFlagsCheck)
    TimerInsert                              0x000010f5   Thumb Code    76  rtx_timer.o(.text.TimerInsert)
    [Anonymous Symbol]                       0x000010f4   Section        0  rtx_timer.o(.text.TimerInsert)
    __arm_cp.8_0                             0x0000113c   Number         4  rtx_timer.o(.text.TimerInsert)
    [Anonymous Symbol]                       0x00001140   Section        0  main.o(.text.UART2_IRQHandler)
    __arm_cp.27_0                            0x00001160   Number         4  main.o(.text.UART2_IRQHandler)
    __arm_cp.27_1                            0x00001164   Number         4  main.o(.text.UART2_IRQHandler)
    __arm_cp.27_2                            0x00001168   Number         4  main.o(.text.UART2_IRQHandler)
    __NVIC_ClearPendingIRQ                   0x0000116d   Thumb Code    40  main.o(.text.__NVIC_ClearPendingIRQ)
    [Anonymous Symbol]                       0x0000116c   Section        0  main.o(.text.__NVIC_ClearPendingIRQ)
    __arm_cp.2_0                             0x00001194   Number         4  main.o(.text.__NVIC_ClearPendingIRQ)
    __NVIC_EnableIRQ                         0x00001199   Thumb Code    40  main.o(.text.__NVIC_EnableIRQ)
    [Anonymous Symbol]                       0x00001198   Section        0  main.o(.text.__NVIC_EnableIRQ)
    __arm_cp.3_0                             0x000011c0   Number         4  main.o(.text.__NVIC_EnableIRQ)
    __NVIC_SetPriority                       0x000011c5   Thumb Code   124  main.o(.text.__NVIC_SetPriority)
    [Anonymous Symbol]                       0x000011c4   Section        0  main.o(.text.__NVIC_SetPriority)
    __arm_cp.1_0                             0x00001240   Number         4  main.o(.text.__NVIC_SetPriority)
    __arm_cp.1_1                             0x00001244   Number         4  main.o(.text.__NVIC_SetPriority)
    __tagsym$$used.1                         0x00001248   Number         0  rtx_lib.o(.text._mutex_acquire)
    [Anonymous Symbol]                       0x00001248   Section        0  rtx_lib.o(.text._mutex_acquire)
    __tagsym$$used.3                         0x0000126a   Number         0  rtx_lib.o(.text._mutex_free)
    [Anonymous Symbol]                       0x0000126a   Section        0  rtx_lib.o(.text._mutex_free)
    __tagsym$$used.0                         0x0000127c   Number         0  rtx_lib.o(.text._mutex_initialize)
    [Anonymous Symbol]                       0x0000127c   Section        0  rtx_lib.o(.text._mutex_initialize)
    __tagsym$$used.2                         0x000012b0   Number         0  rtx_lib.o(.text._mutex_release)
    [Anonymous Symbol]                       0x000012b0   Section        0  rtx_lib.o(.text._mutex_release)
    [Anonymous Symbol]                       0x000012ce   Section        0  rtx_lib.o(.text._platform_post_stackheap_init)
    [Anonymous Symbol]                       0x000012d8   Section        0  main.o(.text.audioRunFin)
    __arm_cp.14_2                            0x0000133c   Number         4  main.o(.text.audioRunFin)
    __arm_cp.14_4                            0x00001340   Number         4  main.o(.text.audioRunFin)
    __arm_cp.14_5                            0x00001344   Number         4  main.o(.text.audioRunFin)
    __arm_cp.14_6                            0x00001348   Number         4  main.o(.text.audioRunFin)
    [Anonymous Symbol]                       0x0000134c   Section        0  main.o(.text.audioSong)
    __arm_cp.13_0                            0x0000138c   Number         4  main.o(.text.audioSong)
    __arm_cp.13_1                            0x00001390   Number         4  main.o(.text.audioSong)
    __arm_cp.13_2                            0x00001394   Number         4  main.o(.text.audioSong)
    __arm_cp.13_3                            0x00001398   Number         4  main.o(.text.audioSong)
    [Anonymous Symbol]                       0x0000139c   Section        0  main.o(.text.flashGreen)
    __arm_cp.25_0                            0x00001454   Number         4  main.o(.text.flashGreen)
    __arm_cp.25_1                            0x00001458   Number         4  main.o(.text.flashGreen)
    __arm_cp.25_2                            0x0000145c   Number         4  main.o(.text.flashGreen)
    __arm_cp.25_3                            0x00001460   Number         4  main.o(.text.flashGreen)
    __arm_cp.25_4                            0x00001464   Number         4  main.o(.text.flashGreen)
    __arm_cp.25_5                            0x00001468   Number         4  main.o(.text.flashGreen)
    __arm_cp.25_6                            0x0000146c   Number         4  main.o(.text.flashGreen)
    __arm_cp.25_7                            0x00001470   Number         4  main.o(.text.flashGreen)
    [Anonymous Symbol]                       0x00001474   Section        0  main.o(.text.initLED)
    __arm_cp.24_1                            0x00001554   Number         4  main.o(.text.initLED)
    __arm_cp.24_3                            0x00001558   Number         4  main.o(.text.initLED)
    __arm_cp.24_4                            0x0000155c   Number         4  main.o(.text.initLED)
    __arm_cp.24_5                            0x00001560   Number         4  main.o(.text.initLED)
    __arm_cp.24_6                            0x00001564   Number         4  main.o(.text.initLED)
    __arm_cp.24_7                            0x00001568   Number         4  main.o(.text.initLED)
    __arm_cp.24_8                            0x0000156c   Number         4  main.o(.text.initLED)
    __arm_cp.24_9                            0x00001570   Number         4  main.o(.text.initLED)
    __arm_cp.24_10                           0x00001574   Number         4  main.o(.text.initLED)
    __arm_cp.24_11                           0x00001578   Number         4  main.o(.text.initLED)
    __arm_cp.24_12                           0x0000157c   Number         4  main.o(.text.initLED)
    __arm_cp.24_13                           0x00001580   Number         4  main.o(.text.initLED)
    __arm_cp.24_14                           0x00001584   Number         4  main.o(.text.initLED)
    [Anonymous Symbol]                       0x00001588   Section        0  main.o(.text.initMotors)
    __arm_cp.9_1                             0x00001658   Number         4  main.o(.text.initMotors)
    __arm_cp.9_3                             0x0000165c   Number         4  main.o(.text.initMotors)
    __arm_cp.9_4                             0x00001660   Number         4  main.o(.text.initMotors)
    __arm_cp.9_5                             0x00001664   Number         4  main.o(.text.initMotors)
    __arm_cp.9_6                             0x00001668   Number         4  main.o(.text.initMotors)
    __arm_cp.9_7                             0x0000166c   Number         4  main.o(.text.initMotors)
    __arm_cp.9_9                             0x00001670   Number         4  main.o(.text.initMotors)
    __arm_cp.9_10                            0x00001674   Number         4  main.o(.text.initMotors)
    __arm_cp.9_11                            0x00001678   Number         4  main.o(.text.initMotors)
    __arm_cp.9_12                            0x0000167c   Number         4  main.o(.text.initMotors)
    __arm_cp.9_13                            0x00001680   Number         4  main.o(.text.initMotors)
    __arm_cp.9_14                            0x00001684   Number         4  main.o(.text.initMotors)
    [Anonymous Symbol]                       0x00001688   Section        0  main.o(.text.initUART2)
    __arm_cp.0_0                             0x00001740   Number         4  main.o(.text.initUART2)
    __arm_cp.0_1                             0x00001744   Number         4  main.o(.text.initUART2)
    __arm_cp.0_2                             0x00001748   Number         4  main.o(.text.initUART2)
    __arm_cp.0_3                             0x0000174c   Number         4  main.o(.text.initUART2)
    __arm_cp.0_4                             0x00001750   Number         4  main.o(.text.initUART2)
    __arm_cp.0_5                             0x00001754   Number         4  main.o(.text.initUART2)
    __arm_cp.0_6                             0x00001758   Number         4  main.o(.text.initUART2)
    __arm_cp.0_7                             0x0000175c   Number         4  main.o(.text.initUART2)
    __arm_cp.0_8                             0x00001760   Number         4  main.o(.text.initUART2)
    __arm_cp.0_9                             0x00001764   Number         4  main.o(.text.initUART2)
    __arm_cp.0_10                            0x00001768   Number         4  main.o(.text.initUART2)
    [Anonymous Symbol]                       0x0000176c   Section        0  main.o(.text.main)
    __arm_cp.29_0                            0x000017c0   Number         4  main.o(.text.main)
    __arm_cp.29_1                            0x000017c4   Number         4  main.o(.text.main)
    __arm_cp.29_2                            0x000017c8   Number         4  main.o(.text.main)
    __arm_cp.29_3                            0x000017cc   Number         4  main.o(.text.main)
    [Anonymous Symbol]                       0x000017d0   Section        0  main.o(.text.moveBackward)
    [Anonymous Symbol]                       0x00001848   Section        0  main.o(.text.moveForward)
    [Anonymous Symbol]                       0x000018c0   Section        0  main.o(.text.moveLeft)
    __arm_cp.7_2                             0x00001938   Number         4  main.o(.text.moveLeft)
    [Anonymous Symbol]                       0x0000193c   Section        0  main.o(.text.moveRight)
    __arm_cp.8_0                             0x000019b0   Number         4  main.o(.text.moveRight)
    __arm_cp.8_1                             0x000019b4   Number         4  main.o(.text.moveRight)
    [Anonymous Symbol]                       0x000019b8   Section        0  main.o(.text.moveStop)
    __arm_cp.4_0                             0x000019cc   Number         4  main.o(.text.moveStop)
    __arm_cp.4_1                             0x000019d0   Number         4  main.o(.text.moveStop)
    __arm_cp.4_2                             0x000019d4   Number         4  main.o(.text.moveStop)
    __arm_cp.4_3                             0x000019d8   Number         4  main.o(.text.moveStop)
    [Anonymous Symbol]                       0x000019dc   Section        0  main.o(.text.music)
    __arm_cp.22_0                            0x00001a24   Number         4  main.o(.text.music)
    __arm_cp.22_1                            0x00001a28   Number         4  main.o(.text.music)
    [Anonymous Symbol]                       0x00001a2c   Section        0  rtx_delay.o(.text.osDelay)
    __arm_cp.0_0                             0x00001a50   Number         4  rtx_delay.o(.text.osDelay)
    [Anonymous Symbol]                       0x00001a54   Section        0  rtx_kernel.o(.text.osKernelGetState)
    __arm_cp.4_0                             0x00001a7c   Number         4  rtx_kernel.o(.text.osKernelGetState)
    __arm_cp.4_1                             0x00001a80   Number         4  rtx_kernel.o(.text.osKernelGetState)
    [Anonymous Symbol]                       0x00001a84   Section        0  rtx_kernel.o(.text.osKernelInitialize)
    __arm_cp.1_0                             0x00001aa8   Number         4  rtx_kernel.o(.text.osKernelInitialize)
    [Anonymous Symbol]                       0x00001aac   Section        0  rtx_kernel.o(.text.osKernelStart)
    __arm_cp.6_0                             0x00001acc   Number         4  rtx_kernel.o(.text.osKernelStart)
    [Anonymous Symbol]                       0x00001ad0   Section        0  rtx_msgqueue.o(.text.osMessageQueueGet)
    __arm_cp.3_0                             0x00001b40   Number         4  rtx_msgqueue.o(.text.osMessageQueueGet)
    [Anonymous Symbol]                       0x00001b44   Section        0  rtx_msgqueue.o(.text.osMessageQueueNew)
    __arm_cp.0_0                             0x00001b64   Number         4  rtx_msgqueue.o(.text.osMessageQueueNew)
    [Anonymous Symbol]                       0x00001b68   Section        0  rtx_msgqueue.o(.text.osMessageQueuePut)
    __arm_cp.2_0                             0x00001bdc   Number         4  rtx_msgqueue.o(.text.osMessageQueuePut)
    [Anonymous Symbol]                       0x00001be0   Section        0  rtx_mutex.o(.text.osMutexAcquire)
    __arm_cp.3_0                             0x00001c04   Number         4  rtx_mutex.o(.text.osMutexAcquire)
    [Anonymous Symbol]                       0x00001c08   Section        0  rtx_mutex.o(.text.osMutexDelete)
    __arm_cp.6_0                             0x00001c2c   Number         4  rtx_mutex.o(.text.osMutexDelete)
    [Anonymous Symbol]                       0x00001c30   Section        0  rtx_mutex.o(.text.osMutexNew)
    __arm_cp.1_0                             0x00001c50   Number         4  rtx_mutex.o(.text.osMutexNew)
    [Anonymous Symbol]                       0x00001c54   Section        0  rtx_mutex.o(.text.osMutexRelease)
    __arm_cp.4_0                             0x00001c78   Number         4  rtx_mutex.o(.text.osMutexRelease)
    [Anonymous Symbol]                       0x00001c7c   Section        0  rtx_config.o(.text.osRtxErrorNotify)
    [Anonymous Symbol]                       0x00001cbc   Section        0  rtx_config.o(.text.osRtxIdleThread)
    [Anonymous Symbol]                       0x00001cc4   Section        0  rtx_kernel.o(.text.osRtxKernelPreInit)
    [Anonymous Symbol]                       0x00001cc6   Section        0  rtx_memory.o(.text.osRtxMemoryAlloc)
    [Anonymous Symbol]                       0x00001d42   Section        0  rtx_memory.o(.text.osRtxMemoryFree)
    [Anonymous Symbol]                       0x00001d90   Section        0  rtx_memory.o(.text.osRtxMemoryInit)
    [Anonymous Symbol]                       0x00001dc2   Section        0  rtx_mempool.o(.text.osRtxMemoryPoolAlloc)
    [Anonymous Symbol]                       0x00001df0   Section        0  rtx_mempool.o(.text.osRtxMemoryPoolFree)
    [Anonymous Symbol]                       0x00001e2a   Section        0  rtx_mempool.o(.text.osRtxMemoryPoolInit)
    osRtxMessageQueuePostProcess             0x00001e69   Thumb Code   188  rtx_msgqueue.o(.text.osRtxMessageQueuePostProcess)
    [Anonymous Symbol]                       0x00001e68   Section        0  rtx_msgqueue.o(.text.osRtxMessageQueuePostProcess)
    [Anonymous Symbol]                       0x00001f24   Section        0  rtx_mutex.o(.text.osRtxMutexOwnerRelease)
    [Anonymous Symbol]                       0x00001f68   Section        0  rtx_system.o(.text.osRtxPendSV_Handler)
    [Anonymous Symbol]                       0x00001fe4   Section        0  rtx_system.o(.text.osRtxPostProcess)
    __arm_cp.2_1                             0x00002048   Number         4  rtx_system.o(.text.osRtxPostProcess)
    osRtxThreadBlock                         0x0000204d   Thumb Code    52  rtx_thread.o(.text.osRtxThreadBlock)
    [Anonymous Symbol]                       0x0000204c   Section        0  rtx_thread.o(.text.osRtxThreadBlock)
    osRtxThreadDelayInsert                   0x00002081   Thumb Code   124  rtx_thread.o(.text.osRtxThreadDelayInsert)
    [Anonymous Symbol]                       0x00002080   Section        0  rtx_thread.o(.text.osRtxThreadDelayInsert)
    osRtxThreadDelayRemove                   0x000020fd   Thumb Code    64  rtx_thread.o(.text.osRtxThreadDelayRemove)
    [Anonymous Symbol]                       0x000020fc   Section        0  rtx_thread.o(.text.osRtxThreadDelayRemove)
    [Anonymous Symbol]                       0x0000213c   Section        0  rtx_thread.o(.text.osRtxThreadDelayTick)
    [Anonymous Symbol]                       0x00002170   Section        0  rtx_thread.o(.text.osRtxThreadDispatch)
    osRtxThreadFree                          0x000021bd   Thumb Code    80  rtx_thread.o(.text.osRtxThreadFree)
    [Anonymous Symbol]                       0x000021bc   Section        0  rtx_thread.o(.text.osRtxThreadFree)
    [Anonymous Symbol]                       0x0000220c   Section        0  rtx_thread.o(.text.osRtxThreadListGet)
    [Anonymous Symbol]                       0x00002220   Section        0  rtx_thread.o(.text.osRtxThreadListPut)
    [Anonymous Symbol]                       0x0000224c   Section        0  rtx_thread.o(.text.osRtxThreadListRemove)
    [Anonymous Symbol]                       0x00002264   Section        0  rtx_thread.o(.text.osRtxThreadListSort)
    osRtxThreadPostProcess                   0x0000228b   Thumb Code    38  rtx_thread.o(.text.osRtxThreadPostProcess)
    [Anonymous Symbol]                       0x0000228a   Section        0  rtx_thread.o(.text.osRtxThreadPostProcess)
    [Anonymous Symbol]                       0x000022b0   Section        0  rtx_thread.o(.text.osRtxThreadReadyPut)
    [Anonymous Symbol]                       0x000022c4   Section        0  rtx_thread.o(.text.osRtxThreadRegPtr)
    [Anonymous Symbol]                       0x000022cc   Section        0  rtx_thread.o(.text.osRtxThreadStackCheck)
    __arm_cp.8_1                             0x000022f0   Number         4  rtx_thread.o(.text.osRtxThreadStackCheck)
    [Anonymous Symbol]                       0x000022f4   Section        0  rtx_thread.o(.text.osRtxThreadStartup)
    __arm_cp.15_1                            0x00002324   Number         4  rtx_thread.o(.text.osRtxThreadStartup)
    __arm_cp.15_2                            0x00002328   Number         4  rtx_thread.o(.text.osRtxThreadStartup)
    __arm_cp.15_3                            0x0000232c   Number         4  rtx_thread.o(.text.osRtxThreadStartup)
    [Anonymous Symbol]                       0x00002330   Section        0  rtx_thread.o(.text.osRtxThreadSwitch)
    [Anonymous Symbol]                       0x00002340   Section        0  rtx_thread.o(.text.osRtxThreadWaitEnter)
    __arm_cp.13_0                            0x00002378   Number         4  rtx_thread.o(.text.osRtxThreadWaitEnter)
    [Anonymous Symbol]                       0x0000237c   Section        0  rtx_thread.o(.text.osRtxThreadWaitExit)
    [Anonymous Symbol]                       0x000023a0   Section        0  rtx_system.o(.text.osRtxTick_Handler)
    __arm_cp.0_0                             0x00002410   Number         4  rtx_system.o(.text.osRtxTick_Handler)
    [Anonymous Symbol]                       0x00002414   Section        0  rtx_timer.o(.text.osRtxTimerThread)
    __arm_cp.0_1                             0x00002444   Number         4  rtx_timer.o(.text.osRtxTimerThread)
    __arm_cp.0_2                             0x00002448   Number         4  rtx_timer.o(.text.osRtxTimerThread)
    osRtxTimerTick                           0x0000244d   Thumb Code    96  rtx_timer.o(.text.osRtxTimerTick)
    [Anonymous Symbol]                       0x0000244c   Section        0  rtx_timer.o(.text.osRtxTimerTick)
    __arm_cp.1_0                             0x000024a8   Number         4  rtx_timer.o(.text.osRtxTimerTick)
    [Anonymous Symbol]                       0x000024ac   Section        0  rtx_thread.o(.text.osThreadExit)
    __arm_cp.31_0                            0x000024b4   Number         4  rtx_thread.o(.text.osThreadExit)
    [Anonymous Symbol]                       0x000024b8   Section        0  rtx_thread.o(.text.osThreadNew)
    __arm_cp.17_0                            0x000024d8   Number         4  rtx_thread.o(.text.osThreadNew)
    os_kernel_is_active                      0x000024dd   Thumb Code    40  rtx_lib.o(.text.os_kernel_is_active)
    [Anonymous Symbol]                       0x000024dc   Section        0  rtx_lib.o(.text.os_kernel_is_active)
    __arm_cp.2_0                             0x00002504   Number         4  rtx_lib.o(.text.os_kernel_is_active)
    svcRtxDelay                              0x00002509   Thumb Code    18  rtx_delay.o(.text.svcRtxDelay)
    [Anonymous Symbol]                       0x00002508   Section        0  rtx_delay.o(.text.svcRtxDelay)
    svcRtxKernelGetState                     0x0000251d   Thumb Code    12  rtx_kernel.o(.text.svcRtxKernelGetState)
    [Anonymous Symbol]                       0x0000251c   Section        0  rtx_kernel.o(.text.svcRtxKernelGetState)
    __arm_cp.5_0                             0x00002524   Number         4  rtx_kernel.o(.text.svcRtxKernelGetState)
    svcRtxKernelInitialize                   0x00002529   Thumb Code   328  rtx_kernel.o(.text.svcRtxKernelInitialize)
    [Anonymous Symbol]                       0x00002528   Section        0  rtx_kernel.o(.text.svcRtxKernelInitialize)
    __arm_cp.20_0                            0x00002664   Number         4  rtx_kernel.o(.text.svcRtxKernelInitialize)
    __arm_cp.20_1                            0x00002668   Number         4  rtx_kernel.o(.text.svcRtxKernelInitialize)
    __arm_cp.20_2                            0x0000266c   Number         4  rtx_kernel.o(.text.svcRtxKernelInitialize)
    svcRtxKernelStart                        0x00002671   Thumb Code   132  rtx_kernel.o(.text.svcRtxKernelStart)
    [Anonymous Symbol]                       0x00002670   Section        0  rtx_kernel.o(.text.svcRtxKernelStart)
    __arm_cp.21_0                            0x000026e4   Number         4  rtx_kernel.o(.text.svcRtxKernelStart)
    __arm_cp.21_1                            0x000026e8   Number         4  rtx_kernel.o(.text.svcRtxKernelStart)
    __arm_cp.21_2                            0x000026ec   Number         4  rtx_kernel.o(.text.svcRtxKernelStart)
    __arm_cp.21_3                            0x000026f0   Number         4  rtx_kernel.o(.text.svcRtxKernelStart)
    svcRtxMessageQueueGet                    0x000026f5   Thumb Code   232  rtx_msgqueue.o(.text.svcRtxMessageQueueGet)
    [Anonymous Symbol]                       0x000026f4   Section        0  rtx_msgqueue.o(.text.svcRtxMessageQueueGet)
    __arm_cp.21_0                            0x000027d8   Number         4  rtx_msgqueue.o(.text.svcRtxMessageQueueGet)
    svcRtxMessageQueueNew                    0x000027dd   Thumb Code   484  rtx_msgqueue.o(.text.svcRtxMessageQueueNew)
    [Anonymous Symbol]                       0x000027dc   Section        0  rtx_msgqueue.o(.text.svcRtxMessageQueueNew)
    __arm_cp.14_0                            0x000029a8   Number         4  rtx_msgqueue.o(.text.svcRtxMessageQueueNew)
    __arm_cp.14_1                            0x000029ac   Number         4  rtx_msgqueue.o(.text.svcRtxMessageQueueNew)
    __arm_cp.14_2                            0x000029b0   Number         4  rtx_msgqueue.o(.text.svcRtxMessageQueueNew)
    __arm_cp.14_3                            0x000029b4   Number         4  rtx_msgqueue.o(.text.svcRtxMessageQueueNew)
    __arm_cp.14_4                            0x000029b8   Number         4  rtx_msgqueue.o(.text.svcRtxMessageQueueNew)
    __arm_cp.14_5                            0x000029bc   Number         4  rtx_msgqueue.o(.text.svcRtxMessageQueueNew)
    svcRtxMessageQueuePut                    0x000029c1   Thumb Code   184  rtx_msgqueue.o(.text.svcRtxMessageQueuePut)
    [Anonymous Symbol]                       0x000029c0   Section        0  rtx_msgqueue.o(.text.svcRtxMessageQueuePut)
    svcRtxMutexAcquire                       0x00002a79   Thumb Code   152  rtx_mutex.o(.text.svcRtxMutexAcquire)
    [Anonymous Symbol]                       0x00002a78   Section        0  rtx_mutex.o(.text.svcRtxMutexAcquire)
    __arm_cp.9_0                             0x00002b0c   Number         4  rtx_mutex.o(.text.svcRtxMutexAcquire)
    svcRtxMutexDelete                        0x00002b11   Thumb Code   184  rtx_mutex.o(.text.svcRtxMutexDelete)
    [Anonymous Symbol]                       0x00002b10   Section        0  rtx_mutex.o(.text.svcRtxMutexDelete)
    svcRtxMutexNew                           0x00002bc9   Thumb Code   112  rtx_mutex.o(.text.svcRtxMutexNew)
    [Anonymous Symbol]                       0x00002bc8   Section        0  rtx_mutex.o(.text.svcRtxMutexNew)
    __arm_cp.7_0                             0x00002c34   Number         4  rtx_mutex.o(.text.svcRtxMutexNew)
    svcRtxMutexRelease                       0x00002c39   Thumb Code   192  rtx_mutex.o(.text.svcRtxMutexRelease)
    [Anonymous Symbol]                       0x00002c38   Section        0  rtx_mutex.o(.text.svcRtxMutexRelease)
    __arm_cp.10_0                            0x00002cf4   Number         4  rtx_mutex.o(.text.svcRtxMutexRelease)
    svcRtxThreadExit                         0x00002cf9   Thumb Code   108  rtx_thread.o(.text.svcRtxThreadExit)
    [Anonymous Symbol]                       0x00002cf8   Section        0  rtx_thread.o(.text.svcRtxThreadExit)
    __arm_cp.54_0                            0x00002d60   Number         4  rtx_thread.o(.text.svcRtxThreadExit)
    svcRtxThreadNew                          0x00002d65   Thumb Code   492  rtx_thread.o(.text.svcRtxThreadNew)
    [Anonymous Symbol]                       0x00002d64   Section        0  rtx_thread.o(.text.svcRtxThreadNew)
    __arm_cp.16_0                            0x00002f38   Number         4  rtx_thread.o(.text.svcRtxThreadNew)
    __arm_cp.16_1                            0x00002f3c   Number         4  rtx_thread.o(.text.svcRtxThreadNew)
    __arm_cp.16_2                            0x00002f40   Number         4  rtx_thread.o(.text.svcRtxThreadNew)
    __arm_cp.16_3                            0x00002f44   Number         4  rtx_thread.o(.text.svcRtxThreadNew)
    __arm_cp.16_4                            0x00002f48   Number         4  rtx_thread.o(.text.svcRtxThreadNew)
    __arm_cp.16_5                            0x00002f4c   Number         4  rtx_thread.o(.text.svcRtxThreadNew)
    [Anonymous Symbol]                       0x00002f50   Section        0  main.o(.text.tBrain)
    __arm_cp.28_0                            0x00002fd0   Number         4  main.o(.text.tBrain)
    __arm_cp.28_1                            0x00002fd4   Number         4  main.o(.text.tBrain)
    x$fpl$fmul                               0x00002fd8   Section      176  fmul.o(x$fpl$fmul)
    ddiv_reciptbl                            0x00003088   Data         128  ddiv.o(.constdata)
    .constdata                               0x00003088   Section      128  ddiv.o(.constdata)
    x$fpl$usenofp                            0x00003088   Section        0  usenofp.o(x$fpl$usenofp)
    fdiv_tab                                 0x00003108   Data          64  fdiv.o(.constdata)
    .constdata                               0x00003108   Section       64  fdiv.o(.constdata)
    __tagsym$$used.4                         0x00003148   Number         0  rtx_lib.o(.rodata)
    __tagsym$$used.5                         0x000031b0   Number         0  rtx_lib.o(.rodata)
    os_idle_thread_attr                      0x000031ec   Data          36  rtx_lib.o(.rodata.os_idle_thread_attr)
    [Anonymous Symbol]                       0x000031ec   Section        0  rtx_lib.o(.rodata.os_idle_thread_attr)
    os_timer_mq_attr                         0x00003210   Data          24  rtx_lib.o(.rodata.os_timer_mq_attr)
    [Anonymous Symbol]                       0x00003210   Section        0  rtx_lib.o(.rodata.os_timer_mq_attr)
    os_timer_thread_attr                     0x00003228   Data          36  rtx_lib.o(.rodata.os_timer_thread_attr)
    [Anonymous Symbol]                       0x00003228   Section        0  rtx_lib.o(.rodata.os_timer_thread_attr)
    .L.str                                   0x0000324c   Data          11  rtx_kernel.o(.rodata.str1.4)
    [Anonymous Symbol]                       0x0000324c   Section        0  rtx_kernel.o(.rodata.str1.4)
    songFirstSectionDurations                0x1ffff0a8   Data          72  main.o(.data.songFirstSectionDurations)
    [Anonymous Symbol]                       0x1ffff0a8   Section        0  main.o(.data.songFirstSectionDurations)
    songMain                                 0x1ffff0f0   Data         256  main.o(.data.songMain)
    [Anonymous Symbol]                       0x1ffff0f0   Section        0  main.o(.data.songMain)
    songRunFin                               0x1ffff1f0   Data          72  main.o(.data.songRunFin)
    [Anonymous Symbol]                       0x1ffff1f0   Section        0  main.o(.data.songRunFin)
    .bss                                     0x1ffff238   Section       96  libspace.o(.bss)
    PendST                                   0x1ffff298   Data           1  os_systick.o(.bss.PendST)
    [Anonymous Symbol]                       0x1ffff298   Section        0  os_systick.o(.bss.PendST)
    currNote                                 0x1ffff29c   Data           4  main.o(.bss.currNote)
    [Anonymous Symbol]                       0x1ffff29c   Section        0  main.o(.bss.currNote)
    data                                     0x1ffff2a0   Data           1  main.o(.bss.data)
    [Anonymous Symbol]                       0x1ffff2a0   Section        0  main.o(.bss.data)
    os_isr_queue                             0x1ffff2a8   Data          64  rtx_lib.o(.bss.os)
    [Anonymous Symbol]                       0x1ffff2a8   Section        0  rtx_lib.o(.bss.os)
    os_mem                                   0x1ffff2e8   Data        4096  rtx_lib.o(.bss.os)
    os_timer_mq_cb                           0x200002e8   Data          52  rtx_lib.o(.bss.os.msgqueue.cb)
    [Anonymous Symbol]                       0x200002e8   Section        0  rtx_lib.o(.bss.os.msgqueue.cb)
    os_timer_mq_data                         0x2000031c   Data          80  rtx_lib.o(.bss.os.msgqueue.mem)
    [Anonymous Symbol]                       0x2000031c   Section        0  rtx_lib.o(.bss.os.msgqueue.mem)
    os_idle_thread_cb                        0x2000036c   Data          68  rtx_lib.o(.bss.os.thread.cb)
    [Anonymous Symbol]                       0x2000036c   Section        0  rtx_lib.o(.bss.os.thread.cb)
    os_timer_thread_cb                       0x200003b0   Data          68  rtx_lib.o(.bss.os.thread.cb)
    os_idle_thread_stack                     0x200003f8   Data         256  rtx_lib.o(.bss.os.thread.stack)
    [Anonymous Symbol]                       0x200003f8   Section        0  rtx_lib.o(.bss.os.thread.stack)
    os_timer_thread_stack                    0x200004f8   Data         256  rtx_lib.o(.bss.os.thread.stack)
    os_kernel_is_active.os_kernel_active     0x200005f8   Data           1  rtx_lib.o(.bss.os_kernel_is_active.os_kernel_active)
    [Anonymous Symbol]                       0x200005f8   Section        0  rtx_lib.o(.bss.os_kernel_is_active.os_kernel_active)
    victoryMusic                             0x200005f9   Data           1  main.o(.bss.victoryMusic)
    [Anonymous Symbol]                       0x200005f9   Section        0  main.o(.bss.victoryMusic)
    Heap_Mem                                 0x20000600   Data           0  startup_mkl25z4.o(HEAP)
    Stack_Mem                                0x20000600   Data         256  startup_mkl25z4.o(STACK)
    HEAP                                     0x20000600   Section        0  startup_mkl25z4.o(HEAP)
    STACK                                    0x20000600   Section      256  startup_mkl25z4.o(STACK)
    __initial_sp                             0x20000700   Data           0  startup_mkl25z4.o(STACK)

    Global Symbols

    Symbol Name                              Value     Ov Type        Size  Object(Section)

    BuildAttributes$$THM_ISAv3M$S$PE$A:L22$X:L11$S22$IEEE1$IW$~IW$USESV6$~STKCKD$USESV7$~SHL$OSPACE$ROPI$EBA8$UX$STANDARDLIB$REQ8$PRES8$EABIv2 0x00000000   Number         0  anon$$obj.o ABSOLUTE
    __Vectors                                0x00000000   Data           4  startup_mkl25z4.o(RESET)
    .bss.os.evflags.cb$$Base                  - Undefined Weak Reference
    .bss.os.evflags.cb$$Limit                 - Undefined Weak Reference
    .bss.os.mempool.cb$$Base                  - Undefined Weak Reference
    .bss.os.mempool.cb$$Limit                 - Undefined Weak Reference
    .bss.os.mutex.cb$$Base                    - Undefined Weak Reference
    .bss.os.mutex.cb$$Limit                   - Undefined Weak Reference
    .bss.os.semaphore.cb$$Base                - Undefined Weak Reference
    .bss.os.semaphore.cb$$Limit               - Undefined Weak Reference
    .bss.os.timer.cb$$Base                    - Undefined Weak Reference
    .bss.os.timer.cb$$Limit                   - Undefined Weak Reference
    __ARM_exceptions_init                     - Undefined Weak Reference
    __alloca_initialize                       - Undefined Weak Reference
    __arm_preinit_                            - Undefined Weak Reference
    __arm_relocate_pie_                       - Undefined Weak Reference
    __cpp_initialize__aeabi_                  - Undefined Weak Reference
    __cxa_finalize                            - Undefined Weak Reference
    __rt_locale                               - Undefined Weak Reference
    __sigvec_lookup                           - Undefined Weak Reference
    _atexit_init                              - Undefined Weak Reference
    _call_atexit_fns                          - Undefined Weak Reference
    _clock_init                               - Undefined Weak Reference
    _fp_trap_init                             - Undefined Weak Reference
    _fp_trap_shutdown                         - Undefined Weak Reference
    _get_lc_collate                           - Undefined Weak Reference
    _get_lc_ctype                             - Undefined Weak Reference
    _get_lc_monetary                          - Undefined Weak Reference
    _get_lc_numeric                           - Undefined Weak Reference
    _get_lc_time                              - Undefined Weak Reference
    _getenv_init                              - Undefined Weak Reference
    _handle_redirection                       - Undefined Weak Reference
    _init_alloc                               - Undefined Weak Reference
    _init_user_alloc                          - Undefined Weak Reference
    _initio                                   - Undefined Weak Reference
    _rand_init                                - Undefined Weak Reference
    _signal_finish                            - Undefined Weak Reference
    _signal_init                              - Undefined Weak Reference
    _terminate_alloc                          - Undefined Weak Reference
    _terminate_user_alloc                     - Undefined Weak Reference
    _terminateio                              - Undefined Weak Reference
    __Vectors_End                            0x000000c0   Data           0  startup_mkl25z4.o(RESET)
    __Vectors_Size                           0x000000c0   Number         0  startup_mkl25z4.o ABSOLUTE
    __main                                   0x000000c1   Thumb Code     8  __main.o(!!!main)
    __scatterload                            0x000000c9   Thumb Code     0  __scatter.o(!!!scatter)
    __scatterload_rt2                        0x000000c9   Thumb Code    74  __scatter.o(!!!scatter)
    __scatterload_rt2_thumb_only             0x000000c9   Thumb Code     0  __scatter.o(!!!scatter)
    __scatterload_loop                       0x000000d3   Thumb Code     0  __scatter.o(!!!scatter)
    __scatterload_null                       0x0000011d   Thumb Code     2  __scatter.o(!!handler_null)
    __scatterload_zeroinit                   0x00000121   Thumb Code    28  __scatter_zi.o(!!handler_zi)
    __rt_lib_init                            0x0000013d   Thumb Code     0  libinit.o(.ARM.Collect$$libinit$$00000000)
    __rt_lib_init_alloca_1                   0x0000013f   Thumb Code     0  libinit2.o(.ARM.Collect$$libinit$$00000030)
    __rt_lib_init_argv_1                     0x0000013f   Thumb Code     0  libinit2.o(.ARM.Collect$$libinit$$0000002E)
    __rt_lib_init_atexit_1                   0x0000013f   Thumb Code     0  libinit2.o(.ARM.Collect$$libinit$$0000001D)
    __rt_lib_init_clock_1                    0x0000013f   Thumb Code     0  libinit2.o(.ARM.Collect$$libinit$$00000023)
    __rt_lib_init_cpp_1                      0x0000013f   Thumb Code     0  libinit2.o(.ARM.Collect$$libinit$$00000034)
    __rt_lib_init_exceptions_1               0x0000013f   Thumb Code     0  libinit2.o(.ARM.Collect$$libinit$$00000032)
    __rt_lib_init_fp_1                       0x0000013f   Thumb Code     0  libinit2.o(.ARM.Collect$$libinit$$00000002)
    __rt_lib_init_fp_trap_1                  0x0000013f   Thumb Code     0  libinit2.o(.ARM.Collect$$libinit$$00000021)
    __rt_lib_init_getenv_1                   0x0000013f   Thumb Code     0  libinit2.o(.ARM.Collect$$libinit$$00000025)
    __rt_lib_init_heap_1                     0x0000013f   Thumb Code     0  libinit2.o(.ARM.Collect$$libinit$$0000000C)
    __rt_lib_init_lc_collate_1               0x0000013f   Thumb Code     0  libinit2.o(.ARM.Collect$$libinit$$00000013)
    __rt_lib_init_lc_ctype_1                 0x0000013f   Thumb Code     0  libinit2.o(.ARM.Collect$$libinit$$00000015)
    __rt_lib_init_lc_monetary_1              0x0000013f   Thumb Code     0  libinit2.o(.ARM.Collect$$libinit$$00000017)
    __rt_lib_init_lc_numeric_1               0x0000013f   Thumb Code     0  libinit2.o(.ARM.Collect$$libinit$$00000019)
    __rt_lib_init_lc_time_1                  0x0000013f   Thumb Code     0  libinit2.o(.ARM.Collect$$libinit$$0000001B)
    __rt_lib_init_preinit_1                  0x0000013f   Thumb Code     0  libinit2.o(.ARM.Collect$$libinit$$00000006)
    __rt_lib_init_rand_1                     0x0000013f   Thumb Code     0  libinit2.o(.ARM.Collect$$libinit$$00000010)
    __rt_lib_init_relocate_pie_1             0x0000013f   Thumb Code     0  libinit2.o(.ARM.Collect$$libinit$$00000004)
    __rt_lib_init_return                     0x0000013f   Thumb Code     0  libinit2.o(.ARM.Collect$$libinit$$00000035)
    __rt_lib_init_signal_1                   0x0000013f   Thumb Code     0  libinit2.o(.ARM.Collect$$libinit$$0000001F)
    __rt_lib_init_stdio_1                    0x0000013f   Thumb Code     0  libinit2.o(.ARM.Collect$$libinit$$00000027)
    __rt_lib_init_user_alloc_1               0x0000013f   Thumb Code     0  libinit2.o(.ARM.Collect$$libinit$$0000000E)
    __rt_lib_shutdown                        0x00000141   Thumb Code     0  libshutdown.o(.ARM.Collect$$libshutdown$$00000000)
    __rt_lib_shutdown_cpp_1                  0x00000143   Thumb Code     0  libshutdown2.o(.ARM.Collect$$libshutdown$$00000002)
    __rt_lib_shutdown_fp_trap_1              0x00000143   Thumb Code     0  libshutdown2.o(.ARM.Collect$$libshutdown$$00000007)
    __rt_lib_shutdown_heap_1                 0x00000143   Thumb Code     0  libshutdown2.o(.ARM.Collect$$libshutdown$$0000000F)
    __rt_lib_shutdown_return                 0x00000143   Thumb Code     0  libshutdown2.o(.ARM.Collect$$libshutdown$$00000010)
    __rt_lib_shutdown_signal_1               0x00000143   Thumb Code     0  libshutdown2.o(.ARM.Collect$$libshutdown$$0000000A)
    __rt_lib_shutdown_stdio_1                0x00000143   Thumb Code     0  libshutdown2.o(.ARM.Collect$$libshutdown$$00000004)
    __rt_lib_shutdown_user_alloc_1           0x00000143   Thumb Code     0  libshutdown2.o(.ARM.Collect$$libshutdown$$0000000C)
    __rt_entry                               0x00000145   Thumb Code     0  __rtentry.o(.ARM.Collect$$rtentry$$00000000)
    __rt_entry_presh_1                       0x00000145   Thumb Code     0  __rtentry2.o(.ARM.Collect$$rtentry$$00000002)
    __rt_entry_sh                            0x00000145   Thumb Code     0  __rtentry4.o(.ARM.Collect$$rtentry$$00000004)
    __rt_entry_postsh_1                      0x0000014b   Thumb Code     0  __rtentry2.o(.ARM.Collect$$rtentry$$00000008)
    __rt_entry_li                            0x00000153   Thumb Code     0  __rtentry2.o(.ARM.Collect$$rtentry$$0000000A)
    __rt_entry_main                          0x00000157   Thumb Code     0  __rtentry2.o(.ARM.Collect$$rtentry$$0000000D)
    __rt_entry_postli_1                      0x00000157   Thumb Code     0  __rtentry2.o(.ARM.Collect$$rtentry$$0000000C)
    __rt_exit                                0x0000015f   Thumb Code     0  rtexit.o(.ARM.Collect$$rtexit$$00000000)
    __rt_exit_ls                             0x00000161   Thumb Code     0  rtexit2.o(.ARM.Collect$$rtexit$$00000003)
    __rt_exit_prels_1                        0x00000161   Thumb Code     0  rtexit2.o(.ARM.Collect$$rtexit$$00000002)
    __rt_exit_exit                           0x00000165   Thumb Code     0  rtexit2.o(.ARM.Collect$$rtexit$$00000004)
    __aeabi_memcpy4                          0x0000016d   Thumb Code    56  rt_memcpy.o(.emb_text)
    __aeabi_memcpy8                          0x0000016d   Thumb Code     0  rt_memcpy.o(.emb_text)
    Reset_Handler                            0x000001a5   Thumb Code    12  startup_mkl25z4.o(.text)
    NMI_Handler                              0x000001b1   Thumb Code     2  startup_mkl25z4.o(.text)
    HardFault_Handler                        0x000001b3   Thumb Code     2  startup_mkl25z4.o(.text)
    ADC0_IRQHandler                          0x000001bb   Thumb Code     0  startup_mkl25z4.o(.text)
    CMP0_IRQHandler                          0x000001bb   Thumb Code     0  startup_mkl25z4.o(.text)
    DAC0_IRQHandler                          0x000001bb   Thumb Code     0  startup_mkl25z4.o(.text)
    DMA0_IRQHandler                          0x000001bb   Thumb Code     0  startup_mkl25z4.o(.text)
    DMA1_IRQHandler                          0x000001bb   Thumb Code     0  startup_mkl25z4.o(.text)
    DMA2_IRQHandler                          0x000001bb   Thumb Code     0  startup_mkl25z4.o(.text)
    DMA3_IRQHandler                          0x000001bb   Thumb Code     0  startup_mkl25z4.o(.text)
    DefaultISR                               0x000001bb   Thumb Code     0  startup_mkl25z4.o(.text)
    FTFA_IRQHandler                          0x000001bb   Thumb Code     0  startup_mkl25z4.o(.text)
    I2C0_IRQHandler                          0x000001bb   Thumb Code     0  startup_mkl25z4.o(.text)
    I2C1_IRQHandler                          0x000001bb   Thumb Code     0  startup_mkl25z4.o(.text)
    LLWU_IRQHandler                          0x000001bb   Thumb Code     0  startup_mkl25z4.o(.text)
    LPTMR0_IRQHandler                        0x000001bb   Thumb Code     0  startup_mkl25z4.o(.text)
    LVD_LVW_IRQHandler                       0x000001bb   Thumb Code     0  startup_mkl25z4.o(.text)
    MCG_IRQHandler                           0x000001bb   Thumb Code     0  startup_mkl25z4.o(.text)
    PIT_IRQHandler                           0x000001bb   Thumb Code     0  startup_mkl25z4.o(.text)
    PORTA_IRQHandler                         0x000001bb   Thumb Code     0  startup_mkl25z4.o(.text)
    PORTD_IRQHandler                         0x000001bb   Thumb Code     0  startup_mkl25z4.o(.text)
    RTC_IRQHandler                           0x000001bb   Thumb Code     0  startup_mkl25z4.o(.text)
    RTC_Seconds_IRQHandler                   0x000001bb   Thumb Code     0  startup_mkl25z4.o(.text)
    Reserved20_IRQHandler                    0x000001bb   Thumb Code     0  startup_mkl25z4.o(.text)
    Reserved39_IRQHandler                    0x000001bb   Thumb Code     0  startup_mkl25z4.o(.text)
    Reserved45_IRQHandler                    0x000001bb   Thumb Code     0  startup_mkl25z4.o(.text)
    SPI0_IRQHandler                          0x000001bb   Thumb Code     0  startup_mkl25z4.o(.text)
    SPI1_IRQHandler                          0x000001bb   Thumb Code     0  startup_mkl25z4.o(.text)
    TPM0_IRQHandler                          0x000001bb   Thumb Code     0  startup_mkl25z4.o(.text)
    TPM1_IRQHandler                          0x000001bb   Thumb Code     0  startup_mkl25z4.o(.text)
    TPM2_IRQHandler                          0x000001bb   Thumb Code     0  startup_mkl25z4.o(.text)
    TSI0_IRQHandler                          0x000001bb   Thumb Code     0  startup_mkl25z4.o(.text)
    UART0_IRQHandler                         0x000001bb   Thumb Code     0  startup_mkl25z4.o(.text)
    UART1_IRQHandler                         0x000001bb   Thumb Code     0  startup_mkl25z4.o(.text)
    USB0_IRQHandler                          0x000001bb   Thumb Code     0  startup_mkl25z4.o(.text)
    __user_initial_stackheap                 0x000001c1   Thumb Code     0  startup_mkl25z4.o(.text)
    SVC_Handler                              0x000001e5   Thumb Code   132  irq_cm0.o(.text)
    PendSV_Handler                           0x00000269   Thumb Code    12  irq_cm0.o(.text)
    SysTick_Handler                          0x00000275   Thumb Code    12  irq_cm0.o(.text)
    __aeabi_memcpy                           0x00000289   Thumb Code   130  rt_memcpy.o(.text)
    __rt_memcpy                              0x00000289   Thumb Code     0  rt_memcpy.o(.text)
    _memset_w                                0x0000030b   Thumb Code    26  rt_memclr.o(.text)
    _memset                                  0x00000325   Thumb Code    30  rt_memclr.o(.text)
    __aeabi_memclr                           0x00000343   Thumb Code     4  rt_memclr.o(.text)
    __rt_memclr                              0x00000343   Thumb Code     0  rt_memclr.o(.text)
    __aeabi_memclr4                          0x00000347   Thumb Code     0  rt_memclr.o(.text)
    __aeabi_memclr8                          0x00000347   Thumb Code     0  rt_memclr.o(.text)
    __rt_memclr_w                            0x00000347   Thumb Code     4  rt_memclr.o(.text)
    __use_two_region_memory                  0x0000034b   Thumb Code     2  heapauxi.o(.text)
    __rt_heap_escrow$2region                 0x0000034d   Thumb Code     2  heapauxi.o(.text)
    __rt_heap_expand$2region                 0x0000034f   Thumb Code     2  heapauxi.o(.text)
    __aeabi_d2uiz                            0x00000351   Thumb Code     0  dfixui.o(.text)
    _dfixu                                   0x00000351   Thumb Code    68  dfixui.o(.text)
    __aeabi_i2d_normalise                    0x00000399   Thumb Code    66  dflti.o(.text)
    __aeabi_i2d                              0x000003db   Thumb Code    16  dflti.o(.text)
    _dflt                                    0x000003db   Thumb Code     0  dflti.o(.text)
    __aeabi_ui2d                             0x000003eb   Thumb Code     6  dflti.o(.text)
    _dfltu                                   0x000003eb   Thumb Code     0  dflti.o(.text)
    exit                                     0x000003f1   Thumb Code    16  exit.o(.text)
    __aeabi_uidiv                            0x00000411   Thumb Code     0  aeabi_sdiv.o(.text)
    __aeabi_uidivmod                         0x00000411   Thumb Code    20  aeabi_sdiv.o(.text)
    __aeabi_idiv                             0x00000425   Thumb Code     0  aeabi_sdiv.o(.text)
    __aeabi_idivmod                          0x00000425   Thumb Code   338  aeabi_sdiv.o(.text)
    __aeabi_ddiv                             0x0000057d   Thumb Code     0  ddiv.o(.text)
    _ddiv                                    0x0000057d   Thumb Code  1072  ddiv.o(.text)
    _drdiv                                   0x000009ad   Thumb Code    20  ddiv.o(.text)
    __aeabi_fdiv                             0x000009c5   Thumb Code     0  fdiv.o(.text)
    _fdiv                                    0x000009c5   Thumb Code   334  fdiv.o(.text)
    _frdiv                                   0x00000b13   Thumb Code     8  fdiv.o(.text)
    __aeabi_f2iz                             0x00000b25   Thumb Code     0  ffixi.o(.text)
    _ffix                                    0x00000b25   Thumb Code    76  ffixi.o(.text)
    __aeabi_i2f_normalise                    0x00000b71   Thumb Code    72  fflti.o(.text)
    __aeabi_i2f                              0x00000bb9   Thumb Code    16  fflti.o(.text)
    _fflt                                    0x00000bb9   Thumb Code     0  fflti.o(.text)
    __aeabi_ui2f                             0x00000bc9   Thumb Code     6  fflti.o(.text)
    _ffltu                                   0x00000bc9   Thumb Code     0  fflti.o(.text)
    __user_setup_stackheap                   0x00000bcf   Thumb Code    62  sys_stackheap_outer.o(.text)
    __user_libspace                          0x00000c0d   Thumb Code     8  libspace.o(.text)
    __user_perproc_libspace                  0x00000c0d   Thumb Code     0  libspace.o(.text)
    _sys_exit                                0x00000c15   Thumb Code     8  sys_exit.o(.text)
    __I$use$semihosting                      0x00000c21   Thumb Code     0  use_no_semi.o(.text)
    __use_no_semihosting_swi                 0x00000c21   Thumb Code     2  use_no_semi.o(.text)
    __decompress                             0x00000c23   Thumb Code     0  __dczerorl2.o(.text)
    __decompress1                            0x00000c23   Thumb Code    86  __dczerorl2.o(.text)
    __semihosting_library_function           0x00000c23   Thumb Code     0  indicate_semi.o(.text)
    OS_Tick_AcknowledgeIRQ                   0x00000d45   Thumb Code     8  os_systick.o(.text.OS_Tick_AcknowledgeIRQ)
    OS_Tick_Enable                           0x00000d4d   Thumb Code    36  os_systick.o(.text.OS_Tick_Enable)
    OS_Tick_GetIRQn                          0x00000d71   Thumb Code     6  os_systick.o(.text.OS_Tick_GetIRQn)
    OS_Tick_Setup                            0x00000d79   Thumb Code    72  os_systick.o(.text.OS_Tick_Setup)
    PWM_Init                                 0x00000dc1   Thumb Code    88  main.o(.text.PWM_Init)
    RedBlink                                 0x00000e3d   Thumb Code    40  main.o(.text.RedBlink)
    SystemCoreClockUpdate                    0x00000e6d   Thumb Code   508  system_mkl25z4.o(.text.SystemCoreClockUpdate)
    SystemInit                               0x00001099   Thumb Code     8  system_mkl25z4.o(.text.SystemInit)
    UART2_IRQHandler                         0x00001141   Thumb Code    32  main.o(.text.UART2_IRQHandler)
    _mutex_acquire                           0x00001249   Thumb Code    34  rtx_lib.o(.text._mutex_acquire)
    _mutex_free                              0x0000126b   Thumb Code    18  rtx_lib.o(.text._mutex_free)
    _mutex_initialize                        0x0000127d   Thumb Code    52  rtx_lib.o(.text._mutex_initialize)
    _mutex_release                           0x000012b1   Thumb Code    30  rtx_lib.o(.text._mutex_release)
    _platform_post_stackheap_init            0x000012cf   Thumb Code     8  rtx_lib.o(.text._platform_post_stackheap_init)
    audioRunFin                              0x000012d9   Thumb Code   100  main.o(.text.audioRunFin)
    audioSong                                0x0000134d   Thumb Code    64  main.o(.text.audioSong)
    flashGreen                               0x0000139d   Thumb Code   184  main.o(.text.flashGreen)
    initLED                                  0x00001475   Thumb Code   224  main.o(.text.initLED)
    initMotors                               0x00001589   Thumb Code   208  main.o(.text.initMotors)
    initUART2                                0x00001689   Thumb Code   184  main.o(.text.initUART2)
    main                                     0x0000176d   Thumb Code    84  main.o(.text.main)
    moveBackward                             0x000017d1   Thumb Code   120  main.o(.text.moveBackward)
    moveForward                              0x00001849   Thumb Code   120  main.o(.text.moveForward)
    moveLeft                                 0x000018c1   Thumb Code   120  main.o(.text.moveLeft)
    moveRight                                0x0000193d   Thumb Code   116  main.o(.text.moveRight)
    moveStop                                 0x000019b9   Thumb Code    20  main.o(.text.moveStop)
    music                                    0x000019dd   Thumb Code    72  main.o(.text.music)
    osDelay                                  0x00001a2d   Thumb Code    40  rtx_delay.o(.text.osDelay)
    osKernelGetState                         0x00001a55   Thumb Code    48  rtx_kernel.o(.text.osKernelGetState)
    osKernelInitialize                       0x00001a85   Thumb Code    40  rtx_kernel.o(.text.osKernelInitialize)
    osKernelStart                            0x00001aad   Thumb Code    36  rtx_kernel.o(.text.osKernelStart)
    osMessageQueueGet                        0x00001ad1   Thumb Code   116  rtx_msgqueue.o(.text.osMessageQueueGet)
    osMessageQueueNew                        0x00001b45   Thumb Code    36  rtx_msgqueue.o(.text.osMessageQueueNew)
    osMessageQueuePut                        0x00001b69   Thumb Code   120  rtx_msgqueue.o(.text.osMessageQueuePut)
    osMutexAcquire                           0x00001be1   Thumb Code    40  rtx_mutex.o(.text.osMutexAcquire)
    osMutexDelete                            0x00001c09   Thumb Code    40  rtx_mutex.o(.text.osMutexDelete)
    osMutexNew                               0x00001c31   Thumb Code    36  rtx_mutex.o(.text.osMutexNew)
    osMutexRelease                           0x00001c55   Thumb Code    40  rtx_mutex.o(.text.osMutexRelease)
    osRtxErrorNotify                         0x00001c7d   Thumb Code    64  rtx_config.o(.text.osRtxErrorNotify)
    osRtxIdleThread                          0x00001cbd   Thumb Code     8  rtx_config.o(.text.osRtxIdleThread)
    osRtxKernelPreInit                       0x00001cc5   Thumb Code     2  rtx_kernel.o(.text.osRtxKernelPreInit)
    osRtxMemoryAlloc                         0x00001cc7   Thumb Code   124  rtx_memory.o(.text.osRtxMemoryAlloc)
    osRtxMemoryFree                          0x00001d43   Thumb Code    78  rtx_memory.o(.text.osRtxMemoryFree)
    osRtxMemoryInit                          0x00001d91   Thumb Code    50  rtx_memory.o(.text.osRtxMemoryInit)
    osRtxMemoryPoolAlloc                     0x00001dc3   Thumb Code    46  rtx_mempool.o(.text.osRtxMemoryPoolAlloc)
    osRtxMemoryPoolFree                      0x00001df1   Thumb Code    58  rtx_mempool.o(.text.osRtxMemoryPoolFree)
    osRtxMemoryPoolInit                      0x00001e2b   Thumb Code    62  rtx_mempool.o(.text.osRtxMemoryPoolInit)
    osRtxMutexOwnerRelease                   0x00001f25   Thumb Code    68  rtx_mutex.o(.text.osRtxMutexOwnerRelease)
    osRtxPendSV_Handler                      0x00001f69   Thumb Code   124  rtx_system.o(.text.osRtxPendSV_Handler)
    osRtxPostProcess                         0x00001fe5   Thumb Code   104  rtx_system.o(.text.osRtxPostProcess)
    osRtxThreadDelayTick                     0x0000213d   Thumb Code    52  rtx_thread.o(.text.osRtxThreadDelayTick)
    osRtxThreadDispatch                      0x00002171   Thumb Code    76  rtx_thread.o(.text.osRtxThreadDispatch)
    osRtxThreadListGet                       0x0000220d   Thumb Code    20  rtx_thread.o(.text.osRtxThreadListGet)
    osRtxThreadListPut                       0x00002221   Thumb Code    44  rtx_thread.o(.text.osRtxThreadListPut)
    osRtxThreadListRemove                    0x0000224d   Thumb Code    24  rtx_thread.o(.text.osRtxThreadListRemove)
    osRtxThreadListSort                      0x00002265   Thumb Code    38  rtx_thread.o(.text.osRtxThreadListSort)
    osRtxThreadReadyPut                      0x000022b1   Thumb Code    20  rtx_thread.o(.text.osRtxThreadReadyPut)
    osRtxThreadRegPtr                        0x000022c5   Thumb Code     6  rtx_thread.o(.text.osRtxThreadRegPtr)
    osRtxThreadStackCheck                    0x000022cd   Thumb Code    40  rtx_thread.o(.text.osRtxThreadStackCheck)
    osRtxThreadStartup                       0x000022f5   Thumb Code    60  rtx_thread.o(.text.osRtxThreadStartup)
    osRtxThreadSwitch                        0x00002331   Thumb Code    16  rtx_thread.o(.text.osRtxThreadSwitch)
    osRtxThreadWaitEnter                     0x00002341   Thumb Code    60  rtx_thread.o(.text.osRtxThreadWaitEnter)
    osRtxThreadWaitExit                      0x0000237d   Thumb Code    34  rtx_thread.o(.text.osRtxThreadWaitExit)
    osRtxTick_Handler                        0x000023a1   Thumb Code   116  rtx_system.o(.text.osRtxTick_Handler)
    osRtxTimerThread                         0x00002415   Thumb Code    56  rtx_timer.o(.text.osRtxTimerThread)
    osThreadExit                             0x000024ad   Thumb Code    12  rtx_thread.o(.text.osThreadExit)
    osThreadNew                              0x000024b9   Thumb Code    36  rtx_thread.o(.text.osThreadNew)
    tBrain                                   0x00002f51   Thumb Code   128  main.o(.text.tBrain)
    __aeabi_fmul                             0x00002fd9   Thumb Code     0  fmul.o(x$fpl$fmul)
    _fmul                                    0x00002fd9   Thumb Code   172  fmul.o(x$fpl$fmul)
    __I$use$fp                               0x00003088   Number         0  usenofp.o(x$fpl$usenofp)
    osRtxConfig                              0x00003148   Data         104  rtx_lib.o(.rodata)
    os_cb_sections                           0x000031b0   Data          56  rtx_lib.o(.rodata)
    osRtxUserSVC                             0x000031e8   Data           4  rtx_lib.o(.rodata.osRtxUserSVC)
    Region$$Table$$Base                      0x00003258   Number         0  anon$$obj.o(Region$$Table)
    Region$$Table$$Limit                     0x00003278   Number         0  anon$$obj.o(Region$$Table)
    SystemCoreClock                          0x1ffff000   Data           4  system_mkl25z4.o(.data.SystemCoreClock)
    osRtxInfo                                0x1ffff004   Data         164  rtx_kernel.o(.data.os)
    __libspace_start                         0x1ffff238   Data          96  libspace.o(.bss)
    __temporary_stack_top$libspace           0x1ffff298   Data           0  libspace.o(.bss)
    .bss.os.msgqueue.cb$$Base                0x200002e8   Number         0  rtx_lib.o(.bss.os.msgqueue.cb)
    .bss.os.msgqueue.cb$$Limit               0x2000031c   Number         0  rtx_lib.o(.bss.os.msgqueue.cb)
    .bss.os.thread.cb$$Base                  0x2000036c   Number         0  rtx_lib.o(.bss.os.thread.cb)
    .bss.os.thread.cb$$Limit                 0x200003f4   Number         0  rtx_lib.o(.bss.os.thread.cb)



==============================================================================

Memory Map of the image

  Image Entry point : 0x000001a5

  Load Region LR_1 (Base: 0x00000000, Size: 0x000034b0, Max: 0xffffffff, ABSOLUTE, COMPRESSED[0x000032e4])

    Execution Region ER_RO (Exec base: 0x00000000, Load base: 0x00000000, Size: 0x00003278, Max: 0xffffffff, ABSOLUTE)

    Exec Addr    Load Addr    Size         Type   Attr      Idx    E Section Name        Object

    0x00000000   0x00000000   0x000000c0   Data   RO          128    RESET               startup_mkl25z4.o
    0x000000c0   0x000000c0   0x00000008   Code   RO          628  * !!!main             c_p.l(__main.o)
    0x000000c8   0x000000c8   0x00000054   Code   RO          822    !!!scatter          c_p.l(__scatter.o)
    0x0000011c   0x0000011c   0x00000002   Code   RO          823    !!handler_null      c_p.l(__scatter.o)
    0x0000011e   0x0000011e   0x00000002   PAD
    0x00000120   0x00000120   0x0000001c   Code   RO          826    !!handler_zi        c_p.l(__scatter_zi.o)
    0x0000013c   0x0000013c   0x00000002   Code   RO          681    .ARM.Collect$$libinit$$00000000  c_p.l(libinit.o)
    0x0000013e   0x0000013e   0x00000000   Code   RO          695    .ARM.Collect$$libinit$$00000002  c_p.l(libinit2.o)
    0x0000013e   0x0000013e   0x00000000   Code   RO          697    .ARM.Collect$$libinit$$00000004  c_p.l(libinit2.o)
    0x0000013e   0x0000013e   0x00000000   Code   RO          699    .ARM.Collect$$libinit$$00000006  c_p.l(libinit2.o)
    0x0000013e   0x0000013e   0x00000000   Code   RO          702    .ARM.Collect$$libinit$$0000000C  c_p.l(libinit2.o)
    0x0000013e   0x0000013e   0x00000000   Code   RO          704    .ARM.Collect$$libinit$$0000000E  c_p.l(libinit2.o)
    0x0000013e   0x0000013e   0x00000000   Code   RO          706    .ARM.Collect$$libinit$$00000010  c_p.l(libinit2.o)
    0x0000013e   0x0000013e   0x00000000   Code   RO          709    .ARM.Collect$$libinit$$00000013  c_p.l(libinit2.o)
    0x0000013e   0x0000013e   0x00000000   Code   RO          711    .ARM.Collect$$libinit$$00000015  c_p.l(libinit2.o)
    0x0000013e   0x0000013e   0x00000000   Code   RO          713    .ARM.Collect$$libinit$$00000017  c_p.l(libinit2.o)
    0x0000013e   0x0000013e   0x00000000   Code   RO          715    .ARM.Collect$$libinit$$00000019  c_p.l(libinit2.o)
    0x0000013e   0x0000013e   0x00000000   Code   RO          717    .ARM.Collect$$libinit$$0000001B  c_p.l(libinit2.o)
    0x0000013e   0x0000013e   0x00000000   Code   RO          719    .ARM.Collect$$libinit$$0000001D  c_p.l(libinit2.o)
    0x0000013e   0x0000013e   0x00000000   Code   RO          721    .ARM.Collect$$libinit$$0000001F  c_p.l(libinit2.o)
    0x0000013e   0x0000013e   0x00000000   Code   RO          723    .ARM.Collect$$libinit$$00000021  c_p.l(libinit2.o)
    0x0000013e   0x0000013e   0x00000000   Code   RO          725    .ARM.Collect$$libinit$$00000023  c_p.l(libinit2.o)
    0x0000013e   0x0000013e   0x00000000   Code   RO          727    .ARM.Collect$$libinit$$00000025  c_p.l(libinit2.o)
    0x0000013e   0x0000013e   0x00000000   Code   RO          729    .ARM.Collect$$libinit$$00000027  c_p.l(libinit2.o)
    0x0000013e   0x0000013e   0x00000000   Code   RO          733    .ARM.Collect$$libinit$$0000002E  c_p.l(libinit2.o)
    0x0000013e   0x0000013e   0x00000000   Code   RO          735    .ARM.Collect$$libinit$$00000030  c_p.l(libinit2.o)
    0x0000013e   0x0000013e   0x00000000   Code   RO          737    .ARM.Collect$$libinit$$00000032  c_p.l(libinit2.o)
    0x0000013e   0x0000013e   0x00000000   Code   RO          739    .ARM.Collect$$libinit$$00000034  c_p.l(libinit2.o)
    0x0000013e   0x0000013e   0x00000002   Code   RO          740    .ARM.Collect$$libinit$$00000035  c_p.l(libinit2.o)
    0x00000140   0x00000140   0x00000002   Code   RO          775    .ARM.Collect$$libshutdown$$00000000  c_p.l(libshutdown.o)
    0x00000142   0x00000142   0x00000000   Code   RO          803    .ARM.Collect$$libshutdown$$00000002  c_p.l(libshutdown2.o)
    0x00000142   0x00000142   0x00000000   Code   RO          805    .ARM.Collect$$libshutdown$$00000004  c_p.l(libshutdown2.o)
    0x00000142   0x00000142   0x00000000   Code   RO          808    .ARM.Collect$$libshutdown$$00000007  c_p.l(libshutdown2.o)
    0x00000142   0x00000142   0x00000000   Code   RO          811    .ARM.Collect$$libshutdown$$0000000A  c_p.l(libshutdown2.o)
    0x00000142   0x00000142   0x00000000   Code   RO          813    .ARM.Collect$$libshutdown$$0000000C  c_p.l(libshutdown2.o)
    0x00000142   0x00000142   0x00000000   Code   RO          816    .ARM.Collect$$libshutdown$$0000000F  c_p.l(libshutdown2.o)
    0x00000142   0x00000142   0x00000002   Code   RO          817    .ARM.Collect$$libshutdown$$00000010  c_p.l(libshutdown2.o)
    0x00000144   0x00000144   0x00000000   Code   RO          646    .ARM.Collect$$rtentry$$00000000  c_p.l(__rtentry.o)
    0x00000144   0x00000144   0x00000000   Code   RO          653    .ARM.Collect$$rtentry$$00000002  c_p.l(__rtentry2.o)
    0x00000144   0x00000144   0x00000006   Code   RO          665    .ARM.Collect$$rtentry$$00000004  c_p.l(__rtentry4.o)
    0x0000014a   0x0000014a   0x00000008   Code   RO          654    .ARM.Collect$$rtentry$$00000008  c_p.l(__rtentry2.o)
    0x00000152   0x00000152   0x00000004   Code   RO          656    .ARM.Collect$$rtentry$$0000000A  c_p.l(__rtentry2.o)
    0x00000156   0x00000156   0x00000000   Code   RO          658    .ARM.Collect$$rtentry$$0000000C  c_p.l(__rtentry2.o)
    0x00000156   0x00000156   0x00000008   Code   RO          659    .ARM.Collect$$rtentry$$0000000D  c_p.l(__rtentry2.o)
    0x0000015e   0x0000015e   0x00000002   Code   RO          686    .ARM.Collect$$rtexit$$00000000  c_p.l(rtexit.o)
    0x00000160   0x00000160   0x00000000   Code   RO          746    .ARM.Collect$$rtexit$$00000002  c_p.l(rtexit2.o)
    0x00000160   0x00000160   0x00000004   Code   RO          747    .ARM.Collect$$rtexit$$00000003  c_p.l(rtexit2.o)
    0x00000164   0x00000164   0x00000006   Code   RO          748    .ARM.Collect$$rtexit$$00000004  c_p.l(rtexit2.o)
    0x0000016a   0x0000016a   0x00000002   PAD
    0x0000016c   0x0000016c   0x00000038   Code   RO          616    .emb_text           c_p.l(rt_memcpy.o)
    0x000001a4   0x000001a4   0x00000040   Code   RO          130  * .text               startup_mkl25z4.o
    0x000001e4   0x000001e4   0x000000a4   Code   RO          401    .text               RTX_CM0.lib(irq_cm0.o)
    0x00000288   0x00000288   0x00000082   Code   RO          617    .text               c_p.l(rt_memcpy.o)
    0x0000030a   0x0000030a   0x00000040   Code   RO          620    .text               c_p.l(rt_memclr.o)
    0x0000034a   0x0000034a   0x00000006   Code   RO          626    .text               c_p.l(heapauxi.o)
    0x00000350   0x00000350   0x00000048   Code   RO          633    .text               fz_ps.l(dfixui.o)
    0x00000398   0x00000398   0x00000058   Code   RO          635    .text               fz_ps.l(dflti.o)
    0x000003f0   0x000003f0   0x00000010   Code   RO          672    .text               c_p.l(exit.o)
    0x00000400   0x00000400   0x00000010   Code   RO          129    .ARM.__at_0x400     startup_mkl25z4.o
    0x00000410   0x00000410   0x0000016c   Code   RO          622    .text               c_p.l(aeabi_sdiv.o)
    0x0000057c   0x0000057c   0x00000448   Code   RO          630    .text               fz_ps.l(ddiv.o)
    0x000009c4   0x000009c4   0x00000160   Code   RO          637    .text               fz_ps.l(fdiv.o)
    0x00000b24   0x00000b24   0x0000004c   Code   RO          640    .text               fz_ps.l(ffixi.o)
    0x00000b70   0x00000b70   0x0000005e   Code   RO          642    .text               fz_ps.l(fflti.o)
    0x00000bce   0x00000bce   0x0000003e   Code   RO          669    .text               c_p.l(sys_stackheap_outer.o)
    0x00000c0c   0x00000c0c   0x00000008   Code   RO          682    .text               c_p.l(libspace.o)
    0x00000c14   0x00000c14   0x0000000c   Code   RO          741    .text               c_p.l(sys_exit.o)
    0x00000c20   0x00000c20   0x00000002   Code   RO          764    .text               c_p.l(use_no_semi.o)
    0x00000c22   0x00000c22   0x00000000   Code   RO          766    .text               c_p.l(indicate_semi.o)
    0x00000c22   0x00000c22   0x00000056   Code   RO          820    .text               c_p.l(__dczerorl2.o)
    0x00000c78   0x00000c78   0x0000004c   Code   RO          598    .text.MessageQueueGet  RTX_CM0.lib(rtx_msgqueue.o)
    0x00000cc4   0x00000cc4   0x00000062   Code   RO          592    .text.MessageQueuePut  RTX_CM0.lib(rtx_msgqueue.o)
    0x00000d26   0x00000d26   0x0000001e   Code   RO          590    .text.MessageQueueRemove  RTX_CM0.lib(rtx_msgqueue.o)
    0x00000d44   0x00000d44   0x00000008   Code   RO          536    .text.OS_Tick_AcknowledgeIRQ  RTX_CM0.lib(os_systick.o)
    0x00000d4c   0x00000d4c   0x00000024   Code   RO          532    .text.OS_Tick_Enable  RTX_CM0.lib(os_systick.o)
    0x00000d70   0x00000d70   0x00000006   Code   RO          538    .text.OS_Tick_GetIRQn  RTX_CM0.lib(os_systick.o)
    0x00000d76   0x00000d76   0x00000002   PAD
    0x00000d78   0x00000d78   0x00000048   Code   RO          530    .text.OS_Tick_Setup  RTX_CM0.lib(os_systick.o)
    0x00000dc0   0x00000dc0   0x0000007c   Code   RO           24    .text.PWM_Init      main.o
    0x00000e3c   0x00000e3c   0x00000030   Code   RO           54    .text.RedBlink      main.o
    0x00000e6c   0x00000e6c   0x0000022c   Code   RO          141    .text.SystemCoreClockUpdate  system_mkl25z4.o
    0x00001098   0x00001098   0x0000000c   Code   RO          139    .text.SystemInit    system_mkl25z4.o
    0x000010a4   0x000010a4   0x0000004e   Code   RO          296    .text.ThreadFlagsCheck  RTX_CM0.lib(rtx_thread.o)
    0x000010f2   0x000010f2   0x00000002   PAD
    0x000010f4   0x000010f4   0x0000004c   Code   RO          422    .text.TimerInsert   RTX_CM0.lib(rtx_timer.o)
    0x00001140   0x00001140   0x0000002c   Code   RO           56    .text.UART2_IRQHandler  main.o
    0x0000116c   0x0000116c   0x0000002c   Code   RO            6    .text.__NVIC_ClearPendingIRQ  main.o
    0x00001198   0x00001198   0x0000002c   Code   RO            8    .text.__NVIC_EnableIRQ  main.o
    0x000011c4   0x000011c4   0x00000084   Code   RO            4    .text.__NVIC_SetPriority  main.o
    0x00001248   0x00001248   0x00000022   Code   RO           89    .text._mutex_acquire  rtx_lib.o
    0x0000126a   0x0000126a   0x00000012   Code   RO           93    .text._mutex_free   rtx_lib.o
    0x0000127c   0x0000127c   0x00000034   Code   RO           87    .text._mutex_initialize  rtx_lib.o
    0x000012b0   0x000012b0   0x0000001e   Code   RO           91    .text._mutex_release  rtx_lib.o
    0x000012ce   0x000012ce   0x00000008   Code   RO           81    .text._platform_post_stackheap_init  rtx_lib.o
    0x000012d6   0x000012d6   0x00000002   PAD
    0x000012d8   0x000012d8   0x00000074   Code   RO           30    .text.audioRunFin   main.o
    0x0000134c   0x0000134c   0x00000050   Code   RO           28    .text.audioSong     main.o
    0x0000139c   0x0000139c   0x000000d8   Code   RO           52    .text.flashGreen    main.o
    0x00001474   0x00001474   0x00000114   Code   RO           50    .text.initLED       main.o
    0x00001588   0x00001588   0x00000100   Code   RO           20    .text.initMotors    main.o
    0x00001688   0x00001688   0x000000e4   Code   RO            2    .text.initUART2     main.o
    0x0000176c   0x0000176c   0x00000064   Code   RO           60    .text.main          main.o
    0x000017d0   0x000017d0   0x00000078   Code   RO           14    .text.moveBackward  main.o
    0x00001848   0x00001848   0x00000078   Code   RO           12    .text.moveForward   main.o
    0x000018c0   0x000018c0   0x0000007c   Code   RO           16    .text.moveLeft      main.o
    0x0000193c   0x0000193c   0x0000007c   Code   RO           18    .text.moveRight     main.o
    0x000019b8   0x000019b8   0x00000024   Code   RO           10    .text.moveStop      main.o
    0x000019dc   0x000019dc   0x00000050   Code   RO           46    .text.music         main.o
    0x00001a2c   0x00001a2c   0x00000028   Code   RO          349    .text.osDelay       RTX_CM0.lib(rtx_delay.o)
    0x00001a54   0x00001a54   0x00000030   Code   RO          159    .text.osKernelGetState  RTX_CM0.lib(rtx_kernel.o)
    0x00001a84   0x00001a84   0x00000028   Code   RO          153    .text.osKernelInitialize  RTX_CM0.lib(rtx_kernel.o)
    0x00001aac   0x00001aac   0x00000024   Code   RO          163    .text.osKernelStart  RTX_CM0.lib(rtx_kernel.o)
    0x00001ad0   0x00001ad0   0x00000074   Code   RO          564    .text.osMessageQueueGet  RTX_CM0.lib(rtx_msgqueue.o)
    0x00001b44   0x00001b44   0x00000024   Code   RO          558    .text.osMessageQueueNew  RTX_CM0.lib(rtx_msgqueue.o)
    0x00001b68   0x00001b68   0x00000078   Code   RO          562    .text.osMessageQueuePut  RTX_CM0.lib(rtx_msgqueue.o)
    0x00001be0   0x00001be0   0x00000028   Code   RO          372    .text.osMutexAcquire  RTX_CM0.lib(rtx_mutex.o)
    0x00001c08   0x00001c08   0x00000028   Code   RO          378    .text.osMutexDelete  RTX_CM0.lib(rtx_mutex.o)
    0x00001c30   0x00001c30   0x00000024   Code   RO          368    .text.osMutexNew    RTX_CM0.lib(rtx_mutex.o)
    0x00001c54   0x00001c54   0x00000028   Code   RO          374    .text.osMutexRelease  RTX_CM0.lib(rtx_mutex.o)
    0x00001c7c   0x00001c7c   0x00000040   Code   RO          118    .text.osRtxErrorNotify  rtx_config.o
    0x00001cbc   0x00001cbc   0x00000008   Code   RO          116    .text.osRtxIdleThread  rtx_config.o
    0x00001cc4   0x00001cc4   0x00000002   Code   RO          151    .text.osRtxKernelPreInit  RTX_CM0.lib(rtx_kernel.o)
    0x00001cc6   0x00001cc6   0x0000007c   Code   RO          449    .text.osRtxMemoryAlloc  RTX_CM0.lib(rtx_memory.o)
    0x00001d42   0x00001d42   0x0000004e   Code   RO          451    .text.osRtxMemoryFree  RTX_CM0.lib(rtx_memory.o)
    0x00001d90   0x00001d90   0x00000032   Code   RO          447    .text.osRtxMemoryInit  RTX_CM0.lib(rtx_memory.o)
    0x00001dc2   0x00001dc2   0x0000002e   Code   RO          464    .text.osRtxMemoryPoolAlloc  RTX_CM0.lib(rtx_mempool.o)
    0x00001df0   0x00001df0   0x0000003a   Code   RO          466    .text.osRtxMemoryPoolFree  RTX_CM0.lib(rtx_mempool.o)
    0x00001e2a   0x00001e2a   0x0000003e   Code   RO          462    .text.osRtxMemoryPoolInit  RTX_CM0.lib(rtx_mempool.o)
    0x00001e68   0x00001e68   0x000000bc   Code   RO          588    .text.osRtxMessageQueuePostProcess  RTX_CM0.lib(rtx_msgqueue.o)
    0x00001f24   0x00001f24   0x00000044   Code   RO          366    .text.osRtxMutexOwnerRelease  RTX_CM0.lib(rtx_mutex.o)
    0x00001f68   0x00001f68   0x0000007c   Code   RO          517    .text.osRtxPendSV_Handler  RTX_CM0.lib(rtx_system.o)
    0x00001fe4   0x00001fe4   0x00000068   Code   RO          519    .text.osRtxPostProcess  RTX_CM0.lib(rtx_system.o)
    0x0000204c   0x0000204c   0x00000034   Code   RO          236    .text.osRtxThreadBlock  RTX_CM0.lib(rtx_thread.o)
    0x00002080   0x00002080   0x0000007c   Code   RO          244    .text.osRtxThreadDelayInsert  RTX_CM0.lib(rtx_thread.o)
    0x000020fc   0x000020fc   0x00000040   Code   RO          240    .text.osRtxThreadDelayRemove  RTX_CM0.lib(rtx_thread.o)
    0x0000213c   0x0000213c   0x00000034   Code   RO          226    .text.osRtxThreadDelayTick  RTX_CM0.lib(rtx_thread.o)
    0x00002170   0x00002170   0x0000004c   Code   RO          234    .text.osRtxThreadDispatch  RTX_CM0.lib(rtx_thread.o)
    0x000021bc   0x000021bc   0x00000050   Code   RO          320    .text.osRtxThreadFree  RTX_CM0.lib(rtx_thread.o)
    0x0000220c   0x0000220c   0x00000014   Code   RO          218    .text.osRtxThreadListGet  RTX_CM0.lib(rtx_thread.o)
    0x00002220   0x00002220   0x0000002c   Code   RO          216    .text.osRtxThreadListPut  RTX_CM0.lib(rtx_thread.o)
    0x0000224c   0x0000224c   0x00000018   Code   RO          222    .text.osRtxThreadListRemove  RTX_CM0.lib(rtx_thread.o)
    0x00002264   0x00002264   0x00000026   Code   RO          220    .text.osRtxThreadListSort  RTX_CM0.lib(rtx_thread.o)
    0x0000228a   0x0000228a   0x00000026   Code   RO          294    .text.osRtxThreadPostProcess  RTX_CM0.lib(rtx_thread.o)
    0x000022b0   0x000022b0   0x00000014   Code   RO          224    .text.osRtxThreadReadyPut  RTX_CM0.lib(rtx_thread.o)
    0x000022c4   0x000022c4   0x00000006   Code   RO          228    .text.osRtxThreadRegPtr  RTX_CM0.lib(rtx_thread.o)
    0x000022ca   0x000022ca   0x00000002   PAD
    0x000022cc   0x000022cc   0x00000028   Code   RO          232    .text.osRtxThreadStackCheck  RTX_CM0.lib(rtx_thread.o)
    0x000022f4   0x000022f4   0x0000003c   Code   RO          246    .text.osRtxThreadStartup  RTX_CM0.lib(rtx_thread.o)
    0x00002330   0x00002330   0x00000010   Code   RO          230    .text.osRtxThreadSwitch  RTX_CM0.lib(rtx_thread.o)
    0x00002340   0x00002340   0x0000003c   Code   RO          242    .text.osRtxThreadWaitEnter  RTX_CM0.lib(rtx_thread.o)
    0x0000237c   0x0000237c   0x00000022   Code   RO          238    .text.osRtxThreadWaitExit  RTX_CM0.lib(rtx_thread.o)
    0x0000239e   0x0000239e   0x00000002   PAD
    0x000023a0   0x000023a0   0x00000074   Code   RO          515    .text.osRtxTick_Handler  RTX_CM0.lib(rtx_system.o)
    0x00002414   0x00002414   0x00000038   Code   RO          406    .text.osRtxTimerThread  RTX_CM0.lib(rtx_timer.o)
    0x0000244c   0x0000244c   0x00000060   Code   RO          408    .text.osRtxTimerTick  RTX_CM0.lib(rtx_timer.o)
    0x000024ac   0x000024ac   0x0000000c   Code   RO          278    .text.osThreadExit  RTX_CM0.lib(rtx_thread.o)
    0x000024b8   0x000024b8   0x00000024   Code   RO          250    .text.osThreadNew   RTX_CM0.lib(rtx_thread.o)
    0x000024dc   0x000024dc   0x0000002c   Code   RO           85    .text.os_kernel_is_active  rtx_lib.o
    0x00002508   0x00002508   0x00000012   Code   RO          353    .text.svcRtxDelay   RTX_CM0.lib(rtx_delay.o)
    0x0000251a   0x0000251a   0x00000002   PAD
    0x0000251c   0x0000251c   0x0000000c   Code   RO          161    .text.svcRtxKernelGetState  RTX_CM0.lib(rtx_kernel.o)
    0x00002528   0x00002528   0x00000148   Code   RO          191    .text.svcRtxKernelInitialize  RTX_CM0.lib(rtx_kernel.o)
    0x00002670   0x00002670   0x00000084   Code   RO          193    .text.svcRtxKernelStart  RTX_CM0.lib(rtx_kernel.o)
    0x000026f4   0x000026f4   0x000000e8   Code   RO          600    .text.svcRtxMessageQueueGet  RTX_CM0.lib(rtx_msgqueue.o)
    0x000027dc   0x000027dc   0x000001e4   Code   RO          586    .text.svcRtxMessageQueueNew  RTX_CM0.lib(rtx_msgqueue.o)
    0x000029c0   0x000029c0   0x000000b8   Code   RO          596    .text.svcRtxMessageQueuePut  RTX_CM0.lib(rtx_msgqueue.o)
    0x00002a78   0x00002a78   0x00000098   Code   RO          384    .text.svcRtxMutexAcquire  RTX_CM0.lib(rtx_mutex.o)
    0x00002b10   0x00002b10   0x000000b8   Code   RO          390    .text.svcRtxMutexDelete  RTX_CM0.lib(rtx_mutex.o)
    0x00002bc8   0x00002bc8   0x00000070   Code   RO          380    .text.svcRtxMutexNew  RTX_CM0.lib(rtx_mutex.o)
    0x00002c38   0x00002c38   0x000000c0   Code   RO          386    .text.svcRtxMutexRelease  RTX_CM0.lib(rtx_mutex.o)
    0x00002cf8   0x00002cf8   0x0000006c   Code   RO          324    .text.svcRtxThreadExit  RTX_CM0.lib(rtx_thread.o)
    0x00002d64   0x00002d64   0x000001ec   Code   RO          248    .text.svcRtxThreadNew  RTX_CM0.lib(rtx_thread.o)
    0x00002f50   0x00002f50   0x00000088   Code   RO           58    .text.tBrain        main.o
    0x00002fd8   0x00002fd8   0x000000b0   Code   RO          644    x$fpl$fmul          fz_ps.l(fmul.o)
    0x00003088   0x00003088   0x00000000   Code   RO          651    x$fpl$usenofp       fz_ps.l(usenofp.o)
    0x00003088   0x00003088   0x00000080   Data   RO          631    .constdata          fz_ps.l(ddiv.o)
    0x00003108   0x00003108   0x00000040   Data   RO          638    .constdata          fz_ps.l(fdiv.o)
    0x00003148   0x00003148   0x00000068   Data   RO           99    .rodata             rtx_lib.o
    0x000031b0   0x000031b0   0x00000038   Data   RO          102    .rodata             rtx_lib.o
    0x000031e8   0x000031e8   0x00000004   Data   RO          101    .rodata.osRtxUserSVC  rtx_lib.o
    0x000031ec   0x000031ec   0x00000024   Data   RO           96    .rodata.os_idle_thread_attr  rtx_lib.o
    0x00003210   0x00003210   0x00000018   Data   RO           98    .rodata.os_timer_mq_attr  rtx_lib.o
    0x00003228   0x00003228   0x00000024   Data   RO           97    .rodata.os_timer_thread_attr  rtx_lib.o
    0x0000324c   0x0000324c   0x0000000b   Data   RO          205    .rodata.str1.4      RTX_CM0.lib(rtx_kernel.o)
    0x00003257   0x00003257   0x00000001   PAD
    0x00003258   0x00003258   0x00000020   Data   RO          819    Region$$Table       anon$$obj.o


    Execution Region ER_RW (Exec base: 0x1ffff000, Load base: 0x00003278, Size: 0x00000238, Max: 0xffffffff, ABSOLUTE, COMPRESSED[0x0000006c])

    Exec Addr    Load Addr    Size         Type   Attr      Idx    E Section Name        Object

    0x1ffff000   COMPRESSED   0x00000004   Data   RW          143    .data.SystemCoreClock  system_mkl25z4.o
    0x1ffff004   COMPRESSED   0x000000a4   Data   RW          206    .data.os            RTX_CM0.lib(rtx_kernel.o)
    0x1ffff0a8   COMPRESSED   0x00000048   Data   RW           65    .data.songFirstSectionDurations  main.o
    0x1ffff0f0   COMPRESSED   0x00000100   Data   RW           63    .data.songMain      main.o
    0x1ffff1f0   COMPRESSED   0x00000048   Data   RW           64    .data.songRunFin    main.o


    Execution Region ER_ZI (Exec base: 0x1ffff238, Load base: 0x000032e4, Size: 0x000014c8, Max: 0xffffffff, ABSOLUTE)

    Exec Addr    Load Addr    Size         Type   Attr      Idx    E Section Name        Object

    0x1ffff238        -       0x00000060   Zero   RW          683    .bss                c_p.l(libspace.o)
    0x1ffff298        -       0x00000001   Zero   RW          548    .bss.PendST         RTX_CM0.lib(os_systick.o)
    0x1ffff299   0x000032e4   0x00000003   PAD
    0x1ffff29c        -       0x00000004   Zero   RW           67    .bss.currNote       main.o
    0x1ffff2a0        -       0x00000001   Zero   RW           70    .bss.data           main.o
    0x1ffff2a1   0x000032e4   0x00000007   PAD
    0x1ffff2a8        -       0x00001040   Zero   RW           95    .bss.os             rtx_lib.o
    0x200002e8        -       0x00000034   Zero   RW          106    .bss.os.msgqueue.cb  rtx_lib.o
    0x2000031c        -       0x00000050   Zero   RW          107    .bss.os.msgqueue.mem  rtx_lib.o
    0x2000036c        -       0x00000088   Zero   RW          104    .bss.os.thread.cb   rtx_lib.o
    0x200003f4   0x000032e4   0x00000004   PAD
    0x200003f8        -       0x00000200   Zero   RW          105    .bss.os.thread.stack  rtx_lib.o
    0x200005f8        -       0x00000001   Zero   RW          108    .bss.os_kernel_is_active.os_kernel_active  rtx_lib.o
    0x200005f9        -       0x00000001   Zero   RW           66    .bss.victoryMusic   main.o
    0x200005fa   0x000032e4   0x00000006   PAD
    0x20000600        -       0x00000000   Zero   RW          127    HEAP                startup_mkl25z4.o
    0x20000600        -       0x00000100   Zero   RW          126    STACK               startup_mkl25z4.o


==============================================================================

Image component sizes


      Code (inc. data)   RO Data    RW Data    ZI Data      Debug   Object Name

      2448        340          0        400          6      10359   main.o
        72         20          0          0          0        732   rtx_config.o
       186          4        260          0       4941       7049   rtx_lib.o
        80         44        192          0        256        916   startup_mkl25z4.o
       568         52          0          4          0       2580   system_mkl25z4.o

    ----------------------------------------------------------------------
      3356        460        484        404       5220      21636   Object Totals
         0          0         32          0          0          0   (incl. Generated)
         2          0          0          0         17          0   (incl. Padding)

    ----------------------------------------------------------------------

      Code (inc. data)   RO Data    RW Data    ZI Data      Debug   Library Member Name

       164          8          0          0          0        496   irq_cm0.o
       122         16          0          0          1       2766   os_systick.o
        58          4          0          0          0       2753   rtx_delay.o
       598         48         11        164          0      16105   rtx_kernel.o
       252          0          0          0          0       2564   rtx_memory.o
       166          0          0          0          0      14282   rtx_mempool.o
      1564         40          0          0          0      17889   rtx_msgqueue.o
       864         28          0          0          0       9201   rtx_mutex.o
       344         18          0          0          0       4635   rtx_system.o
      1574         56          0          0          0      30867   rtx_thread.o
       228         16          0          0          0      10018   rtx_timer.o
        86          0          0          0          0          0   __dczerorl2.o
         8          0          0          0          0         68   __main.o
         0          0          0          0          0          0   __rtentry.o
        20          0          0          0          0          0   __rtentry2.o
         6          0          0          0          0          0   __rtentry4.o
        86         10          0          0          0          0   __scatter.o
        28          0          0          0          0          0   __scatter_zi.o
       364          4          0          0          0         92   aeabi_sdiv.o
        16          0          0          0          0         68   exit.o
         6          0          0          0          0        136   heapauxi.o
         0          0          0          0          0          0   indicate_semi.o
         2          0          0          0          0          0   libinit.o
         2          0          0          0          0          0   libinit2.o
         2          0          0          0          0          0   libshutdown.o
         2          0          0          0          0          0   libshutdown2.o
         8          4          0          0         96         68   libspace.o
        64          0          0          0          0        108   rt_memclr.o
       186          0          0          0          0        144   rt_memcpy.o
         2          0          0          0          0          0   rtexit.o
        10          0          0          0          0          0   rtexit2.o
        12          4          0          0          0         60   sys_exit.o
        62          0          0          0          0         80   sys_stackheap_outer.o
         2          0          0          0          0         68   use_no_semi.o
      1096         26        128          0          0        112   ddiv.o
        72          4          0          0          0         68   dfixui.o
        88          0          0          0          0         92   dflti.o
       352         10         64          0          0         92   fdiv.o
        76          0          0          0          0         68   ffixi.o
        94          0          0          0          0         92   fflti.o
       176          4          0          0          0         80   fmul.o
         0          0          0          0          0          0   usenofp.o

    ----------------------------------------------------------------------
      8876        300        204        164        100     113072   Library Totals
        14          0          1          0          3          0   (incl. Padding)

    ----------------------------------------------------------------------

      Code (inc. data)   RO Data    RW Data    ZI Data      Debug   Library Name

      5934        234         11        164          1     111576   RTX_CM0.lib
       974         22          0          0         96        892   c_p.l
      1954         44        192          0          0        604   fz_ps.l

    ----------------------------------------------------------------------
      8876        300        204        164        100     113072   Library Totals

    ----------------------------------------------------------------------

==============================================================================


      Code (inc. data)   RO Data    RW Data    ZI Data      Debug   

     12232        760        688        568       5320     133924   Grand Totals
     12232        760        688        108       5320     133924   ELF Image Totals (compressed)
     12232        760        688        108          0          0   ROM Totals

==============================================================================

    Total RO  Size (Code + RO Data)                12920 (  12.62kB)
    Total RW  Size (RW Data + ZI Data)              5888 (   5.75kB)
    Total ROM Size (Code + RO Data + RW Data)      13028 (  12.72kB)

==============================================================================

