Component: Arm Compiler for Embedded 6.21 Tool: armlink [5ec1fa00]

==============================================================================

Section Cross References

    main.o(.text.initUART2) refers to aeabi_sdiv.o(.text) for __aeabi_uidiv
    main.o(.text.initUART2) refers to main.o(.text.__NVIC_SetPriority) for __NVIC_SetPriority
    main.o(.text.initUART2) refers to main.o(.text.__NVIC_ClearPendingIRQ) for __NVIC_ClearPendingIRQ
    main.o(.text.initUART2) refers to main.o(.text.__NVIC_EnableIRQ) for __NVIC_EnableIRQ
    main.o(.ARM.exidx.text.initUART2) refers to main.o(.text.initUART2) for [Anonymous Symbol]
    main.o(.ARM.exidx.text.__NVIC_SetPriority) refers to main.o(.text.__NVIC_SetPriority) for [Anonymous Symbol]
    main.o(.ARM.exidx.text.__NVIC_ClearPendingIRQ) refers to main.o(.text.__NVIC_ClearPendingIRQ) for [Anonymous Symbol]
    main.o(.ARM.exidx.text.__NVIC_EnableIRQ) refers to main.o(.text.__NVIC_EnableIRQ) for [Anonymous Symbol]
    main.o(.ARM.exidx.text.moveStop) refers to main.o(.text.moveStop) for [Anonymous Symbol]
    main.o(.text.moveForward) refers to fflti.o(.text) for __aeabi_i2f
    main.o(.text.moveForward) refers to fdiv.o(.text) for __aeabi_fdiv
    main.o(.text.moveForward) refers to fmul.o(x$fpl$fmul) for __aeabi_fmul
    main.o(.text.moveForward) refers to ffixui.o(.text) for __aeabi_f2uiz
    main.o(.ARM.exidx.text.moveForward) refers to main.o(.text.moveForward) for [Anonymous Symbol]
    main.o(.text.moveBackward) refers to fflti.o(.text) for __aeabi_i2f
    main.o(.text.moveBackward) refers to fdiv.o(.text) for __aeabi_fdiv
    main.o(.text.moveBackward) refers to fmul.o(x$fpl$fmul) for __aeabi_fmul
    main.o(.text.moveBackward) refers to ffixui.o(.text) for __aeabi_f2uiz
    main.o(.ARM.exidx.text.moveBackward) refers to main.o(.text.moveBackward) for [Anonymous Symbol]
    main.o(.text.moveLeft) refers to fflti.o(.text) for __aeabi_i2f
    main.o(.text.moveLeft) refers to fdiv.o(.text) for __aeabi_fdiv
    main.o(.text.moveLeft) refers to fmul.o(x$fpl$fmul) for __aeabi_fmul
    main.o(.text.moveLeft) refers to ffixui.o(.text) for __aeabi_f2uiz
    main.o(.ARM.exidx.text.moveLeft) refers to main.o(.text.moveLeft) for [Anonymous Symbol]
    main.o(.text.moveRight) refers to fflti.o(.text) for __aeabi_i2f
    main.o(.text.moveRight) refers to fdiv.o(.text) for __aeabi_fdiv
    main.o(.text.moveRight) refers to fmul.o(x$fpl$fmul) for __aeabi_fmul
    main.o(.text.moveRight) refers to ffixui.o(.text) for __aeabi_f2uiz
    main.o(.ARM.exidx.text.moveRight) refers to main.o(.text.moveRight) for [Anonymous Symbol]
    main.o(.ARM.exidx.text.initMotors) refers to main.o(.text.initMotors) for [Anonymous Symbol]
    main.o(.ARM.exidx.text.delay) refers to main.o(.text.delay) for [Anonymous Symbol]
    main.o(.ARM.exidx.text.PWM_Init) refers to main.o(.text.PWM_Init) for [Anonymous Symbol]
    main.o(.text.audioConnEst) refers to aeabi_sdiv.o(.text) for __aeabi_idiv
    main.o(.text.audioConnEst) refers to rtx_delay.o(.text.osDelay) for osDelay
    main.o(.text.audioConnEst) refers to main.o(.data.songConnEst) for [Anonymous Symbol]
    main.o(.ARM.exidx.text.audioConnEst) refers to main.o(.text.audioConnEst) for [Anonymous Symbol]
    main.o(.text.audioSong) refers to aeabi_sdiv.o(.text) for __aeabi_idiv
    main.o(.text.audioSong) refers to rtx_delay.o(.text.osDelay) for osDelay
    main.o(.text.audioSong) refers to main.o(.data.songMain) for [Anonymous Symbol]
    main.o(.ARM.exidx.text.audioSong) refers to main.o(.text.audioSong) for [Anonymous Symbol]
    main.o(.text.audioRunFin) refers to aeabi_sdiv.o(.text) for __aeabi_idiv
    main.o(.text.audioRunFin) refers to rtx_delay.o(.text.osDelay) for osDelay
    main.o(.text.audioRunFin) refers to main.o(.data.songRunFin) for [Anonymous Symbol]
    main.o(.ARM.exidx.text.audioRunFin) refers to main.o(.text.audioRunFin) for [Anonymous Symbol]
    main.o(.text.music) refers to main.o(.text.audioSong) for audioSong
    main.o(.text.music) refers to main.o(.bss.currNote) for [Anonymous Symbol]
    main.o(.ARM.exidx.text.music) refers to main.o(.text.music) for [Anonymous Symbol]
    main.o(.ARM.exidx.text.delay1) refers to main.o(.text.delay1) for [Anonymous Symbol]
    main.o(.ARM.exidx.text.initLED) refers to main.o(.text.initLED) for [Anonymous Symbol]
    main.o(.text.flashGreen) refers to rtx_delay.o(.text.osDelay) for osDelay
    main.o(.ARM.exidx.text.flashGreen) refers to main.o(.text.flashGreen) for [Anonymous Symbol]
    main.o(.text.RedBlink) refers to rtx_delay.o(.text.osDelay) for osDelay
    main.o(.ARM.exidx.text.RedBlink) refers to main.o(.text.RedBlink) for [Anonymous Symbol]
    main.o(.text.UART2_IRQHandler) refers to main.o(.text.__NVIC_ClearPendingIRQ) for __NVIC_ClearPendingIRQ
    main.o(.text.UART2_IRQHandler) refers to main.o(.bss.data) for [Anonymous Symbol]
[...]
    SVC_Number                               0x000001ee   Number         0  irq_armv6m.o(.text)
    SVC_Context                              0x00000204   Number         0  irq_armv6m.o(.text)
    SVC_ContextSave                          0x00000214   Number         0  irq_armv6m.o(.text)
    SVC_ContextRestore                       0x00000228   Number         0  irq_armv6m.o(.text)
    SVC_MSP                                  0x00000244   Number         0  irq_armv6m.o(.text)
    SVC_Exit                                 0x0000024a   Number         0  irq_armv6m.o(.text)
    SVC_User                                 0x0000024c   Number         0  irq_armv6m.o(.text)
    .text                                    0x00000288   Section        0  rt_memcpy.o(.text)
    .text                                    0x0000030a   Section        0  rt_memclr.o(.text)
    .text                                    0x0000034a   Section        0  heapauxi.o(.text)
    .text                                    0x00000350   Section        0  ffixui.o(.text)
    .text                                    0x00000380   Section        0  fflti.o(.text)
    .text                                    0x000003de   Section        0  exit.o(.text)
    .text                                    0x000003f0   Section        8  libspace.o(.text)
    .text                                    0x000003f8   Section        2  use_no_semi.o(.text)
    [Anonymous Symbol]                       0x000003fa   Section        0  os_systick.o(.text.OS_Tick_GetIRQn)
    .text                                    0x000003fa   Section        0  indicate_semi.o(.text)
    .ARM.__at_0x400                          0x00000400   Section       16  startup_mkl25z4.o(.ARM.__at_0x400)
    .text                                    0x00000410   Section      364  aeabi_sdiv.o(.text)
    .text                                    0x0000057c   Section        0  fdiv.o(.text)
    .text                                    0x000006dc   Section       62  sys_stackheap_outer.o(.text)
    .text                                    0x0000071c   Section        0  sys_exit.o(.text)
    .text                                    0x00000728   Section        0  __dczerorl2.o(.text)
    MessageQueueGet                          0x0000077f   Thumb Code    66  rtx_msgqueue.o(.text.MessageQueueGet)
    [Anonymous Symbol]                       0x0000077e   Section        0  rtx_msgqueue.o(.text.MessageQueueGet)
    MessageQueuePut                          0x000007c1   Thumb Code    94  rtx_msgqueue.o(.text.MessageQueuePut)
    [Anonymous Symbol]                       0x000007c0   Section        0  rtx_msgqueue.o(.text.MessageQueuePut)
    MessageQueueRemove                       0x0000081f   Thumb Code    30  rtx_msgqueue.o(.text.MessageQueueRemove)
    [Anonymous Symbol]                       0x0000081e   Section        0  rtx_msgqueue.o(.text.MessageQueueRemove)
    [Anonymous Symbol]                       0x0000083c   Section        0  os_systick.o(.text.OS_Tick_AcknowledgeIRQ)
    [Anonymous Symbol]                       0x00000844   Section        0  os_systick.o(.text.OS_Tick_Enable)
    __arm_cp.1_1                             0x00000864   Number         4  os_systick.o(.text.OS_Tick_Enable)
    [Anonymous Symbol]                       0x00000868   Section        0  os_systick.o(.text.OS_Tick_Setup)
    __arm_cp.0_1                             0x000008a4   Number         4  os_systick.o(.text.OS_Tick_Setup)
    __arm_cp.0_2                             0x000008a8   Number         4  os_systick.o(.text.OS_Tick_Setup)
    __arm_cp.0_3                             0x000008ac   Number         4  os_systick.o(.text.OS_Tick_Setup)
    [Anonymous Symbol]                       0x000008b0   Section        0  main.o(.text.PWM_Init)
    __arm_cp.11_1                            0x00000908   Number         4  main.o(.text.PWM_Init)
    __arm_cp.11_2                            0x0000090c   Number         4  main.o(.text.PWM_Init)
    __arm_cp.11_4                            0x00000910   Number         4  main.o(.text.PWM_Init)
    __arm_cp.11_5                            0x00000914   Number         4  main.o(.text.PWM_Init)
    __arm_cp.11_6                            0x00000918   Number         4  main.o(.text.PWM_Init)
    __arm_cp.11_7                            0x0000091c   Number         4  main.o(.text.PWM_Init)
    __arm_cp.11_8                            0x00000920   Number         4  main.o(.text.PWM_Init)
    [Anonymous Symbol]                       0x00000924   Section        0  main.o(.text.RedBlink)
    __arm_cp.19_0                            0x0000094c   Number         4  main.o(.text.RedBlink)
    __arm_cp.19_1                            0x00000950   Number         4  main.o(.text.RedBlink)
    [Anonymous Symbol]                       0x00000954   Section        0  system_mkl25z4.o(.text.SystemCoreClockUpdate)
    __arm_cp.1_1                             0x00000b50   Number         4  system_mkl25z4.o(.text.SystemCoreClockUpdate)
    __arm_cp.1_4                             0x00000b54   Number         4  system_mkl25z4.o(.text.SystemCoreClockUpdate)
    __arm_cp.1_8                             0x00000b58   Number         4  system_mkl25z4.o(.text.SystemCoreClockUpdate)
    __arm_cp.1_9                             0x00000b5c   Number         4  system_mkl25z4.o(.text.SystemCoreClockUpdate)
    __arm_cp.1_11                            0x00000b60   Number         4  system_mkl25z4.o(.text.SystemCoreClockUpdate)
    [Anonymous Symbol]                       0x00000b64   Section        0  system_mkl25z4.o(.text.SystemInit)
    __arm_cp.0_0                             0x00000c64   Number         4  system_mkl25z4.o(.text.SystemInit)
    __arm_cp.0_1                             0x00000c68   Number         4  system_mkl25z4.o(.text.SystemInit)
    __arm_cp.0_2                             0x00000c6c   Number         4  system_mkl25z4.o(.text.SystemInit)
    __arm_cp.0_3                             0x00000c70   Number         4  system_mkl25z4.o(.text.SystemInit)
    __arm_cp.0_4                             0x00000c74   Number         4  system_mkl25z4.o(.text.SystemInit)
    __arm_cp.0_5                             0x00000c78   Number         4  system_mkl25z4.o(.text.SystemInit)
    __arm_cp.0_6                             0x00000c7c   Number         4  system_mkl25z4.o(.text.SystemInit)
    __arm_cp.0_7                             0x00000c80   Number         4  system_mkl25z4.o(.text.SystemInit)
    __arm_cp.0_8                             0x00000c84   Number         4  system_mkl25z4.o(.text.SystemInit)
    __arm_cp.0_9                             0x00000c88   Number         4  system_mkl25z4.o(.text.SystemInit)
    __arm_cp.0_10                            0x00000c8c   Number         4  system_mkl25z4.o(.text.SystemInit)
    __arm_cp.0_11                            0x00000c90   Number         4  system_mkl25z4.o(.text.SystemInit)
    __arm_cp.0_12                            0x00000c94   Number         4  system_mkl25z4.o(.text.SystemInit)
    __arm_cp.0_13                            0x00000c98   Number         4  system_mkl25z4.o(.text.SystemInit)
    __arm_cp.0_14                            0x00000c9c   Number         4  system_mkl25z4.o(.text.SystemInit)
    __arm_cp.0_15                            0x00000ca0   Number         4  system_mkl25z4.o(.text.SystemInit)
    __arm_cp.0_16                            0x00000ca4   Number         4  system_mkl25z4.o(.text.SystemInit)
    __arm_cp.0_17                            0x00000ca8   Number         4  system_mkl25z4.o(.text.SystemInit)
    __arm_cp.0_18                            0x00000cac   Number         4  system_mkl25z4.o(.text.SystemInit)
    __arm_cp.0_19                            0x00000cb0   Number         4  system_mkl25z4.o(.text.SystemInit)
    ThreadFlagsCheck                         0x00000cb5   Thumb Code    74  rtx_thread.o(.text.ThreadFlagsCheck)
    [Anonymous Symbol]                       0x00000cb4   Section        0  rtx_thread.o(.text.ThreadFlagsCheck)
    TimerInsert                              0x00000d01   Thumb Code    72  rtx_timer.o(.text.TimerInsert)
    [Anonymous Symbol]                       0x00000d00   Section        0  rtx_timer.o(.text.TimerInsert)
    __arm_cp.9_0                             0x00000d48   Number         4  rtx_timer.o(.text.TimerInsert)
    [Anonymous Symbol]                       0x00000d4c   Section        0  main.o(.text.UART2_IRQHandler)
    __arm_cp.20_0                            0x00000d6c   Number         4  main.o(.text.UART2_IRQHandler)
    __arm_cp.20_1                            0x00000d70   Number         4  main.o(.text.UART2_IRQHandler)
    __arm_cp.20_2                            0x00000d74   Number         4  main.o(.text.UART2_IRQHandler)
    __NVIC_ClearPendingIRQ                   0x00000d79   Thumb Code    40  main.o(.text.__NVIC_ClearPendingIRQ)
    [Anonymous Symbol]                       0x00000d78   Section        0  main.o(.text.__NVIC_ClearPendingIRQ)
    __arm_cp.2_0                             0x00000da0   Number         4  main.o(.text.__NVIC_ClearPendingIRQ)
    __NVIC_EnableIRQ                         0x00000da5   Thumb Code    40  main.o(.text.__NVIC_EnableIRQ)
    [Anonymous Symbol]                       0x00000da4   Section        0  main.o(.text.__NVIC_EnableIRQ)
    __arm_cp.3_0                             0x00000dcc   Number         4  main.o(.text.__NVIC_EnableIRQ)
    __NVIC_SetPriority                       0x00000dd1   Thumb Code   124  main.o(.text.__NVIC_SetPriority)
    [Anonymous Symbol]                       0x00000dd0   Section        0  main.o(.text.__NVIC_SetPriority)
    __arm_cp.1_0                             0x00000e4c   Number         4  main.o(.text.__NVIC_SetPriority)
    __arm_cp.1_1                             0x00000e50   Number         4  main.o(.text.__NVIC_SetPriority)
    __tagsym$$used.1                         0x00000e54   Number         0  rtx_lib.o(.text._mutex_acquire)
    [Anonymous Symbol]                       0x00000e54   Section        0  rtx_lib.o(.text._mutex_acquire)
    __tagsym$$used.3                         0x00000e76   Number         0  rtx_lib.o(.text._mutex_free)
    [Anonymous Symbol]                       0x00000e76   Section        0  rtx_lib.o(.text._mutex_free)
    __tagsym$$used.0                         0x00000e88   Number         0  rtx_lib.o(.text._mutex_initialize)
    [Anonymous Symbol]                       0x00000e88   Section        0  rtx_lib.o(.text._mutex_initialize)
    __tagsym$$used.2                         0x00000ebc   Number         0  rtx_lib.o(.text._mutex_release)
    [Anonymous Symbol]                       0x00000ebc   Section        0  rtx_lib.o(.text._mutex_release)
    [Anonymous Symbol]                       0x00000eda   Section        0  rtx_lib.o(.text._platform_post_stackheap_init)
    [Anonymous Symbol]                       0x00000ee4   Section        0  main.o(.text.audioSong)
    __arm_cp.13_0                            0x00000f28   Number         4  main.o(.text.audioSong)
    __arm_cp.13_1                            0x00000f2c   Number         4  main.o(.text.audioSong)
    __arm_cp.13_2                            0x00000f30   Number         4  main.o(.text.audioSong)
    __arm_cp.13_3                            0x00000f34   Number         4  main.o(.text.audioSong)
    [Anonymous Symbol]                       0x00000f38   Section        0  main.o(.text.flashGreen)
    __arm_cp.18_0                            0x00000ff0   Number         4  main.o(.text.flashGreen)
    __arm_cp.18_1                            0x00000ff4   Number         4  main.o(.text.flashGreen)
    __arm_cp.18_2                            0x00000ff8   Number         4  main.o(.text.flashGreen)
    __arm_cp.18_3                            0x00000ffc   Number         4  main.o(.text.flashGreen)
    __arm_cp.18_4                            0x00001000   Number         4  main.o(.text.flashGreen)
    __arm_cp.18_5                            0x00001004   Number         4  main.o(.text.flashGreen)
    __arm_cp.18_6                            0x00001008   Number         4  main.o(.text.flashGreen)
    __arm_cp.18_7                            0x0000100c   Number         4  main.o(.text.flashGreen)
    [Anonymous Symbol]                       0x00001010   Section        0  main.o(.text.initLED)
    __arm_cp.17_1                            0x000010f0   Number         4  main.o(.text.initLED)
    __arm_cp.17_3                            0x000010f4   Number         4  main.o(.text.initLED)
    __arm_cp.17_4                            0x000010f8   Number         4  main.o(.text.initLED)
    __arm_cp.17_5                            0x000010fc   Number         4  main.o(.text.initLED)
    __arm_cp.17_6                            0x00001100   Number         4  main.o(.text.initLED)
    __arm_cp.17_7                            0x00001104   Number         4  main.o(.text.initLED)
    __arm_cp.17_8                            0x00001108   Number         4  main.o(.text.initLED)
    __arm_cp.17_9                            0x0000110c   Number         4  main.o(.text.initLED)
    __arm_cp.17_10                           0x00001110   Number         4  main.o(.text.initLED)
    __arm_cp.17_11                           0x00001114   Number         4  main.o(.text.initLED)
    __arm_cp.17_12                           0x00001118   Number         4  main.o(.text.initLED)
    __arm_cp.17_13                           0x0000111c   Number         4  main.o(.text.initLED)
    __arm_cp.17_14                           0x00001120   Number         4  main.o(.text.initLED)
    [Anonymous Symbol]                       0x00001124   Section        0  main.o(.text.initMotors)
    __arm_cp.9_1                             0x000011f4   Number         4  main.o(.text.initMotors)
    __arm_cp.9_3                             0x000011f8   Number         4  main.o(.text.initMotors)
    __arm_cp.9_4                             0x000011fc   Number         4  main.o(.text.initMotors)
    __arm_cp.9_5                             0x00001200   Number         4  main.o(.text.initMotors)
    __arm_cp.9_6                             0x00001204   Number         4  main.o(.text.initMotors)
    __arm_cp.9_7                             0x00001208   Number         4  main.o(.text.initMotors)
    __arm_cp.9_9                             0x0000120c   Number         4  main.o(.text.initMotors)
    __arm_cp.9_10                            0x00001210   Number         4  main.o(.text.initMotors)
    __arm_cp.9_11                            0x00001214   Number         4  main.o(.text.initMotors)
    __arm_cp.9_12                            0x00001218   Number         4  main.o(.text.initMotors)
    __arm_cp.9_13                            0x0000121c   Number         4  main.o(.text.initMotors)
    __arm_cp.9_14                            0x00001220   Number         4  main.o(.text.initMotors)
    [Anonymous Symbol]                       0x00001224   Section        0  main.o(.text.initUART2)
    __arm_cp.0_0                             0x000012dc   Number         4  main.o(.text.initUART2)
    __arm_cp.0_1                             0x000012e0   Number         4  main.o(.text.initUART2)
    __arm_cp.0_2                             0x000012e4   Number         4  main.o(.text.initUART2)
    __arm_cp.0_3                             0x000012e8   Number         4  main.o(.text.initUART2)
    __arm_cp.0_4                             0x000012ec   Number         4  main.o(.text.initUART2)
    __arm_cp.0_5                             0x000012f0   Number         4  main.o(.text.initUART2)
    __arm_cp.0_6                             0x000012f4   Number         4  main.o(.text.initUART2)
    __arm_cp.0_7                             0x000012f8   Number         4  main.o(.text.initUART2)
    __arm_cp.0_8                             0x000012fc   Number         4  main.o(.text.initUART2)
    __arm_cp.0_9                             0x00001300   Number         4  main.o(.text.initUART2)
    __arm_cp.0_10                            0x00001304   Number         4  main.o(.text.initUART2)
    __arm_cp.0_11                            0x00001308   Number         4  main.o(.text.initUART2)
    [Anonymous Symbol]                       0x0000130c   Section        0  main.o(.text.main)
    __arm_cp.22_0                            0x00001360   Number         4  main.o(.text.main)
    __arm_cp.22_1                            0x00001364   Number         4  main.o(.text.main)
    __arm_cp.22_2                            0x00001368   Number         4  main.o(.text.main)
    __arm_cp.22_3                            0x0000136c   Number         4  main.o(.text.main)
    [Anonymous Symbol]                       0x00001370   Section        0  main.o(.text.moveBackward)
    [Anonymous Symbol]                       0x000013e4   Section        0  main.o(.text.moveForward)
    [Anonymous Symbol]                       0x00001458   Section        0  main.o(.text.moveLeft)
    __arm_cp.7_2                             0x000014cc   Number         4  main.o(.text.moveLeft)
    [Anonymous Symbol]                       0x000014d0   Section        0  main.o(.text.moveRight)
    __arm_cp.8_0                             0x00001540   Number         4  main.o(.text.moveRight)
    __arm_cp.8_1                             0x00001544   Number         4  main.o(.text.moveRight)
    [Anonymous Symbol]                       0x00001548   Section        0  main.o(.text.moveStop)
    __arm_cp.4_0                             0x0000155c   Number         4  main.o(.text.moveStop)
    __arm_cp.4_1                             0x00001560   Number         4  main.o(.text.moveStop)
    __arm_cp.4_2                             0x00001564   Number         4  main.o(.text.moveStop)
    __arm_cp.4_3                             0x00001568   Number         4  main.o(.text.moveStop)
    [Anonymous Symbol]                       0x0000156c   Section        0  main.o(.text.music)
    __arm_cp.15_0                            0x000015a0   Number         4  main.o(.text.music)
    [Anonymous Symbol]                       0x000015a4   Section        0  rtx_delay.o(.text.osDelay)
    __arm_cp.0_0                             0x000015c8   Number         4  rtx_delay.o(.text.osDelay)
    [Anonymous Symbol]                       0x000015cc   Section        0  rtx_kernel.o(.text.osKernelGetState)
    __arm_cp.5_0                             0x000015f4   Number         4  rtx_kernel.o(.text.osKernelGetState)
    __arm_cp.5_1                             0x000015f8   Number         4  rtx_kernel.o(.text.osKernelGetState)
    [Anonymous Symbol]                       0x000015fc   Section        0  rtx_kernel.o(.text.osKernelInitialize)
    __arm_cp.2_0                             0x00001620   Number         4  rtx_kernel.o(.text.osKernelInitialize)
    [Anonymous Symbol]                       0x00001624   Section        0  rtx_kernel.o(.text.osKernelStart)
    __arm_cp.7_0                             0x00001644   Number         4  rtx_kernel.o(.text.osKernelStart)
    [Anonymous Symbol]                       0x00001648   Section        0  rtx_msgqueue.o(.text.osMessageQueueGet)
    __arm_cp.5_0                             0x000016b8   Number         4  rtx_msgqueue.o(.text.osMessageQueueGet)
    [Anonymous Symbol]                       0x000016bc   Section        0  rtx_msgqueue.o(.text.osMessageQueuePut)
    __arm_cp.4_0                             0x0000172c   Number         4  rtx_msgqueue.o(.text.osMessageQueuePut)
    [Anonymous Symbol]                       0x00001730   Section        0  rtx_mutex.o(.text.osMutexAcquire)
    __arm_cp.4_0                             0x00001754   Number         4  rtx_mutex.o(.text.osMutexAcquire)
    [Anonymous Symbol]                       0x00001758   Section        0  rtx_mutex.o(.text.osMutexDelete)
    __arm_cp.7_0                             0x0000177c   Number         4  rtx_mutex.o(.text.osMutexDelete)
    [Anonymous Symbol]                       0x00001780   Section        0  rtx_mutex.o(.text.osMutexNew)
    __arm_cp.2_0                             0x000017a0   Number         4  rtx_mutex.o(.text.osMutexNew)
    [Anonymous Symbol]                       0x000017a4   Section        0  rtx_mutex.o(.text.osMutexRelease)
    __arm_cp.5_0                             0x000017c8   Number         4  rtx_mutex.o(.text.osMutexRelease)
    [Anonymous Symbol]                       0x000017cc   Section        0  rtx_config.o(.text.osRtxErrorNotify)
    [Anonymous Symbol]                       0x0000180c   Section        0  rtx_config.o(.text.osRtxIdleThread)
    [Anonymous Symbol]                       0x00001814   Section        0  rtx_kernel.o(.text.osRtxKernelErrorNotify)
    [Anonymous Symbol]                       0x0000181c   Section        0  rtx_kernel.o(.text.osRtxKernelPreInit)
    [Anonymous Symbol]                       0x0000181e   Section        0  rtx_memory.o(.text.osRtxMemoryAlloc)
    [Anonymous Symbol]                       0x00001896   Section        0  rtx_memory.o(.text.osRtxMemoryFree)
    [Anonymous Symbol]                       0x000018e4   Section        0  rtx_memory.o(.text.osRtxMemoryInit)
    [Anonymous Symbol]                       0x00001912   Section        0  rtx_mempool.o(.text.osRtxMemoryPoolAlloc)
    [Anonymous Symbol]                       0x0000193c   Section        0  rtx_mempool.o(.text.osRtxMemoryPoolFree)
    [Anonymous Symbol]                       0x00001972   Section        0  rtx_mempool.o(.text.osRtxMemoryPoolInit)
    osRtxMessageQueuePostProcess             0x000019af   Thumb Code   188  rtx_msgqueue.o(.text.osRtxMessageQueuePostProcess)
    [Anonymous Symbol]                       0x000019ae   Section        0  rtx_msgqueue.o(.text.osRtxMessageQueuePostProcess)
    [Anonymous Symbol]                       0x00001a6c   Section        0  rtx_msgqueue.o(.text.osRtxMessageQueueTimerSetup)
    __arm_cp.0_0                             0x00001a8c   Number         4  rtx_msgqueue.o(.text.osRtxMessageQueueTimerSetup)
    [Anonymous Symbol]                       0x00001a90   Section        0  rtx_mutex.o(.text.osRtxMutexOwnerRelease)
    [Anonymous Symbol]                       0x00001ad4   Section        0  rtx_mutex.o(.text.osRtxMutexOwnerRestore)
    [Anonymous Symbol]                       0x00001b1c   Section        0  rtx_system.o(.text.osRtxPendSV_Handler)
    [Anonymous Symbol]                       0x00001b9c   Section        0  rtx_system.o(.text.osRtxPostProcess)
    __arm_cp.2_1                             0x00001c04   Number         4  rtx_system.o(.text.osRtxPostProcess)
    osRtxThreadBlock                         0x00001c09   Thumb Code    52  rtx_thread.o(.text.osRtxThreadBlock)
    [Anonymous Symbol]                       0x00001c08   Section        0  rtx_thread.o(.text.osRtxThreadBlock)
    osRtxThreadDelayInsert                   0x00001c3d   Thumb Code   140  rtx_thread.o(.text.osRtxThreadDelayInsert)
    [Anonymous Symbol]                       0x00001c3c   Section        0  rtx_thread.o(.text.osRtxThreadDelayInsert)
    osRtxThreadDelayRemove                   0x00001cc9   Thumb Code    68  rtx_thread.o(.text.osRtxThreadDelayRemove)
    [Anonymous Symbol]                       0x00001cc8   Section        0  rtx_thread.o(.text.osRtxThreadDelayRemove)
    [Anonymous Symbol]                       0x00001d0c   Section        0  rtx_thread.o(.text.osRtxThreadDelayTick)
    osRtxThreadDestroy                       0x00001d61   Thumb Code    40  rtx_thread.o(.text.osRtxThreadDestroy)
    [Anonymous Symbol]                       0x00001d60   Section        0  rtx_thread.o(.text.osRtxThreadDestroy)
    [Anonymous Symbol]                       0x00001d88   Section        0  rtx_thread.o(.text.osRtxThreadDispatch)
    osRtxThreadFree                          0x00001dd5   Thumb Code    80  rtx_thread.o(.text.osRtxThreadFree)
    [Anonymous Symbol]                       0x00001dd4   Section        0  rtx_thread.o(.text.osRtxThreadFree)
    __arm_cp.51_0                            0x00001e24   Number         4  rtx_thread.o(.text.osRtxThreadFree)
    osRtxThreadJoinWakeup                    0x00001e29   Thumb Code    32  rtx_thread.o(.text.osRtxThreadJoinWakeup)
    [Anonymous Symbol]                       0x00001e28   Section        0  rtx_thread.o(.text.osRtxThreadJoinWakeup)
    [Anonymous Symbol]                       0x00001e48   Section        0  rtx_thread.o(.text.osRtxThreadListGet)
    [Anonymous Symbol]                       0x00001e5c   Section        0  rtx_thread.o(.text.osRtxThreadListPut)
    [Anonymous Symbol]                       0x00001e88   Section        0  rtx_thread.o(.text.osRtxThreadListRemove)
    [Anonymous Symbol]                       0x00001ea0   Section        0  rtx_thread.o(.text.osRtxThreadListSort)
    osRtxThreadPostProcess                   0x00001ec5   Thumb Code    38  rtx_thread.o(.text.osRtxThreadPostProcess)
    [Anonymous Symbol]                       0x00001ec4   Section        0  rtx_thread.o(.text.osRtxThreadPostProcess)
    [Anonymous Symbol]                       0x00001eec   Section        0  rtx_thread.o(.text.osRtxThreadReadyPut)
    [Anonymous Symbol]                       0x00001f00   Section        0  rtx_thread.o(.text.osRtxThreadRegPtr)
    [Anonymous Symbol]                       0x00001f08   Section        0  rtx_thread.o(.text.osRtxThreadStartup)
    __arm_cp.14_1                            0x00001f40   Number         4  rtx_thread.o(.text.osRtxThreadStartup)
    [Anonymous Symbol]                       0x00001f44   Section        0  rtx_thread.o(.text.osRtxThreadSwitch)
    __arm_cp.7_0                             0x00001f50   Number         4  rtx_thread.o(.text.osRtxThreadSwitch)
    [Anonymous Symbol]                       0x00001f54   Section        0  rtx_thread.o(.text.osRtxThreadWaitEnter)
    __arm_cp.12_0                            0x00001f90   Number         4  rtx_thread.o(.text.osRtxThreadWaitEnter)
    [Anonymous Symbol]                       0x00001f94   Section        0  rtx_thread.o(.text.osRtxThreadWaitExit)
    [Anonymous Symbol]                       0x00001fb8   Section        0  rtx_system.o(.text.osRtxTick_Handler)
    __arm_cp.0_0                             0x00002034   Number         4  rtx_system.o(.text.osRtxTick_Handler)
    [Anonymous Symbol]                       0x00002038   Section        0  rtx_timer.o(.text.osRtxTimerSetup)
    __arm_cp.0_0                             0x00002054   Number         4  rtx_timer.o(.text.osRtxTimerSetup)
    __arm_cp.0_1                             0x00002058   Number         4  rtx_timer.o(.text.osRtxTimerSetup)
    [Anonymous Symbol]                       0x0000205c   Section        0  rtx_timer.o(.text.osRtxTimerThread)
    osRtxTimerTick                           0x00002079   Thumb Code   112  rtx_timer.o(.text.osRtxTimerTick)
    [Anonymous Symbol]                       0x00002078   Section        0  rtx_timer.o(.text.osRtxTimerTick)
    __arm_cp.1_0                             0x000020e8   Number         4  rtx_timer.o(.text.osRtxTimerTick)
    [Anonymous Symbol]                       0x000020ec   Section        0  rtx_thread.o(.text.osThreadExit)
    __arm_cp.30_0                            0x000020f4   Number         4  rtx_thread.o(.text.osThreadExit)
    [Anonymous Symbol]                       0x000020f8   Section        0  rtx_thread.o(.text.osThreadNew)
    __arm_cp.16_0                            0x00002118   Number         4  rtx_thread.o(.text.osThreadNew)
    os_kernel_is_active                      0x0000211d   Thumb Code    40  rtx_lib.o(.text.os_kernel_is_active)
    [Anonymous Symbol]                       0x0000211c   Section        0  rtx_lib.o(.text.os_kernel_is_active)
    __arm_cp.2_0                             0x00002144   Number         4  rtx_lib.o(.text.os_kernel_is_active)
    svcRtxDelay                              0x00002149   Thumb Code    24  rtx_delay.o(.text.svcRtxDelay)
    [Anonymous Symbol]                       0x00002148   Section        0  rtx_delay.o(.text.svcRtxDelay)
    svcRtxKernelGetState                     0x00002161   Thumb Code     8  rtx_kernel.o(.text.svcRtxKernelGetState)
    [Anonymous Symbol]                       0x00002160   Section        0  rtx_kernel.o(.text.svcRtxKernelGetState)
    __arm_cp.6_0                             0x00002168   Number         4  rtx_kernel.o(.text.svcRtxKernelGetState)
    svcRtxKernelInitialize                   0x0000216d   Thumb Code   308  rtx_kernel.o(.text.svcRtxKernelInitialize)
    [Anonymous Symbol]                       0x0000216c   Section        0  rtx_kernel.o(.text.svcRtxKernelInitialize)
    __arm_cp.21_0                            0x000022a0   Number         4  rtx_kernel.o(.text.svcRtxKernelInitialize)
    __arm_cp.21_1                            0x000022a4   Number         4  rtx_kernel.o(.text.svcRtxKernelInitialize)
    __arm_cp.21_2                            0x000022a8   Number         4  rtx_kernel.o(.text.svcRtxKernelInitialize)
    svcRtxKernelStart                        0x000022ad   Thumb Code   116  rtx_kernel.o(.text.svcRtxKernelStart)
    [Anonymous Symbol]                       0x000022ac   Section        0  rtx_kernel.o(.text.svcRtxKernelStart)
    __arm_cp.22_0                            0x00002320   Number         4  rtx_kernel.o(.text.svcRtxKernelStart)
    __arm_cp.22_1                            0x00002324   Number         4  rtx_kernel.o(.text.svcRtxKernelStart)
    __arm_cp.22_2                            0x00002328   Number         4  rtx_kernel.o(.text.svcRtxKernelStart)
    __arm_cp.22_3                            0x0000232c   Number         4  rtx_kernel.o(.text.svcRtxKernelStart)
    svcRtxMessageQueueGet                    0x00002331   Thumb Code   200  rtx_msgqueue.o(.text.svcRtxMessageQueueGet)
    [Anonymous Symbol]                       0x00002330   Section        0  rtx_msgqueue.o(.text.svcRtxMessageQueueGet)
    __arm_cp.22_0                            0x000023f8   Number         4  rtx_msgqueue.o(.text.svcRtxMessageQueueGet)
    svcRtxMessageQueueNew                    0x000023fd   Thumb Code   428  rtx_msgqueue.o(.text.svcRtxMessageQueueNew)
    [Anonymous Symbol]                       0x000023fc   Section        0  rtx_msgqueue.o(.text.svcRtxMessageQueueNew)
    __arm_cp.1_0                             0x000025a8   Number         4  rtx_msgqueue.o(.text.svcRtxMessageQueueNew)
    __arm_cp.1_1                             0x000025ac   Number         4  rtx_msgqueue.o(.text.svcRtxMessageQueueNew)
    __arm_cp.1_2                             0x000025b0   Number         4  rtx_msgqueue.o(.text.svcRtxMessageQueueNew)
    __arm_cp.1_3                             0x000025b4   Number         4  rtx_msgqueue.o(.text.svcRtxMessageQueueNew)
    __arm_cp.1_5                             0x000025b8   Number         4  rtx_msgqueue.o(.text.svcRtxMessageQueueNew)
    svcRtxMessageQueuePut                    0x000025bd   Thumb Code   172  rtx_msgqueue.o(.text.svcRtxMessageQueuePut)
    [Anonymous Symbol]                       0x000025bc   Section        0  rtx_msgqueue.o(.text.svcRtxMessageQueuePut)
    __arm_cp.20_0                            0x00002668   Number         4  rtx_msgqueue.o(.text.svcRtxMessageQueuePut)
    svcRtxMutexAcquire                       0x0000266d   Thumb Code   148  rtx_mutex.o(.text.svcRtxMutexAcquire)
    [Anonymous Symbol]                       0x0000266c   Section        0  rtx_mutex.o(.text.svcRtxMutexAcquire)
    svcRtxMutexDelete                        0x00002701   Thumb Code   176  rtx_mutex.o(.text.svcRtxMutexDelete)
    [Anonymous Symbol]                       0x00002700   Section        0  rtx_mutex.o(.text.svcRtxMutexDelete)
    __arm_cp.13_0                            0x000027b0   Number         4  rtx_mutex.o(.text.svcRtxMutexDelete)
    svcRtxMutexNew                           0x000027b5   Thumb Code   108  rtx_mutex.o(.text.svcRtxMutexNew)
    [Anonymous Symbol]                       0x000027b4   Section        0  rtx_mutex.o(.text.svcRtxMutexNew)
    __arm_cp.8_0                             0x00002820   Number         4  rtx_mutex.o(.text.svcRtxMutexNew)
    svcRtxMutexRelease                       0x00002825   Thumb Code   184  rtx_mutex.o(.text.svcRtxMutexRelease)
    [Anonymous Symbol]                       0x00002824   Section        0  rtx_mutex.o(.text.svcRtxMutexRelease)
    __arm_cp.11_0                            0x000028dc   Number         4  rtx_mutex.o(.text.svcRtxMutexRelease)
    svcRtxThreadExit                         0x000028e1   Thumb Code    72  rtx_thread.o(.text.svcRtxThreadExit)
    [Anonymous Symbol]                       0x000028e0   Section        0  rtx_thread.o(.text.svcRtxThreadExit)
    __arm_cp.53_0                            0x00002928   Number         4  rtx_thread.o(.text.svcRtxThreadExit)
    svcRtxThreadNew                          0x0000292d   Thumb Code   484  rtx_thread.o(.text.svcRtxThreadNew)
    [Anonymous Symbol]                       0x0000292c   Section        0  rtx_thread.o(.text.svcRtxThreadNew)
    __arm_cp.15_0                            0x00002b10   Number         4  rtx_thread.o(.text.svcRtxThreadNew)
    __arm_cp.15_1                            0x00002b14   Number         4  rtx_thread.o(.text.svcRtxThreadNew)
    __arm_cp.15_2                            0x00002b18   Number         4  rtx_thread.o(.text.svcRtxThreadNew)
    __arm_cp.15_3                            0x00002b1c   Number         4  rtx_thread.o(.text.svcRtxThreadNew)
    __arm_cp.15_4                            0x00002b20   Number         4  rtx_thread.o(.text.svcRtxThreadNew)
    __arm_cp.15_5                            0x00002b24   Number         4  rtx_thread.o(.text.svcRtxThreadNew)
    [Anonymous Symbol]                       0x00002b28   Section        0  main.o(.text.tBrain)
    __arm_cp.21_0                            0x00002b88   Number         4  main.o(.text.tBrain)
    x$fpl$fmul                               0x00002b8c   Section      176  fmul.o(x$fpl$fmul)
    fdiv_tab                                 0x00002c3c   Data          64  fdiv.o(.constdata)
    .constdata                               0x00002c3c   Section       64  fdiv.o(.constdata)
    x$fpl$usenofp                            0x00002c3c   Section        0  usenofp.o(x$fpl$usenofp)
    __tagsym$$used.4                         0x00002c7c   Number         0  rtx_lib.o(.rodata)
    __tagsym$$used.5                         0x00002cec   Number         0  rtx_lib.o(.rodata)
    os_idle_thread_attr                      0x00002d28   Data          36  rtx_lib.o(.rodata.os_idle_thread_attr)
    [Anonymous Symbol]                       0x00002d28   Section        0  rtx_lib.o(.rodata.os_idle_thread_attr)
    os_timer_mq_attr                         0x00002d4c   Data          24  rtx_lib.o(.rodata.os_timer_mq_attr)
    [Anonymous Symbol]                       0x00002d4c   Section        0  rtx_lib.o(.rodata.os_timer_mq_attr)
    os_timer_thread_attr                     0x00002d64   Data          36  rtx_lib.o(.rodata.os_timer_thread_attr)
    [Anonymous Symbol]                       0x00002d64   Section        0  rtx_lib.o(.rodata.os_timer_thread_attr)
    [Anonymous Symbol]                       0x00002d88   Section        0  rtx_kernel.o(.rodata.str1.4)
    songMain                                 0x1ffff0a8   Data         256  main.o(.data.songMain)
    [Anonymous Symbol]                       0x1ffff0a8   Section        0  main.o(.data.songMain)
    .bss                                     0x1ffff1a8   Section       96  libspace.o(.bss)
    currNote                                 0x1ffff208   Data           4  main.o(.bss.currNote)
    [Anonymous Symbol]                       0x1ffff208   Section        0  main.o(.bss.currNote)
    data                                     0x1ffff20c   Data           1  main.o(.bss.data)
    [Anonymous Symbol]                       0x1ffff20c   Section        0  main.o(.bss.data)
    os_isr_queue                             0x1ffff210   Data          64  rtx_lib.o(.bss.os)
    [Anonymous Symbol]                       0x1ffff210   Section        0  rtx_lib.o(.bss.os)
    os_mem                                   0x1ffff250   Data       32768  rtx_lib.o(.bss.os)
    PendST                                   0x20007250   Data           1  os_systick.o(.bss.os)
    [Anonymous Symbol]                       0x20007250   Section        0  os_systick.o(.bss.os)
    os_timer_mq_cb                           0x20007254   Data          52  rtx_lib.o(.bss.os.msgqueue.cb)
    [Anonymous Symbol]                       0x20007254   Section        0  rtx_lib.o(.bss.os.msgqueue.cb)
    os_timer_mq_data                         0x20007288   Data          80  rtx_lib.o(.bss.os.msgqueue.mem)
    [Anonymous Symbol]                       0x20007288   Section        0  rtx_lib.o(.bss.os.msgqueue.mem)
    os_idle_thread_cb                        0x200072d8   Data          68  rtx_lib.o(.bss.os.thread.cb)
    [Anonymous Symbol]                       0x200072d8   Section        0  rtx_lib.o(.bss.os.thread.cb)
    os_timer_thread_cb                       0x2000731c   Data          68  rtx_lib.o(.bss.os.thread.cb)
    os_idle_thread_stack                     0x20007360   Data         512  rtx_lib.o(.bss.os.thread.idle.stack)
    [Anonymous Symbol]                       0x20007360   Section        0  rtx_lib.o(.bss.os.thread.idle.stack)
    os_timer_thread_stack                    0x20007560   Data         512  rtx_lib.o(.bss.os.thread.timer.stack)
    [Anonymous Symbol]                       0x20007560   Section        0  rtx_lib.o(.bss.os.thread.timer.stack)
    os_kernel_is_active.os_kernel_active     0x20007760   Data           1  rtx_lib.o(.bss.os_kernel_is_active.os_kernel_active)
    [Anonymous Symbol]                       0x20007760   Section        0  rtx_lib.o(.bss.os_kernel_is_active.os_kernel_active)
    Heap_Mem                                 0x20007768   Data           0  startup_mkl25z4.o(HEAP)
    Stack_Mem                                0x20007768   Data         256  startup_mkl25z4.o(STACK)
    HEAP                                     0x20007768   Section        0  startup_mkl25z4.o(HEAP)
    STACK                                    0x20007768   Section      256  startup_mkl25z4.o(STACK)
    __initial_sp                             0x20007868   Data           0  startup_mkl25z4.o(STACK)

    Global Symbols

    Symbol Name                              Value     Ov Type        Size  Object(Section)

    BuildAttributes$$THM_ISAv3M$S$PE$A:L22$X:L11$S22$IEEE1$IW$~IW$USESV6$~STKCKD$USESV7$~SHL$OSPACE$ROPI$EBA8$UX$STANDARDLIB$REQ8$PRES8$EABIv2 0x00000000   Number         0  anon$$obj.o ABSOLUTE
    __Vectors                                0x00000000   Data           4  startup_mkl25z4.o(RESET)
    .bss.os.evflags.cb$$Base                  - Undefined Weak Reference
    .bss.os.evflags.cb$$Limit                 - Undefined Weak Reference
    .bss.os.mempool.cb$$Base                  - Undefined Weak Reference
    .bss.os.mempool.cb$$Limit                 - Undefined Weak Reference
    .bss.os.mutex.cb$$Base                    - Undefined Weak Reference
    .bss.os.mutex.cb$$Limit                   - Undefined Weak Reference
    .bss.os.semaphore.cb$$Base                - Undefined Weak Reference
    .bss.os.semaphore.cb$$Limit               - Undefined Weak Reference
    .bss.os.timer.cb$$Base                    - Undefined Weak Reference
    .bss.os.timer.cb$$Limit                   - Undefined Weak Reference
    __ARM_exceptions_init                     - Undefined Weak Reference
    __alloca_initialize                       - Undefined Weak Reference
    __arm_preinit_                            - Undefined Weak Reference
    __arm_relocate_pie_                       - Undefined Weak Reference
    __cpp_initialize__aeabi_                  - Undefined Weak Reference
    __cxa_finalize                            - Undefined Weak Reference
    __rt_locale                               - Undefined Weak Reference
    __sigvec_lookup                           - Undefined Weak Reference
    _atexit_init                              - Undefined Weak Reference
    _call_atexit_fns                          - Undefined Weak Reference
    _clock_init                               - Undefined Weak Reference
    _fp_trap_init                             - Undefined Weak Reference
    _fp_trap_shutdown                         - Undefined Weak Reference
    _get_lc_collate                           - Undefined Weak Reference
    _get_lc_ctype                             - Undefined Weak Reference
    _get_lc_monetary                          - Undefined Weak Reference
    _get_lc_numeric                           - Undefined Weak Reference
    _get_lc_time                              - Undefined Weak Reference
    _getenv_init                              - Undefined Weak Reference
    _handle_redirection                       - Undefined Weak Reference
    _init_alloc                               - Undefined Weak Reference
    _init_user_alloc                          - Undefined Weak Reference
    _initio                                   - Undefined Weak Reference
    _rand_init                                - Undefined Weak Reference
    _signal_finish                            - Undefined Weak Reference
    _signal_init                              - Undefined Weak Reference
    _terminate_alloc                          - Undefined Weak Reference
    _terminate_user_alloc                     - Undefined Weak Reference
    _terminateio                              - Undefined Weak Reference
    __Vectors_End                            0x000000c0   Data           0  startup_mkl25z4.o(RESET)
    __Vectors_Size                           0x000000c0   Number         0  startup_mkl25z4.o ABSOLUTE
    __main                                   0x000000c1   Thumb Code     8  __main.o(!!!main)
    __scatterload                            0x000000c9   Thumb Code     0  __scatter.o(!!!scatter)
    __scatterload_rt2                        0x000000c9   Thumb Code    74  __scatter.o(!!!scatter)
    __scatterload_rt2_thumb_only             0x000000c9   Thumb Code     0  __scatter.o(!!!scatter)
    __scatterload_loop                       0x000000d3   Thumb Code     0  __scatter.o(!!!scatter)
    __scatterload_null                       0x0000011d   Thumb Code     2  __scatter.o(!!handler_null)
    __scatterload_zeroinit                   0x00000121   Thumb Code    28  __scatter_zi.o(!!handler_zi)
    __rt_lib_init                            0x0000013d   Thumb Code     0  libinit.o(.ARM.Collect$$libinit$$00000000)
    __rt_lib_init_alloca_1                   0x0000013f   Thumb Code     0  libinit2.o(.ARM.Collect$$libinit$$00000030)
    __rt_lib_init_argv_1                     0x0000013f   Thumb Code     0  libinit2.o(.ARM.Collect$$libinit$$0000002E)
    __rt_lib_init_atexit_1                   0x0000013f   Thumb Code     0  libinit2.o(.ARM.Collect$$libinit$$0000001D)
    __rt_lib_init_clock_1                    0x0000013f   Thumb Code     0  libinit2.o(.ARM.Collect$$libinit$$00000023)
    __rt_lib_init_cpp_1                      0x0000013f   Thumb Code     0  libinit2.o(.ARM.Collect$$libinit$$00000034)
    __rt_lib_init_exceptions_1               0x0000013f   Thumb Code     0  libinit2.o(.ARM.Collect$$libinit$$00000032)
    __rt_lib_init_fp_1                       0x0000013f   Thumb Code     0  libinit2.o(.ARM.Collect$$libinit$$00000002)
    __rt_lib_init_fp_trap_1                  0x0000013f   Thumb Code     0  libinit2.o(.ARM.Collect$$libinit$$00000021)
    __rt_lib_init_getenv_1                   0x0000013f   Thumb Code     0  libinit2.o(.ARM.Collect$$libinit$$00000025)
    __rt_lib_init_heap_1                     0x0000013f   Thumb Code     0  libinit2.o(.ARM.Collect$$libinit$$0000000C)
    __rt_lib_init_lc_collate_1               0x0000013f   Thumb Code     0  libinit2.o(.ARM.Collect$$libinit$$00000013)
    __rt_lib_init_lc_ctype_1                 0x0000013f   Thumb Code     0  libinit2.o(.ARM.Collect$$libinit$$00000015)
    __rt_lib_init_lc_monetary_1              0x0000013f   Thumb Code     0  libinit2.o(.ARM.Collect$$libinit$$00000017)
    __rt_lib_init_lc_numeric_1               0x0000013f   Thumb Code     0  libinit2.o(.ARM.Collect$$libinit$$00000019)
    __rt_lib_init_lc_time_1                  0x0000013f   Thumb Code     0  libinit2.o(.ARM.Collect$$libinit$$0000001B)
    __rt_lib_init_preinit_1                  0x0000013f   Thumb Code     0  libinit2.o(.ARM.Collect$$libinit$$00000006)
    __rt_lib_init_rand_1                     0x0000013f   Thumb Code     0  libinit2.o(.ARM.Collect$$libinit$$00000010)
    __rt_lib_init_relocate_pie_1             0x0000013f   Thumb Code     0  libinit2.o(.ARM.Collect$$libinit$$00000004)
    __rt_lib_init_return                     0x0000013f   Thumb Code     0  libinit2.o(.ARM.Collect$$libinit$$00000035)
    __rt_lib_init_signal_1                   0x0000013f   Thumb Code     0  libinit2.o(.ARM.Collect$$libinit$$0000001F)
    __rt_lib_init_stdio_1                    0x0000013f   Thumb Code     0  libinit2.o(.ARM.Collect$$libinit$$00000027)
    __rt_lib_init_user_alloc_1               0x0000013f   Thumb Code     0  libinit2.o(.ARM.Collect$$libinit$$0000000E)
    __rt_lib_shutdown                        0x00000141   Thumb Code     0  libshutdown.o(.ARM.Collect$$libshutdown$$00000000)
    __rt_lib_shutdown_cpp_1                  0x00000143   Thumb Code     0  libshutdown2.o(.ARM.Collect$$libshutdown$$00000002)
    __rt_lib_shutdown_fp_trap_1              0x00000143   Thumb Code     0  libshutdown2.o(.ARM.Collect$$libshutdown$$00000007)
    __rt_lib_shutdown_heap_1                 0x00000143   Thumb Code     0  libshutdown2.o(.ARM.Collect$$libshutdown$$0000000F)
    __rt_lib_shutdown_return                 0x00000143   Thumb Code     0  libshutdown2.o(.ARM.Collect$$libshutdown$$00000010)
    __rt_lib_shutdown_signal_1               0x00000143   Thumb Code     0  libshutdown2.o(.ARM.Collect$$libshutdown$$0000000A)
    __rt_lib_shutdown_stdio_1                0x00000143   Thumb Code     0  libshutdown2.o(.ARM.Collect$$libshutdown$$00000004)
    __rt_lib_shutdown_user_alloc_1           0x00000143   Thumb Code     0  libshutdown2.o(.ARM.Collect$$libshutdown$$0000000C)
    __rt_entry                               0x00000145   Thumb Code     0  __rtentry.o(.ARM.Collect$$rtentry$$00000000)
    __rt_entry_presh_1                       0x00000145   Thumb Code     0  __rtentry2.o(.ARM.Collect$$rtentry$$00000002)
    __rt_entry_sh                            0x00000145   Thumb Code     0  __rtentry4.o(.ARM.Collect$$rtentry$$00000004)
    __rt_entry_postsh_1                      0x0000014b   Thumb Code     0  __rtentry2.o(.ARM.Collect$$rtentry$$00000008)
    __rt_entry_li                            0x00000153   Thumb Code     0  __rtentry2.o(.ARM.Collect$$rtentry$$0000000A)
    __rt_entry_main                          0x00000157   Thumb Code     0  __rtentry2.o(.ARM.Collect$$rtentry$$0000000D)
    __rt_entry_postli_1                      0x00000157   Thumb Code     0  __rtentry2.o(.ARM.Collect$$rtentry$$0000000C)
    __rt_exit                                0x0000015f   Thumb Code     0  rtexit.o(.ARM.Collect$$rtexit$$00000000)
    __rt_exit_ls                             0x00000161   Thumb Code     0  rtexit2.o(.ARM.Collect$$rtexit$$00000003)
    __rt_exit_prels_1                        0x00000161   Thumb Code     0  rtexit2.o(.ARM.Collect$$rtexit$$00000002)
    __rt_exit_exit                           0x00000165   Thumb Code     0  rtexit2.o(.ARM.Collect$$rtexit$$00000004)
    __aeabi_memcpy4                          0x0000016d   Thumb Code    56  rt_memcpy.o(.emb_text)
    __aeabi_memcpy8                          0x0000016d   Thumb Code     0  rt_memcpy.o(.emb_text)
    Reset_Handler                            0x000001a5   Thumb Code    12  startup_mkl25z4.o(.text)
    NMI_Handler                              0x000001b1   Thumb Code     2  startup_mkl25z4.o(.text)
    HardFault_Handler                        0x000001b3   Thumb Code     2  startup_mkl25z4.o(.text)
    ADC0_IRQHandler                          0x000001bb   Thumb Code     0  startup_mkl25z4.o(.text)
    CMP0_IRQHandler                          0x000001bb   Thumb Code     0  startup_mkl25z4.o(.text)
    DAC0_IRQHandler                          0x000001bb   Thumb Code     0  startup_mkl25z4.o(.text)
    DMA0_IRQHandler                          0x000001bb   Thumb Code     0  startup_mkl25z4.o(.text)
    DMA1_IRQHandler                          0x000001bb   Thumb Code     0  startup_mkl25z4.o(.text)
    DMA2_IRQHandler                          0x000001bb   Thumb Code     0  startup_mkl25z4.o(.text)
    DMA3_IRQHandler                          0x000001bb   Thumb Code     0  startup_mkl25z4.o(.text)
    DefaultISR                               0x000001bb   Thumb Code     0  startup_mkl25z4.o(.text)
    FTFA_IRQHandler                          0x000001bb   Thumb Code     0  startup_mkl25z4.o(.text)
    I2C0_IRQHandler                          0x000001bb   Thumb Code     0  startup_mkl25z4.o(.text)
    I2C1_IRQHandler                          0x000001bb   Thumb Code     0  startup_mkl25z4.o(.text)
    LLWU_IRQHandler                          0x000001bb   Thumb Code     0  startup_mkl25z4.o(.text)
    LPTMR0_IRQHandler                        0x000001bb   Thumb Code     0  startup_mkl25z4.o(.text)
    LVD_LVW_IRQHandler                       0x000001bb   Thumb Code     0  startup_mkl25z4.o(.text)
    MCG_IRQHandler                           0x000001bb   Thumb Code     0  startup_mkl25z4.o(.text)
    PIT_IRQHandler                           0x000001bb   Thumb Code     0  startup_mkl25z4.o(.text)
    PORTA_IRQHandler                         0x000001bb   Thumb Code     0  startup_mkl25z4.o(.text)
    PORTD_IRQHandler                         0x000001bb   Thumb Code     0  startup_mkl25z4.o(.text)
    RTC_IRQHandler                           0x000001bb   Thumb Code     0  startup_mkl25z4.o(.text)
    RTC_Seconds_IRQHandler                   0x000001bb   Thumb Code     0  startup_mkl25z4.o(.text)
    Reserved20_IRQHandler                    0x000001bb   Thumb Code     0  startup_mkl25z4.o(.text)
    Reserved39_IRQHandler                    0x000001bb   Thumb Code     0  startup_mkl25z4.o(.text)
    Reserved45_IRQHandler                    0x000001bb   Thumb Code     0  startup_mkl25z4.o(.text)
    SPI0_IRQHandler                          0x000001bb   Thumb Code     0  startup_mkl25z4.o(.text)
    SPI1_IRQHandler                          0x000001bb   Thumb Code     0  startup_mkl25z4.o(.text)
    TPM0_IRQHandler                          0x000001bb   Thumb Code     0  startup_mkl25z4.o(.text)
    TPM1_IRQHandler                          0x000001bb   Thumb Code     0  startup_mkl25z4.o(.text)
    TPM2_IRQHandler                          0x000001bb   Thumb Code     0  startup_mkl25z4.o(.text)
    TSI0_IRQHandler                          0x000001bb   Thumb Code     0  startup_mkl25z4.o(.text)
    UART0_IRQHandler                         0x000001bb   Thumb Code     0  startup_mkl25z4.o(.text)
    UART1_IRQHandler                         0x000001bb   Thumb Code     0  startup_mkl25z4.o(.text)
    USB0_IRQHandler                          0x000001bb   Thumb Code     0  startup_mkl25z4.o(.text)
    __user_initial_stackheap                 0x000001c1   Thumb Code     0  startup_mkl25z4.o(.text)
    SVC_Handler                              0x000001e5   Thumb Code   132  irq_armv6m.o(.text)
    PendSV_Handler                           0x00000269   Thumb Code    12  irq_armv6m.o(.text)
    SysTick_Handler                          0x00000275   Thumb Code    12  irq_armv6m.o(.text)
    __aeabi_memcpy                           0x00000289   Thumb Code   130  rt_memcpy.o(.text)
    __rt_memcpy                              0x00000289   Thumb Code     0  rt_memcpy.o(.text)
    _memset_w                                0x0000030b   Thumb Code    26  rt_memclr.o(.text)
    _memset                                  0x00000325   Thumb Code    30  rt_memclr.o(.text)
    __aeabi_memclr                           0x00000343   Thumb Code     4  rt_memclr.o(.text)
    __rt_memclr                              0x00000343   Thumb Code     0  rt_memclr.o(.text)
    __aeabi_memclr4                          0x00000347   Thumb Code     0  rt_memclr.o(.text)
    __aeabi_memclr8                          0x00000347   Thumb Code     0  rt_memclr.o(.text)
    __rt_memclr_w                            0x00000347   Thumb Code     4  rt_memclr.o(.text)
    __use_two_region_memory                  0x0000034b   Thumb Code     2  heapauxi.o(.text)
    __rt_heap_escrow$2region                 0x0000034d   Thumb Code     2  heapauxi.o(.text)
    __rt_heap_expand$2region                 0x0000034f   Thumb Code     2  heapauxi.o(.text)
    __aeabi_f2uiz                            0x00000351   Thumb Code     0  ffixui.o(.text)
    _ffixu                                   0x00000351   Thumb Code    48  ffixui.o(.text)
    __aeabi_i2f_normalise                    0x00000381   Thumb Code    72  fflti.o(.text)
    __aeabi_i2f                              0x000003c9   Thumb Code    16  fflti.o(.text)
    _fflt                                    0x000003c9   Thumb Code     0  fflti.o(.text)
    __aeabi_ui2f                             0x000003d9   Thumb Code     6  fflti.o(.text)
    _ffltu                                   0x000003d9   Thumb Code     0  fflti.o(.text)
    exit                                     0x000003df   Thumb Code    16  exit.o(.text)
    __user_libspace                          0x000003f1   Thumb Code     8  libspace.o(.text)
    __user_perproc_libspace                  0x000003f1   Thumb Code     0  libspace.o(.text)
    __I$use$semihosting                      0x000003f9   Thumb Code     0  use_no_semi.o(.text)
    __use_no_semihosting_swi                 0x000003f9   Thumb Code     2  use_no_semi.o(.text)
    OS_Tick_GetIRQn                          0x000003fb   Thumb Code     6  os_systick.o(.text.OS_Tick_GetIRQn)
    __semihosting_library_function           0x000003fb   Thumb Code     0  indicate_semi.o(.text)
    __aeabi_uidiv                            0x00000411   Thumb Code     0  aeabi_sdiv.o(.text)
    __aeabi_uidivmod                         0x00000411   Thumb Code    20  aeabi_sdiv.o(.text)
    __aeabi_idiv                             0x00000425   Thumb Code     0  aeabi_sdiv.o(.text)
    __aeabi_idivmod                          0x00000425   Thumb Code   338  aeabi_sdiv.o(.text)
    __aeabi_fdiv                             0x0000057d   Thumb Code     0  fdiv.o(.text)
    _fdiv                                    0x0000057d   Thumb Code   334  fdiv.o(.text)
    _frdiv                                   0x000006cb   Thumb Code     8  fdiv.o(.text)
    __user_setup_stackheap                   0x000006dd   Thumb Code    62  sys_stackheap_outer.o(.text)
    _sys_exit                                0x0000071d   Thumb Code     8  sys_exit.o(.text)
    __decompress                             0x00000729   Thumb Code     0  __dczerorl2.o(.text)
    __decompress1                            0x00000729   Thumb Code    86  __dczerorl2.o(.text)
    OS_Tick_AcknowledgeIRQ                   0x0000083d   Thumb Code     8  os_systick.o(.text.OS_Tick_AcknowledgeIRQ)
    OS_Tick_Enable                           0x00000845   Thumb Code    32  os_systick.o(.text.OS_Tick_Enable)
    OS_Tick_Setup                            0x00000869   Thumb Code    60  os_systick.o(.text.OS_Tick_Setup)
    PWM_Init                                 0x000008b1   Thumb Code    88  main.o(.text.PWM_Init)
    RedBlink                                 0x00000925   Thumb Code    40  main.o(.text.RedBlink)
    SystemCoreClockUpdate                    0x00000955   Thumb Code   508  system_mkl25z4.o(.text.SystemCoreClockUpdate)
    SystemInit                               0x00000b65   Thumb Code   256  system_mkl25z4.o(.text.SystemInit)
    UART2_IRQHandler                         0x00000d4d   Thumb Code    32  main.o(.text.UART2_IRQHandler)
    _mutex_acquire                           0x00000e55   Thumb Code    34  rtx_lib.o(.text._mutex_acquire)
    _mutex_free                              0x00000e77   Thumb Code    18  rtx_lib.o(.text._mutex_free)
    _mutex_initialize                        0x00000e89   Thumb Code    52  rtx_lib.o(.text._mutex_initialize)
    _mutex_release                           0x00000ebd   Thumb Code    30  rtx_lib.o(.text._mutex_release)
    _platform_post_stackheap_init            0x00000edb   Thumb Code     8  rtx_lib.o(.text._platform_post_stackheap_init)
    audioSong                                0x00000ee5   Thumb Code    68  main.o(.text.audioSong)
    flashGreen                               0x00000f39   Thumb Code   184  main.o(.text.flashGreen)
    initLED                                  0x00001011   Thumb Code   224  main.o(.text.initLED)
    initMotors                               0x00001125   Thumb Code   208  main.o(.text.initMotors)
    initUART2                                0x00001225   Thumb Code   184  main.o(.text.initUART2)
    main                                     0x0000130d   Thumb Code    84  main.o(.text.main)
    moveBackward                             0x00001371   Thumb Code   116  main.o(.text.moveBackward)
    moveForward                              0x000013e5   Thumb Code   116  main.o(.text.moveForward)
    moveLeft                                 0x00001459   Thumb Code   116  main.o(.text.moveLeft)
    moveRight                                0x000014d1   Thumb Code   112  main.o(.text.moveRight)
    moveStop                                 0x00001549   Thumb Code    20  main.o(.text.moveStop)
    music                                    0x0000156d   Thumb Code    52  main.o(.text.music)
    osDelay                                  0x000015a5   Thumb Code    36  rtx_delay.o(.text.osDelay)
    osKernelGetState                         0x000015cd   Thumb Code    40  rtx_kernel.o(.text.osKernelGetState)
    osKernelInitialize                       0x000015fd   Thumb Code    36  rtx_kernel.o(.text.osKernelInitialize)
    osKernelStart                            0x00001625   Thumb Code    32  rtx_kernel.o(.text.osKernelStart)
    osMessageQueueGet                        0x00001649   Thumb Code   112  rtx_msgqueue.o(.text.osMessageQueueGet)
    osMessageQueuePut                        0x000016bd   Thumb Code   112  rtx_msgqueue.o(.text.osMessageQueuePut)
    osMutexAcquire                           0x00001731   Thumb Code    36  rtx_mutex.o(.text.osMutexAcquire)
    osMutexDelete                            0x00001759   Thumb Code    36  rtx_mutex.o(.text.osMutexDelete)
    osMutexNew                               0x00001781   Thumb Code    32  rtx_mutex.o(.text.osMutexNew)
    osMutexRelease                           0x000017a5   Thumb Code    36  rtx_mutex.o(.text.osMutexRelease)
    osRtxErrorNotify                         0x000017cd   Thumb Code    64  rtx_config.o(.text.osRtxErrorNotify)
    osRtxIdleThread                          0x0000180d   Thumb Code     8  rtx_config.o(.text.osRtxIdleThread)
    osRtxKernelErrorNotify                   0x00001815   Thumb Code     8  rtx_kernel.o(.text.osRtxKernelErrorNotify)
    osRtxKernelPreInit                       0x0000181d   Thumb Code     2  rtx_kernel.o(.text.osRtxKernelPreInit)
    osRtxMemoryAlloc                         0x0000181f   Thumb Code   120  rtx_memory.o(.text.osRtxMemoryAlloc)
    osRtxMemoryFree                          0x00001897   Thumb Code    78  rtx_memory.o(.text.osRtxMemoryFree)
    osRtxMemoryInit                          0x000018e5   Thumb Code    46  rtx_memory.o(.text.osRtxMemoryInit)
    osRtxMemoryPoolAlloc                     0x00001913   Thumb Code    42  rtx_mempool.o(.text.osRtxMemoryPoolAlloc)
    osRtxMemoryPoolFree                      0x0000193d   Thumb Code    54  rtx_mempool.o(.text.osRtxMemoryPoolFree)
    osRtxMemoryPoolInit                      0x00001973   Thumb Code    60  rtx_mempool.o(.text.osRtxMemoryPoolInit)
    osRtxMessageQueueTimerSetup              0x00001a6d   Thumb Code    32  rtx_msgqueue.o(.text.osRtxMessageQueueTimerSetup)
    osRtxMutexOwnerRelease                   0x00001a91   Thumb Code    68  rtx_mutex.o(.text.osRtxMutexOwnerRelease)
    osRtxMutexOwnerRestore                   0x00001ad5   Thumb Code    70  rtx_mutex.o(.text.osRtxMutexOwnerRestore)
    osRtxPendSV_Handler                      0x00001b1d   Thumb Code   128  rtx_system.o(.text.osRtxPendSV_Handler)
    osRtxPostProcess                         0x00001b9d   Thumb Code   104  rtx_system.o(.text.osRtxPostProcess)
    osRtxThreadDelayTick                     0x00001d0d   Thumb Code    84  rtx_thread.o(.text.osRtxThreadDelayTick)
    osRtxThreadDispatch                      0x00001d89   Thumb Code    76  rtx_thread.o(.text.osRtxThreadDispatch)
    osRtxThreadListGet                       0x00001e49   Thumb Code    20  rtx_thread.o(.text.osRtxThreadListGet)
    osRtxThreadListPut                       0x00001e5d   Thumb Code    44  rtx_thread.o(.text.osRtxThreadListPut)
    osRtxThreadListRemove                    0x00001e89   Thumb Code    24  rtx_thread.o(.text.osRtxThreadListRemove)
    osRtxThreadListSort                      0x00001ea1   Thumb Code    36  rtx_thread.o(.text.osRtxThreadListSort)
    osRtxThreadReadyPut                      0x00001eed   Thumb Code    20  rtx_thread.o(.text.osRtxThreadReadyPut)
    osRtxThreadRegPtr                        0x00001f01   Thumb Code     6  rtx_thread.o(.text.osRtxThreadRegPtr)
    osRtxThreadStartup                       0x00001f09   Thumb Code    56  rtx_thread.o(.text.osRtxThreadStartup)
    osRtxThreadSwitch                        0x00001f45   Thumb Code    12  rtx_thread.o(.text.osRtxThreadSwitch)
    osRtxThreadWaitEnter                     0x00001f55   Thumb Code    60  rtx_thread.o(.text.osRtxThreadWaitEnter)
    osRtxThreadWaitExit                      0x00001f95   Thumb Code    34  rtx_thread.o(.text.osRtxThreadWaitExit)
    osRtxTick_Handler                        0x00001fb9   Thumb Code   124  rtx_system.o(.text.osRtxTick_Handler)
    osRtxTimerSetup                          0x00002039   Thumb Code    28  rtx_timer.o(.text.osRtxTimerSetup)
    osRtxTimerThread                         0x0000205d   Thumb Code    28  rtx_timer.o(.text.osRtxTimerThread)
    osThreadExit                             0x000020ed   Thumb Code     8  rtx_thread.o(.text.osThreadExit)
    osThreadNew                              0x000020f9   Thumb Code    32  rtx_thread.o(.text.osThreadNew)
    tBrain                                   0x00002b29   Thumb Code    96  main.o(.text.tBrain)
    __aeabi_fmul                             0x00002b8d   Thumb Code     0  fmul.o(x$fpl$fmul)
    _fmul                                    0x00002b8d   Thumb Code   172  fmul.o(x$fpl$fmul)
    __I$use$fp                               0x00002c3c   Number         0  usenofp.o(x$fpl$usenofp)
    osRtxConfig                              0x00002c7c   Data         112  rtx_lib.o(.rodata)
    os_cb_sections                           0x00002cec   Data          56  rtx_lib.o(.rodata)
    osRtxUserSVC                             0x00002d24   Data           4  rtx_lib.o(.rodata.osRtxUserSVC)
    Region$$Table$$Base                      0x00002d94   Number         0  anon$$obj.o(Region$$Table)
    Region$$Table$$Limit                     0x00002db4   Number         0  anon$$obj.o(Region$$Table)
    SystemCoreClock                          0x1ffff000   Data           4  system_mkl25z4.o(.data.SystemCoreClock)
    osRtxInfo                                0x1ffff004   Data         164  rtx_kernel.o(.data.os)
    __libspace_start                         0x1ffff1a8   Data          96  libspace.o(.bss)
    __temporary_stack_top$libspace           0x1ffff208   Data           0  libspace.o(.bss)
    .bss.os.msgqueue.cb$$Base                0x20007254   Number         0  rtx_lib.o(.bss.os.msgqueue.cb)
    .bss.os.msgqueue.cb$$Limit               0x20007288   Number         0  rtx_lib.o(.bss.os.msgqueue.cb)
    .bss.os.thread.cb$$Base                  0x200072d8   Number         0  rtx_lib.o(.bss.os.thread.cb)
    .bss.os.thread.cb$$Limit                 0x20007360   Number         0  rtx_lib.o(.bss.os.thread.cb)



==============================================================================

Memory Map of the image

  Image Entry point : 0x000001a5

  Load Region LR_1 (Base: 0x00000000, Size: 0x00002f5c, Max: 0xffffffff, ABSOLUTE, COMPRESSED[0x00002e00])

    Execution Region ER_RO (Exec base: 0x00000000, Load base: 0x00000000, Size: 0x00002db4, Max: 0xffffffff, ABSOLUTE)

    Exec Addr    Load Addr    Size         Type   Attr      Idx    E Section Name        Object

    0x00000000   0x00000000   0x000000c0   Data   RO          109    RESET               startup_mkl25z4.o
    0x000000c0   0x000000c0   0x00000008   Code   RO          613  * !!!main             c_p.l(__main.o)
    0x000000c8   0x000000c8   0x00000054   Code   RO          800    !!!scatter          c_p.l(__scatter.o)
    0x0000011c   0x0000011c   0x00000002   Code   RO          801    !!handler_null      c_p.l(__scatter.o)
    0x0000011e   0x0000011e   0x00000002   PAD
    0x00000120   0x00000120   0x0000001c   Code   RO          804    !!handler_zi        c_p.l(__scatter_zi.o)
    0x0000013c   0x0000013c   0x00000002   Code   RO          659    .ARM.Collect$$libinit$$00000000  c_p.l(libinit.o)
    0x0000013e   0x0000013e   0x00000000   Code   RO          673    .ARM.Collect$$libinit$$00000002  c_p.l(libinit2.o)
    0x0000013e   0x0000013e   0x00000000   Code   RO          675    .ARM.Collect$$libinit$$00000004  c_p.l(libinit2.o)
    0x0000013e   0x0000013e   0x00000000   Code   RO          677    .ARM.Collect$$libinit$$00000006  c_p.l(libinit2.o)
    0x0000013e   0x0000013e   0x00000000   Code   RO          680    .ARM.Collect$$libinit$$0000000C  c_p.l(libinit2.o)
    0x0000013e   0x0000013e   0x00000000   Code   RO          682    .ARM.Collect$$libinit$$0000000E  c_p.l(libinit2.o)
    0x0000013e   0x0000013e   0x00000000   Code   RO          684    .ARM.Collect$$libinit$$00000010  c_p.l(libinit2.o)
    0x0000013e   0x0000013e   0x00000000   Code   RO          687    .ARM.Collect$$libinit$$00000013  c_p.l(libinit2.o)
    0x0000013e   0x0000013e   0x00000000   Code   RO          689    .ARM.Collect$$libinit$$00000015  c_p.l(libinit2.o)
    0x0000013e   0x0000013e   0x00000000   Code   RO          691    .ARM.Collect$$libinit$$00000017  c_p.l(libinit2.o)
    0x0000013e   0x0000013e   0x00000000   Code   RO          693    .ARM.Collect$$libinit$$00000019  c_p.l(libinit2.o)
    0x0000013e   0x0000013e   0x00000000   Code   RO          695    .ARM.Collect$$libinit$$0000001B  c_p.l(libinit2.o)
    0x0000013e   0x0000013e   0x00000000   Code   RO          697    .ARM.Collect$$libinit$$0000001D  c_p.l(libinit2.o)
    0x0000013e   0x0000013e   0x00000000   Code   RO          699    .ARM.Collect$$libinit$$0000001F  c_p.l(libinit2.o)
    0x0000013e   0x0000013e   0x00000000   Code   RO          701    .ARM.Collect$$libinit$$00000021  c_p.l(libinit2.o)
    0x0000013e   0x0000013e   0x00000000   Code   RO          703    .ARM.Collect$$libinit$$00000023  c_p.l(libinit2.o)
    0x0000013e   0x0000013e   0x00000000   Code   RO          705    .ARM.Collect$$libinit$$00000025  c_p.l(libinit2.o)
    0x0000013e   0x0000013e   0x00000000   Code   RO          707    .ARM.Collect$$libinit$$00000027  c_p.l(libinit2.o)
    0x0000013e   0x0000013e   0x00000000   Code   RO          711    .ARM.Collect$$libinit$$0000002E  c_p.l(libinit2.o)
    0x0000013e   0x0000013e   0x00000000   Code   RO          713    .ARM.Collect$$libinit$$00000030  c_p.l(libinit2.o)
    0x0000013e   0x0000013e   0x00000000   Code   RO          715    .ARM.Collect$$libinit$$00000032  c_p.l(libinit2.o)
    0x0000013e   0x0000013e   0x00000000   Code   RO          717    .ARM.Collect$$libinit$$00000034  c_p.l(libinit2.o)
    0x0000013e   0x0000013e   0x00000002   Code   RO          718    .ARM.Collect$$libinit$$00000035  c_p.l(libinit2.o)
    0x00000140   0x00000140   0x00000002   Code   RO          753    .ARM.Collect$$libshutdown$$00000000  c_p.l(libshutdown.o)
    0x00000142   0x00000142   0x00000000   Code   RO          781    .ARM.Collect$$libshutdown$$00000002  c_p.l(libshutdown2.o)
    0x00000142   0x00000142   0x00000000   Code   RO          783    .ARM.Collect$$libshutdown$$00000004  c_p.l(libshutdown2.o)
    0x00000142   0x00000142   0x00000000   Code   RO          786    .ARM.Collect$$libshutdown$$00000007  c_p.l(libshutdown2.o)
    0x00000142   0x00000142   0x00000000   Code   RO          789    .ARM.Collect$$libshutdown$$0000000A  c_p.l(libshutdown2.o)
    0x00000142   0x00000142   0x00000000   Code   RO          791    .ARM.Collect$$libshutdown$$0000000C  c_p.l(libshutdown2.o)
    0x00000142   0x00000142   0x00000000   Code   RO          794    .ARM.Collect$$libshutdown$$0000000F  c_p.l(libshutdown2.o)
    0x00000142   0x00000142   0x00000002   Code   RO          795    .ARM.Collect$$libshutdown$$00000010  c_p.l(libshutdown2.o)
    0x00000144   0x00000144   0x00000000   Code   RO          624    .ARM.Collect$$rtentry$$00000000  c_p.l(__rtentry.o)
    0x00000144   0x00000144   0x00000000   Code   RO          631    .ARM.Collect$$rtentry$$00000002  c_p.l(__rtentry2.o)
    0x00000144   0x00000144   0x00000006   Code   RO          643    .ARM.Collect$$rtentry$$00000004  c_p.l(__rtentry4.o)
    0x0000014a   0x0000014a   0x00000008   Code   RO          632    .ARM.Collect$$rtentry$$00000008  c_p.l(__rtentry2.o)
    0x00000152   0x00000152   0x00000004   Code   RO          634    .ARM.Collect$$rtentry$$0000000A  c_p.l(__rtentry2.o)
    0x00000156   0x00000156   0x00000000   Code   RO          636    .ARM.Collect$$rtentry$$0000000C  c_p.l(__rtentry2.o)
    0x00000156   0x00000156   0x00000008   Code   RO          637    .ARM.Collect$$rtentry$$0000000D  c_p.l(__rtentry2.o)
    0x0000015e   0x0000015e   0x00000002   Code   RO          664    .ARM.Collect$$rtexit$$00000000  c_p.l(rtexit.o)
    0x00000160   0x00000160   0x00000000   Code   RO          724    .ARM.Collect$$rtexit$$00000002  c_p.l(rtexit2.o)
    0x00000160   0x00000160   0x00000004   Code   RO          725    .ARM.Collect$$rtexit$$00000003  c_p.l(rtexit2.o)
    0x00000164   0x00000164   0x00000006   Code   RO          726    .ARM.Collect$$rtexit$$00000004  c_p.l(rtexit2.o)
    0x0000016a   0x0000016a   0x00000002   PAD
    0x0000016c   0x0000016c   0x00000038   Code   RO          601    .emb_text           c_p.l(rt_memcpy.o)
    0x000001a4   0x000001a4   0x00000040   Code   RO          111  * .text               startup_mkl25z4.o
    0x000001e4   0x000001e4   0x000000a4   Code   RO          427    .text               RTX_CM0.lib(irq_armv6m.o)
    0x00000288   0x00000288   0x00000082   Code   RO          602    .text               c_p.l(rt_memcpy.o)
    0x0000030a   0x0000030a   0x00000040   Code   RO          605    .text               c_p.l(rt_memclr.o)
    0x0000034a   0x0000034a   0x00000006   Code   RO          611    .text               c_p.l(heapauxi.o)
    0x00000350   0x00000350   0x00000030   Code   RO          618    .text               fz_ps.l(ffixui.o)
    0x00000380   0x00000380   0x0000005e   Code   RO          620    .text               fz_ps.l(fflti.o)
    0x000003de   0x000003de   0x00000010   Code   RO          650    .text               c_p.l(exit.o)
    0x000003ee   0x000003ee   0x00000002   PAD
    0x000003f0   0x000003f0   0x00000008   Code   RO          660    .text               c_p.l(libspace.o)
    0x000003f8   0x000003f8   0x00000002   Code   RO          742    .text               c_p.l(use_no_semi.o)
    0x000003fa   0x000003fa   0x00000000   Code   RO          744    .text               c_p.l(indicate_semi.o)
    0x000003fa   0x000003fa   0x00000006   Code   RO          581    .text.OS_Tick_GetIRQn  RTX_CM0.lib(os_systick.o)
    0x00000400   0x00000400   0x00000010   Code   RO          110    .ARM.__at_0x400     startup_mkl25z4.o
    0x00000410   0x00000410   0x0000016c   Code   RO          607    .text               c_p.l(aeabi_sdiv.o)
    0x0000057c   0x0000057c   0x00000160   Code   RO          615    .text               fz_ps.l(fdiv.o)
    0x000006dc   0x000006dc   0x0000003e   Code   RO          647    .text               c_p.l(sys_stackheap_outer.o)
    0x0000071a   0x0000071a   0x00000002   PAD
    0x0000071c   0x0000071c   0x0000000c   Code   RO          719    .text               c_p.l(sys_exit.o)
    0x00000728   0x00000728   0x00000056   Code   RO          798    .text               c_p.l(__dczerorl2.o)
    0x0000077e   0x0000077e   0x00000042   Code   RO          543    .text.MessageQueueGet  RTX_CM0.lib(rtx_msgqueue.o)
    0x000007c0   0x000007c0   0x0000005e   Code   RO          537    .text.MessageQueuePut  RTX_CM0.lib(rtx_msgqueue.o)
    0x0000081e   0x0000081e   0x0000001e   Code   RO          535    .text.MessageQueueRemove  RTX_CM0.lib(rtx_msgqueue.o)
    0x0000083c   0x0000083c   0x00000008   Code   RO          579    .text.OS_Tick_AcknowledgeIRQ  RTX_CM0.lib(os_systick.o)
    0x00000844   0x00000844   0x00000024   Code   RO          575    .text.OS_Tick_Enable  RTX_CM0.lib(os_systick.o)
    0x00000868   0x00000868   0x00000048   Code   RO          573    .text.OS_Tick_Setup  RTX_CM0.lib(os_systick.o)
    0x000008b0   0x000008b0   0x00000074   Code   RO           24    .text.PWM_Init      main.o
    0x00000924   0x00000924   0x00000030   Code   RO           40    .text.RedBlink      main.o
    0x00000954   0x00000954   0x00000210   Code   RO          122    .text.SystemCoreClockUpdate  system_mkl25z4.o
    0x00000b64   0x00000b64   0x00000150   Code   RO          120    .text.SystemInit    system_mkl25z4.o
    0x00000cb4   0x00000cb4   0x0000004a   Code   RO          278    .text.ThreadFlagsCheck  RTX_CM0.lib(rtx_thread.o)
    0x00000cfe   0x00000cfe   0x00000002   PAD
    0x00000d00   0x00000d00   0x0000004c   Code   RO          368    .text.TimerInsert   RTX_CM0.lib(rtx_timer.o)
    0x00000d4c   0x00000d4c   0x0000002c   Code   RO           42    .text.UART2_IRQHandler  main.o
    0x00000d78   0x00000d78   0x0000002c   Code   RO            6    .text.__NVIC_ClearPendingIRQ  main.o
    0x00000da4   0x00000da4   0x0000002c   Code   RO            8    .text.__NVIC_EnableIRQ  main.o
    0x00000dd0   0x00000dd0   0x00000084   Code   RO            4    .text.__NVIC_SetPriority  main.o
    0x00000e54   0x00000e54   0x00000022   Code   RO           69    .text._mutex_acquire  rtx_lib.o
    0x00000e76   0x00000e76   0x00000012   Code   RO           73    .text._mutex_free   rtx_lib.o
    0x00000e88   0x00000e88   0x00000034   Code   RO           67    .text._mutex_initialize  rtx_lib.o
    0x00000ebc   0x00000ebc   0x0000001e   Code   RO           71    .text._mutex_release  rtx_lib.o
    0x00000eda   0x00000eda   0x00000008   Code   RO           61    .text._platform_post_stackheap_init  rtx_lib.o
    0x00000ee2   0x00000ee2   0x00000002   PAD
    0x00000ee4   0x00000ee4   0x00000054   Code   RO           28    .text.audioSong     main.o
    0x00000f38   0x00000f38   0x000000d8   Code   RO           38    .text.flashGreen    main.o
    0x00001010   0x00001010   0x00000114   Code   RO           36    .text.initLED       main.o
    0x00001124   0x00001124   0x00000100   Code   RO           20    .text.initMotors    main.o
    0x00001224   0x00001224   0x000000e8   Code   RO            2    .text.initUART2     main.o
    0x0000130c   0x0000130c   0x00000064   Code   RO           46    .text.main          main.o
    0x00001370   0x00001370   0x00000074   Code   RO           14    .text.moveBackward  main.o
    0x000013e4   0x000013e4   0x00000074   Code   RO           12    .text.moveForward   main.o
    0x00001458   0x00001458   0x00000078   Code   RO           16    .text.moveLeft      main.o
    0x000014d0   0x000014d0   0x00000078   Code   RO           18    .text.moveRight     main.o
    0x00001548   0x00001548   0x00000024   Code   RO           10    .text.moveStop      main.o
    0x0000156c   0x0000156c   0x00000038   Code   RO           32    .text.music         main.o
    0x000015a4   0x000015a4   0x00000028   Code   RO          334    .text.osDelay       RTX_CM0.lib(rtx_delay.o)
    0x000015cc   0x000015cc   0x00000030   Code   RO          142    .text.osKernelGetState  RTX_CM0.lib(rtx_kernel.o)
    0x000015fc   0x000015fc   0x00000028   Code   RO          136    .text.osKernelInitialize  RTX_CM0.lib(rtx_kernel.o)
    0x00001624   0x00001624   0x00000024   Code   RO          146    .text.osKernelStart  RTX_CM0.lib(rtx_kernel.o)
    0x00001648   0x00001648   0x00000074   Code   RO          511    .text.osMessageQueueGet  RTX_CM0.lib(rtx_msgqueue.o)
    0x000016bc   0x000016bc   0x00000074   Code   RO          509    .text.osMessageQueuePut  RTX_CM0.lib(rtx_msgqueue.o)
    0x00001730   0x00001730   0x00000028   Code   RO          400    .text.osMutexAcquire  RTX_CM0.lib(rtx_mutex.o)
    0x00001758   0x00001758   0x00000028   Code   RO          406    .text.osMutexDelete  RTX_CM0.lib(rtx_mutex.o)
    0x00001780   0x00001780   0x00000024   Code   RO          396    .text.osMutexNew    RTX_CM0.lib(rtx_mutex.o)
    0x000017a4   0x000017a4   0x00000028   Code   RO          402    .text.osMutexRelease  RTX_CM0.lib(rtx_mutex.o)
    0x000017cc   0x000017cc   0x00000040   Code   RO           99    .text.osRtxErrorNotify  rtx_config.o
    0x0000180c   0x0000180c   0x00000008   Code   RO           97    .text.osRtxIdleThread  rtx_config.o
    0x00001814   0x00001814   0x00000008   Code   RO          134    .text.osRtxKernelErrorNotify  RTX_CM0.lib(rtx_kernel.o)
    0x0000181c   0x0000181c   0x00000002   Code   RO          132    .text.osRtxKernelPreInit  RTX_CM0.lib(rtx_kernel.o)
    0x0000181e   0x0000181e   0x00000078   Code   RO          437    .text.osRtxMemoryAlloc  RTX_CM0.lib(rtx_memory.o)
    0x00001896   0x00001896   0x0000004e   Code   RO          439    .text.osRtxMemoryFree  RTX_CM0.lib(rtx_memory.o)
    0x000018e4   0x000018e4   0x0000002e   Code   RO          435    .text.osRtxMemoryInit  RTX_CM0.lib(rtx_memory.o)
    0x00001912   0x00001912   0x0000002a   Code   RO          451    .text.osRtxMemoryPoolAlloc  RTX_CM0.lib(rtx_mempool.o)
    0x0000193c   0x0000193c   0x00000036   Code   RO          453    .text.osRtxMemoryPoolFree  RTX_CM0.lib(rtx_mempool.o)
    0x00001972   0x00001972   0x0000003c   Code   RO          449    .text.osRtxMemoryPoolInit  RTX_CM0.lib(rtx_mempool.o)
    0x000019ae   0x000019ae   0x000000bc   Code   RO          533    .text.osRtxMessageQueuePostProcess  RTX_CM0.lib(rtx_msgqueue.o)
    0x00001a6a   0x00001a6a   0x00000002   PAD
    0x00001a6c   0x00001a6c   0x00000024   Code   RO          501    .text.osRtxMessageQueueTimerSetup  RTX_CM0.lib(rtx_msgqueue.o)
    0x00001a90   0x00001a90   0x00000044   Code   RO          392    .text.osRtxMutexOwnerRelease  RTX_CM0.lib(rtx_mutex.o)
    0x00001ad4   0x00001ad4   0x00000046   Code   RO          394    .text.osRtxMutexOwnerRestore  RTX_CM0.lib(rtx_mutex.o)
    0x00001b1a   0x00001b1a   0x00000002   PAD
    0x00001b1c   0x00001b1c   0x00000080   Code   RO          561    .text.osRtxPendSV_Handler  RTX_CM0.lib(rtx_system.o)
    0x00001b9c   0x00001b9c   0x0000006c   Code   RO          563    .text.osRtxPostProcess  RTX_CM0.lib(rtx_system.o)
    0x00001c08   0x00001c08   0x00000034   Code   RO          218    .text.osRtxThreadBlock  RTX_CM0.lib(rtx_thread.o)
    0x00001c3c   0x00001c3c   0x0000008c   Code   RO          226    .text.osRtxThreadDelayInsert  RTX_CM0.lib(rtx_thread.o)
    0x00001cc8   0x00001cc8   0x00000044   Code   RO          222    .text.osRtxThreadDelayRemove  RTX_CM0.lib(rtx_thread.o)
    0x00001d0c   0x00001d0c   0x00000054   Code   RO          210    .text.osRtxThreadDelayTick  RTX_CM0.lib(rtx_thread.o)
    0x00001d60   0x00001d60   0x00000028   Code   RO          310    .text.osRtxThreadDestroy  RTX_CM0.lib(rtx_thread.o)
    0x00001d88   0x00001d88   0x0000004c   Code   RO          216    .text.osRtxThreadDispatch  RTX_CM0.lib(rtx_thread.o)
    0x00001dd4   0x00001dd4   0x00000054   Code   RO          302    .text.osRtxThreadFree  RTX_CM0.lib(rtx_thread.o)
    0x00001e28   0x00001e28   0x00000020   Code   RO          308    .text.osRtxThreadJoinWakeup  RTX_CM0.lib(rtx_thread.o)
    0x00001e48   0x00001e48   0x00000014   Code   RO          202    .text.osRtxThreadListGet  RTX_CM0.lib(rtx_thread.o)
    0x00001e5c   0x00001e5c   0x0000002c   Code   RO          200    .text.osRtxThreadListPut  RTX_CM0.lib(rtx_thread.o)
    0x00001e88   0x00001e88   0x00000018   Code   RO          206    .text.osRtxThreadListRemove  RTX_CM0.lib(rtx_thread.o)
    0x00001ea0   0x00001ea0   0x00000024   Code   RO          204    .text.osRtxThreadListSort  RTX_CM0.lib(rtx_thread.o)
    0x00001ec4   0x00001ec4   0x00000026   Code   RO          276    .text.osRtxThreadPostProcess  RTX_CM0.lib(rtx_thread.o)
    0x00001eea   0x00001eea   0x00000002   PAD
    0x00001eec   0x00001eec   0x00000014   Code   RO          208    .text.osRtxThreadReadyPut  RTX_CM0.lib(rtx_thread.o)
    0x00001f00   0x00001f00   0x00000006   Code   RO          212    .text.osRtxThreadRegPtr  RTX_CM0.lib(rtx_thread.o)
    0x00001f06   0x00001f06   0x00000002   PAD
    0x00001f08   0x00001f08   0x0000003c   Code   RO          228    .text.osRtxThreadStartup  RTX_CM0.lib(rtx_thread.o)
    0x00001f44   0x00001f44   0x00000010   Code   RO          214    .text.osRtxThreadSwitch  RTX_CM0.lib(rtx_thread.o)
    0x00001f54   0x00001f54   0x00000040   Code   RO          224    .text.osRtxThreadWaitEnter  RTX_CM0.lib(rtx_thread.o)
    0x00001f94   0x00001f94   0x00000022   Code   RO          220    .text.osRtxThreadWaitExit  RTX_CM0.lib(rtx_thread.o)
    0x00001fb6   0x00001fb6   0x00000002   PAD
    0x00001fb8   0x00001fb8   0x00000080   Code   RO          559    .text.osRtxTick_Handler  RTX_CM0.lib(rtx_system.o)
    0x00002038   0x00002038   0x00000024   Code   RO          350    .text.osRtxTimerSetup  RTX_CM0.lib(rtx_timer.o)
    0x0000205c   0x0000205c   0x0000001c   Code   RO          354    .text.osRtxTimerThread  RTX_CM0.lib(rtx_timer.o)
    0x00002078   0x00002078   0x00000074   Code   RO          352    .text.osRtxTimerTick  RTX_CM0.lib(rtx_timer.o)
    0x000020ec   0x000020ec   0x0000000c   Code   RO          260    .text.osThreadExit  RTX_CM0.lib(rtx_thread.o)
    0x000020f8   0x000020f8   0x00000024   Code   RO          232    .text.osThreadNew   RTX_CM0.lib(rtx_thread.o)
    0x0000211c   0x0000211c   0x0000002c   Code   RO           65    .text.os_kernel_is_active  rtx_lib.o
    0x00002148   0x00002148   0x00000018   Code   RO          338    .text.svcRtxDelay   RTX_CM0.lib(rtx_delay.o)
    0x00002160   0x00002160   0x0000000c   Code   RO          144    .text.svcRtxKernelGetState  RTX_CM0.lib(rtx_kernel.o)
    0x0000216c   0x0000216c   0x00000140   Code   RO          174    .text.svcRtxKernelInitialize  RTX_CM0.lib(rtx_kernel.o)
    0x000022ac   0x000022ac   0x00000084   Code   RO          176    .text.svcRtxKernelStart  RTX_CM0.lib(rtx_kernel.o)
    0x00002330   0x00002330   0x000000cc   Code   RO          545    .text.svcRtxMessageQueueGet  RTX_CM0.lib(rtx_msgqueue.o)
    0x000023fc   0x000023fc   0x000001c0   Code   RO          503    .text.svcRtxMessageQueueNew  RTX_CM0.lib(rtx_msgqueue.o)
    0x000025bc   0x000025bc   0x000000b0   Code   RO          541    .text.svcRtxMessageQueuePut  RTX_CM0.lib(rtx_msgqueue.o)
    0x0000266c   0x0000266c   0x00000094   Code   RO          412    .text.svcRtxMutexAcquire  RTX_CM0.lib(rtx_mutex.o)
    0x00002700   0x00002700   0x000000b4   Code   RO          418    .text.svcRtxMutexDelete  RTX_CM0.lib(rtx_mutex.o)
    0x000027b4   0x000027b4   0x00000070   Code   RO          408    .text.svcRtxMutexNew  RTX_CM0.lib(rtx_mutex.o)
    0x00002824   0x00002824   0x000000bc   Code   RO          414    .text.svcRtxMutexRelease  RTX_CM0.lib(rtx_mutex.o)
    0x000028e0   0x000028e0   0x0000004c   Code   RO          306    .text.svcRtxThreadExit  RTX_CM0.lib(rtx_thread.o)
    0x0000292c   0x0000292c   0x000001fc   Code   RO          230    .text.svcRtxThreadNew  RTX_CM0.lib(rtx_thread.o)
    0x00002b28   0x00002b28   0x00000064   Code   RO           44    .text.tBrain        main.o
    0x00002b8c   0x00002b8c   0x000000b0   Code   RO          622    x$fpl$fmul          fz_ps.l(fmul.o)
    0x00002c3c   0x00002c3c   0x00000000   Code   RO          629    x$fpl$usenofp       fz_ps.l(usenofp.o)
    0x00002c3c   0x00002c3c   0x00000040   Data   RO          616    .constdata          fz_ps.l(fdiv.o)
    0x00002c7c   0x00002c7c   0x00000070   Data   RO           79    .rodata             rtx_lib.o
    0x00002cec   0x00002cec   0x00000038   Data   RO           82    .rodata             rtx_lib.o
    0x00002d24   0x00002d24   0x00000004   Data   RO           81    .rodata.osRtxUserSVC  rtx_lib.o
    0x00002d28   0x00002d28   0x00000024   Data   RO           76    .rodata.os_idle_thread_attr  rtx_lib.o
    0x00002d4c   0x00002d4c   0x00000018   Data   RO           78    .rodata.os_timer_mq_attr  rtx_lib.o
    0x00002d64   0x00002d64   0x00000024   Data   RO           77    .rodata.os_timer_thread_attr  rtx_lib.o
    0x00002d88   0x00002d88   0x0000000b   Data   RO          190    .rodata.str1.4      RTX_CM0.lib(rtx_kernel.o)
    0x00002d93   0x00002d93   0x00000001   PAD
    0x00002d94   0x00002d94   0x00000020   Data   RO          797    Region$$Table       anon$$obj.o


    Execution Region ER_RW (Exec base: 0x1ffff000, Load base: 0x00002db4, Size: 0x000001a8, Max: 0xffffffff, ABSOLUTE, COMPRESSED[0x0000004c])

    Exec Addr    Load Addr    Size         Type   Attr      Idx    E Section Name        Object

    0x1ffff000   COMPRESSED   0x00000004   Data   RW          124    .data.SystemCoreClock  system_mkl25z4.o
    0x1ffff004   COMPRESSED   0x000000a4   Data   RW          191    .data.os            RTX_CM0.lib(rtx_kernel.o)
    0x1ffff0a8   COMPRESSED   0x00000100   Data   RW           49    .data.songMain      main.o


    Execution Region ER_ZI (Exec base: 0x1ffff1a8, Load base: 0x00002e00, Size: 0x000086c0, Max: 0xffffffff, ABSOLUTE)

    Exec Addr    Load Addr    Size         Type   Attr      Idx    E Section Name        Object

    0x1ffff1a8        -       0x00000060   Zero   RW          661    .bss                c_p.l(libspace.o)
    0x1ffff208        -       0x00000004   Zero   RW           51    .bss.currNote       main.o
    0x1ffff20c        -       0x00000001   Zero   RW           52    .bss.data           main.o
    0x1ffff20d   0x00002e00   0x00000003   PAD
    0x1ffff210        -       0x00008040   Zero   RW           75    .bss.os             rtx_lib.o
    0x20007250        -       0x00000001   Zero   RW          591    .bss.os             RTX_CM0.lib(os_systick.o)
    0x20007251   0x00002e00   0x00000003   PAD
    0x20007254        -       0x00000034   Zero   RW           87    .bss.os.msgqueue.cb  rtx_lib.o
    0x20007288        -       0x00000050   Zero   RW           88    .bss.os.msgqueue.mem  rtx_lib.o
    0x200072d8        -       0x00000088   Zero   RW           84    .bss.os.thread.cb   rtx_lib.o
    0x20007360        -       0x00000200   Zero   RW           85    .bss.os.thread.idle.stack  rtx_lib.o
    0x20007560        -       0x00000200   Zero   RW           86    .bss.os.thread.timer.stack  rtx_lib.o
    0x20007760        -       0x00000001   Zero   RW           89    .bss.os_kernel_is_active.os_kernel_active  rtx_lib.o
    0x20007761   0x00002e00   0x00000007   PAD
    0x20007768        -       0x00000000   Zero   RW          108    HEAP                startup_mkl25z4.o
    0x20007768        -       0x00000100   Zero   RW          107    STACK               startup_mkl25z4.o


==============================================================================

Image component sizes


      Code (inc. data)   RO Data    RW Data    ZI Data      Debug   Object Name

      2256        312          0        256          5       7419   main.o
        72         20          0          0          0        741   rtx_config.o
       186          4        268          0      34125       7179   rtx_lib.o
        80         44        192          0        256        936   startup_mkl25z4.o
       864        100          0          4          0       3341   system_mkl25z4.o

    ----------------------------------------------------------------------
      3460        480        492        260      34396      19616   Object Totals
         0          0         32          0          0          0   (incl. Generated)
         2          0          0          0         10          0   (incl. Padding)

    ----------------------------------------------------------------------

      Code (inc. data)   RO Data    RW Data    ZI Data      Debug   Library Member Name

       164          8          0          0          0        658   irq_armv6m.o
       122         16          0          0          1       2812   os_systick.o
        64          4          0          0          0       2729   rtx_delay.o
       598         48         11        164          0      15793   rtx_kernel.o
       244          0          0          0          0       2665   rtx_memory.o
       156          0          0          0          0      14433   rtx_mempool.o
      1474         40          0          0          0      18183   rtx_msgqueue.o
       922         28          0          0          0       9527   rtx_mutex.o
       364         18          0          0          0       4871   rtx_system.o
      1644         52          0          0          0      31596   rtx_thread.o
       256         16          0          0          0       9965   rtx_timer.o
        86          0          0          0          0          0   __dczerorl2.o
         8          0          0          0          0         68   __main.o
         0          0          0          0          0          0   __rtentry.o
        20          0          0          0          0          0   __rtentry2.o
         6          0          0          0          0          0   __rtentry4.o
        86         10          0          0          0          0   __scatter.o
        28          0          0          0          0          0   __scatter_zi.o
       364          4          0          0          0         92   aeabi_sdiv.o
        16          0          0          0          0         68   exit.o
         6          0          0          0          0        136   heapauxi.o
         0          0          0          0          0          0   indicate_semi.o
         2          0          0          0          0          0   libinit.o
         2          0          0          0          0          0   libinit2.o
         2          0          0          0          0          0   libshutdown.o
         2          0          0          0          0          0   libshutdown2.o
         8          4          0          0         96         68   libspace.o
        64          0          0          0          0        108   rt_memclr.o
       186          0          0          0          0        144   rt_memcpy.o
         2          0          0          0          0          0   rtexit.o
        10          0          0          0          0          0   rtexit2.o
        12          4          0          0          0         60   sys_exit.o
        62          0          0          0          0         80   sys_stackheap_outer.o
         2          0          0          0          0         68   use_no_semi.o
       352         10         64          0          0         92   fdiv.o
        48          0          0          0          0         60   ffixui.o
        94          0          0          0          0         92   fflti.o
       176          4          0          0          0         80   fmul.o
         0          0          0          0          0          0   usenofp.o

    ----------------------------------------------------------------------
      7672        266         76        164        100     114448   Library Totals
        20          0          1          0          3          0   (incl. Padding)

    ----------------------------------------------------------------------

      Code (inc. data)   RO Data    RW Data    ZI Data      Debug   Library Name

      6008        230         11        164          1     113232   RTX_CM0.lib
       974         22          0          0         96        892   c_p.l
       670         14         64          0          0        324   fz_ps.l

    ----------------------------------------------------------------------
      7672        266         76        164        100     114448   Library Totals

    ----------------------------------------------------------------------

==============================================================================


      Code (inc. data)   RO Data    RW Data    ZI Data      Debug   

     11132        746        568        424      34496     133408   Grand Totals
     11132        746        568         76      34496     133408   ELF Image Totals (compressed)
     11132        746        568         76          0          0   ROM Totals

==============================================================================

    Total RO  Size (Code + RO Data)                11700 (  11.43kB)
    Total RW  Size (RW Data + ZI Data)             34920 (  34.10kB)
    Total ROM Size (Code + RO Data + RW Data)      11776 (  11.50kB)

==============================================================================

